******************************************************************************
                  TMS470 Linker PC v4.9.5                      
******************************************************************************
>> Linked Fri Mar 01 20:05:55 2013

OUTPUT FILE NAME:   <TissueTester.out>
ENTRY POINT SYMBOL: "_c_int00"  address: 00000249


MEMORY CONFIGURATION

         name            origin    length      used     unused   attr    fill
----------------------  --------  ---------  --------  --------  ----  --------
  FLASH                 00000000   00040000  00000362  0003fc9e  R  X
  SRAM                  20000000   00008000  0000011c  00007ee4  RW X


SEGMENT ALLOCATION MAP

run origin  load origin   length   init length attrs members
----------  ----------- ---------- ----------- ----- -------
00000000    00000000    00000368   00000368    r-x
  00000000    00000000    0000032a   0000032a    r-x .text
  00000330    00000330    00000038   00000038    r-- .cinit
20000000    20000000    00000100   00000000    rw-
  20000000    20000000    00000100   00000000    rw- .stack
20000100    20000100    0000001c   00000014    rw-
  20000100    20000100    00000014   00000014    rw- .data
  20000114    20000114    00000008   00000000    rw- .bss


SECTION ALLOCATION MAP

 output                                  attributes/
section   page    origin      length       input sections
--------  ----  ----------  ----------   ----------------
.text      0    00000000    0000032a     
                  00000000    0000009c     rtsv7M4_T_le_v4SPD16_eabi.lib : memcpy_t2.obj (.text)
                  0000009c    00000094                                   : auto_init.obj (.text)
                  00000130    0000006c     main.obj (.text)
                  0000019c    0000005e     rtsv7M4_T_le_v4SPD16_eabi.lib : copy_decompress_rle.obj (.text)
                  000001fa    00000002     --HOLE-- [fill = 0]
                  000001fc    0000004c                                   : cpy_tbl.obj (.text)
                  00000248    00000048                                   : boot.obj (.text)
                  00000290    00000044                                   : exit.obj (.text)
                  000002d4    00000018                                   : _lock.obj (.text)
                  000002ec    00000018                                   : args_main.obj (.text)
                  00000304    00000012                                   : copy_zero_init.obj (.text:decompress:ZI)
                  00000316    0000000e                                   : copy_decompress_none.obj (.text:decompress:none)
                  00000324    00000006                                   : copy_decompress_rle.obj (.text:decompress:rle24)

.cinit     0    00000330    00000038     
                  00000330    0000000f     (.cinit..data.load) [load image, compression = rle]
                  0000033f    00000001     --HOLE-- [fill = 0]
                  00000340    0000000c     (__TI_handler_table)
                  0000034c    00000004     --HOLE-- [fill = 0]
                  00000350    00000008     (.cinit..bss.load) [load image, compression = zero_init]
                  00000358    00000010     (__TI_cinit_table)

.stack     0    20000000    00000100     UNINITIALIZED
                  20000000    00000100     --HOLE--

.data      0    20000100    00000014     
                  20000100    00000008     rtsv7M4_T_le_v4SPD16_eabi.lib : _lock.obj (.data)
                  20000108    00000008                                   : exit.obj (.data)
                  20000110    00000004                                   : stkdepth_vars.obj (.data)

.bss       0    20000114    00000008     UNINITIALIZED
                  20000114    00000008     main.obj (.bss)


LINKER GENERATED COPY TABLES

__TI_cinit_table @ 00000358 records: 2, size/record: 8, table size: 16
	.data: load addr=00000330, load size=0000000f bytes, run addr=20000100, run size=00000014 bytes, compression=rle
	.bss: load addr=00000350, load size=00000008 bytes, run addr=20000114, run size=00000008 bytes, compression=zero_init


LINKER GENERATED HANDLER TABLE

__TI_handler_table @ 00000340 records: 3, size/record: 4, table size: 12
	index: 0, handler: __TI_decompress_rle24
	index: 1, handler: __TI_decompress_none
	index: 2, handler: __TI_zero_init


GLOBAL SYMBOLS: SORTED ALPHABETICALLY BY Name 

address    name
--------   ----
00000291   C$$EXIT
UNDEFED    SHT$$INIT_ARRAY$$Base
UNDEFED    SHT$$INIT_ARRAY$$Limit
UNDEFED    SysCtlClockSet
UNDEFED    SysCtlPeripheralEnable
UNDEFED    TimerConfigure
UNDEFED    TimerEnable
UNDEFED    TimerLoadSet
UNDEFED    TimerMatchSet
20000100   __STACK_END
00000100   __STACK_SIZE
20000100   __STACK_TOP
00000358   __TI_CINIT_Base
00000368   __TI_CINIT_Limit
00000340   __TI_Handler_Table_Base
0000034c   __TI_Handler_Table_Limit
00000001   __TI_args_main
0000009d   __TI_auto_init
00000317   __TI_decompress_none
00000325   __TI_decompress_rle24
00000000   __TI_static_base__
00000305   __TI_zero_init
00000001   __aeabi_memcpy
00000001   __aeabi_memcpy4
00000001   __aeabi_memcpy8
ffffffff   __binit__
ffffffff   __c_args__
20000000   __stack
000002ed   _args_main
00000249   _c_int00
20000108   _cleanup_ptr
2000010c   _dtors_ptr
20000100   _lock
000002e1   _nop
000002db   _register_lock
000002d5   _register_unlock
20000104   _unlock
00000295   abort
ffffffff   binit
000001fd   copy_in
20000114   dutyCycle
0000029d   exit
00000131   main
20000110   main_func_sp
00000001   memcpy
20000118   pwmPeriod
00000169   pwmSetDuty
0000013b   pwmSetup


GLOBAL SYMBOLS: SORTED BY Symbol Address 

address    name
--------   ----
00000000   __TI_static_base__
00000001   __TI_args_main
00000001   __aeabi_memcpy
00000001   __aeabi_memcpy4
00000001   __aeabi_memcpy8
00000001   memcpy
0000009d   __TI_auto_init
00000100   __STACK_SIZE
00000131   main
0000013b   pwmSetup
00000169   pwmSetDuty
000001fd   copy_in
00000249   _c_int00
00000291   C$$EXIT
00000295   abort
0000029d   exit
000002d5   _register_unlock
000002db   _register_lock
000002e1   _nop
000002ed   _args_main
00000305   __TI_zero_init
00000317   __TI_decompress_none
00000325   __TI_decompress_rle24
00000340   __TI_Handler_Table_Base
0000034c   __TI_Handler_Table_Limit
00000358   __TI_CINIT_Base
00000368   __TI_CINIT_Limit
20000000   __stack
20000100   __STACK_END
20000100   __STACK_TOP
20000100   _lock
20000104   _unlock
20000108   _cleanup_ptr
2000010c   _dtors_ptr
20000110   main_func_sp
20000114   dutyCycle
20000118   pwmPeriod
ffffffff   __binit__
ffffffff   __c_args__
ffffffff   binit
UNDEFED    SHT$$INIT_ARRAY$$Base
UNDEFED    SHT$$INIT_ARRAY$$Limit
UNDEFED    SysCtlClockSet
UNDEFED    SysCtlPeripheralEnable
UNDEFED    TimerConfigure
UNDEFED    TimerEnable
UNDEFED    TimerLoadSet
UNDEFED    TimerMatchSet

[48 symbols]
