******************************************************************************
                  TMS470 Linker PC v4.9.5                      
******************************************************************************
>> Linked Mon Jun 03 22:35:26 2013

OUTPUT FILE NAME:   <usb_dev_bulk.out>
ENTRY POINT SYMBOL: "_c_int00"  address: 00002a2d


MEMORY CONFIGURATION

         name            origin    length      used     unused   attr    fill
----------------------  --------  ---------  --------  --------  ----  --------
  FLASH                 00000000   00040000  00004efa  0003b106  R  X
  SRAM                  20000000   00008000  00001cd4  0000632c  RW X


SEGMENT ALLOCATION MAP

run origin  load origin   length   init length attrs members
----------  ----------- ---------- ----------- ----- -------
00000000    00000000    00004f00   00004f00    r-x
  00000000    00000000    0000026c   0000026c    r-- .intvecs
  0000026c    0000026c    000037d2   000037d2    r-x .text
  00003a40    00003a40    0000047c   0000047c    r-- .const
  00003ec0    00003ec0    00001040   00001040    r-- .cinit
20000000    20000000    00001cd4   000010b4    rw-
  20000000    20000000    000010b4   000010b4    rw- .data
  200010b4    200010b4    00000820   00000000    rw- .bss
  200018d4    200018d4    00000400   00000000    rw- .stack


SECTION ALLOCATION MAP

 output                                  attributes/
section   page    origin      length       input sections
--------  ----  ----------  ----------   ----------------
.intvecs   0    00000000    0000026c     
                  00000000    0000026c     startup_ccs.obj (.intvecs)

.init_array 
*          0    00000000    00000000     UNINITIALIZED

.text      0    0000026c    000037d2     
                  0000026c    000002c8     usb_dev_bulk.obj (.text:main)
                  00000534    0000023e     uartstdio.obj (.text:UARTprintf)
                  00000772    00000002     ADCSetup.obj (.text:ADCDisable)
                  00000774    000001e0     usb_dev_bulk.obj (.text:RxHandler)
                  00000954    000001d8     driverlib-cm4f.lib : sysctl.obj (.text:SysCtlClockGet)
                  00000b2c    000001c0     ADCSetup.obj (.text:ADCSetup)
                  00000cec    00000188     usblib-cm4f.lib : usbdconfig.obj (.text:USBDeviceConfig)
                  00000e74    00000160                     : usbdenum.obj (.text:USBDEP0StateTxConfig)
                  00000fd4    0000015c     uartstdio.obj (.text:UARTStdioIntHandler)
                  00001130    00000118     PID.obj (.text:PIDIntHandler)
                  00001248    000000f4     usblib-cm4f.lib : usbdenum.obj (.text:USBDCDInit)
                  0000133c    000000d4                     : usbdenum.obj (.text:USBDeviceEnumHandler)
                  00001410    000000d0                     : usbdenum.obj (.text:USBDGetDescriptor)
                  000014e0    000000c8     driverlib-cm4f.lib : gpio.obj (.text:GPIOPadConfigSet)
                  000015a8    000000bc     usblib-cm4f.lib : usbdconfig.obj (.text:USBDeviceConfigAlternate)
                  00001664    000000b8     accel.obj (.text:accelInit)
                  0000171c    000000b4     usblib-cm4f.lib : usbbuffer.obj (.text:HandleRxAvailable)
                  000017d0    000000a4     uartstdio.obj (.text:UARTStdioConfig)
                  00001874    000000a4     usblib-cm4f.lib : usbdenum.obj (.text:USBDeviceIntHandlerInternal)
                  00001918    000000a2                     : usbbuffer.obj (.text:ScheduleNextTransmission)
                  000019ba    0000009c     rtsv7M4_T_le_v4SPD16_eabi.lib : memcpy_t2.obj (.text)
                  00001a56    00000002     ADCSetup.obj (.text:ADCEnable)
                  00001a58    00000098     PWM.obj (.text:pwmSetDuty)
                  00001af0    00000094     driverlib-cm4f.lib : sysctl.obj (.text:SysCtlPeripheralReset)
                  00001b84    00000094     uartstdio.obj (.text:UARTwrite)
                  00001c18    00000094     PWM.obj (.text:pwmSetup)
                  00001cac    00000094     rtsv7M4_T_le_v4SPD16_eabi.lib : auto_init.obj (.text)
                  00001d40    0000008c     states.obj (.text:StateTransition)
                  00001dcc    00000084     usblib-cm4f.lib : usbdenum.obj (.text:USBDClearFeature)
                  00001e50    00000084                     : usbdenum.obj (.text:USBDSetConfiguration)
                  00001ed4    00000084                     : usbdenum.obj (.text:USBDSetInterface)
                  00001f58    00000080     uartstdio.obj (.text:UARTPrimeTransmit)
                  00001fd8    0000007e     rtsv7M4_T_le_v4SPD16_eabi.lib : fd_cmp_t2.obj (.text)
                  00002056    00000002     startup_ccs.obj (.text:FaultISR)
                  00002058    00000078     usblib-cm4f.lib : usbdenum.obj (.text:USBDGetStatus)
                  000020d0    00000076     driverlib-cm4f.lib : usb.obj (.text:USBDevEndpointConfigSet)
                  00002146    00000002     startup_ccs.obj (.text:IntDefaultHandler)
                  00002148    00000070     usblib-cm4f.lib : usbdbulk.obj (.text:USBDBulkCompositeInit)
                  000021b8    0000006c     driverlib-cm4f.lib : adc.obj (.text:ADCSequenceStepConfigure)
                  00002224    0000006c     usblib-cm4f.lib : usbdenum.obj (.text:USBDSetFeature)
                  00002290    00000068                     : usbdbulk.obj (.text:USBDBulkPacketRead)
                  000022f8    00000068                     : usbdenum.obj (.text:USBDEP0StateTx)
                  00002360    00000064     driverlib-cm4f.lib : interrupt.obj (.text:IntEnable)
                  000023c4    00000060     usblib-cm4f.lib : usbbuffer.obj (.text:USBBufferEventCallback)
                  00002424    0000005e     driverlib-cm4f.lib : usb.obj (.text:USBDevEndpointStatusClear)
                  00002482    0000005e     rtsv7M4_T_le_v4SPD16_eabi.lib : copy_decompress_rle.obj (.text)
                  000024e0    0000005c     usblib-cm4f.lib : usbdbulk.obj (.text:ProcessDataFromHost)
                  0000253c    00000058     usb_dev_bulk.obj (.text:SendPacket)
                  00002594    00000058     driverlib-cm4f.lib : sysctl.obj (.text:SysCtlPeripheralEnable)
                  000025ec    00000058     usblib-cm4f.lib : usbdenum.obj (.text:USBDReadAndDispatchRequest)
                  00002644    00000058                     : usbdenum.obj (.text:USBDStringIndexFromRequest)
                  0000269c    00000054                     : usbdconfig.obj (.text:GetEPDescriptorType)
                  000026f0    00000050                     : usbdcdesc.obj (.text:USBDCDConfigDescGet)
                  00002740    00000050     driverlib-cm4f.lib : usb.obj (.text:USBDevEndpointStallClear)
                  00002790    0000004e     usblib-cm4f.lib : usbdcdesc.obj (.text:ConfigAlternateInterfaceGet)
                  000027de    00000002     startup_ccs.obj (.text:NmiSR)
                  000027e0    0000004c     buttons.obj (.text:ButtonsInit)
                  0000282c    0000004c     rtsv7M4_T_le_v4SPD16_eabi.lib : cpy_tbl.obj (.text)
                  00002878    0000004a     usblib-cm4f.lib : usbdbulk.obj (.text:USBDBulkPacketWrite)
                  000028c2    00000002     --HOLE-- [fill = 0]
                  000028c4    00000048     ADCSetup.obj (.text:ADC0IntHandler)
                  0000290c    00000048     driverlib-cm4f.lib : gpio.obj (.text:GPIOPinConfigure)
                  00002954    00000048     PID.obj (.text:IPIDInit)
                  0000299c    00000048     PID.obj (.text:LVDTPIDInit)
                  000029e4    00000048     usblib-cm4f.lib : usbdenum.obj (.text:USBDeviceResumeTickHandler)
                  00002a2c    00000048     rtsv7M4_T_le_v4SPD16_eabi.lib : boot.obj (.text)
                  00002a74    00000046     driverlib-cm4f.lib : usb.obj (.text:USBFIFOConfigSet)
                  00002aba    00000002     --HOLE-- [fill = 0]
                  00002abc    00000044     PID.obj (.text:PIDInit)
                  00002b00    00000044     driverlib-cm4f.lib : ssi.obj (.text:SSIConfigSetExpClk)
                  00002b44    00000044     usblib-cm4f.lib : usbdenum.obj (.text:USBDGetInterface)
                  00002b88    00000044     driverlib-cm4f.lib : usb.obj (.text:USBEndpointDataGet)
                  00002bcc    00000044     rtsv7M4_T_le_v4SPD16_eabi.lib : exit.obj (.text)
                  00002c10    00000044     usb_dev_bulk.obj (.text:sizes)
                  00002c54    00000042     rtsv7M4_T_le_v4SPD16_eabi.lib : u_divt2.obj (.text)
                  00002c96    00000002     --HOLE-- [fill = 0]
                  00002c98    00000040     usb_dev_bulk.obj (.text:SysTickIntHandler)
                  00002cd8    00000040     trajectory.obj (.text:initTrajectoryTimerInt)
                  00002d18    0000003e     usblib-cm4f.lib : usbdconfig.obj (.text:GetEndpointFIFOSize)
                  00002d56    00000002     --HOLE-- [fill = 0]
                  00002d58    0000003c     trajectory.obj (.text:setTrajectoryHandler)
                  00002d94    0000003a     usblib-cm4f.lib : usbdcdesc.obj (.text:USBDCDConfigGetInterfaceEndpoint)
                  00002dce    00000002     --HOLE-- [fill = 0]
                  00002dd0    00000038     ADCSetup.obj (.text:ADC1IntHandler)
                  00002e08    00000038     uartstdio.obj (.text:UARTFlushTx)
                  00002e40    00000038     usblib-cm4f.lib : usbdenum.obj (.text:USBDGetConfiguration)
                  00002e78    00000038     driverlib-cm4f.lib : usb.obj (.text:USBIntStatusControl)
                  00002eb0    00000036     usblib-cm4f.lib : usbdcdesc.obj (.text:NextConfigDescGet)
                  00002ee6    00000036     driverlib-cm4f.lib : usb.obj (.text:USBDevEndpointStall)
                  00002f1c    00000036     usblib-cm4f.lib : usbringbuf.obj (.text:USBRingBufAdvanceWrite)
                  00002f52    00000002     --HOLE-- [fill = 0]
                  00002f54    00000034                     : usbtick.obj (.text:InternalUSBStartOfFrameTick)
                  00002f88    00000032                     : usbdenum.obj (.text:USBDeviceEnumResetHandler)
                  00002fba    00000030                     : usbdbulk.obj (.text:HandleEndpoints)
                  00002fea    00000002     --HOLE-- [fill = 0]
                  00002fec    00000030                     : usbtick.obj (.text:InternalUSBTickInit)
                  0000301c    00000030     driverlib-cm4f.lib : usb.obj (.text:USBEndpointDataPut)
                  0000304c    0000002e                        : gpio.obj (.text:GPIODirModeSet)
                  0000307a    0000002e                        : usb.obj (.text:USBEndpointDataSend)
                  000030a8    0000002e     rtsv7M4_T_le_v4SPD16_eabi.lib : i_tofd_t2.obj (.text)
                  000030d6    00000002     --HOLE-- [fill = 0]
                  000030d8    0000002c     usblib-cm4f.lib : usbtick.obj (.text:InternalUSBRegisterTickHandler)
                  00003104    0000002c                     : usbdbulk.obj (.text:ProcessDataToHost)
                  00003130    0000002c     uartstdio.obj (.text:UARTFlushRx)
                  0000315c    0000002c     usblib-cm4f.lib : usbdcdesc.obj (.text:USBDCDConfigDescGetNum)
                  00003188    0000002c                     : usbdesc.obj (.text:USBDescGet)
                  000031b4    0000002a     driverlib-cm4f.lib : adc.obj (.text:ADCSequenceConfigure)
                  000031de    0000002a     usblib-cm4f.lib : usbdbulk.obj (.text:HandleDevice)
                  00003208    00000028     driverlib-cm4f.lib : timer.obj (.text:TimerConfigure)
                  00003230    00000028     usblib-cm4f.lib : usbdesc.obj (.text:USBDescGetNum)
                  00003258    00000028     driverlib-cm4f.lib : usb.obj (.text:USBIntEnableControl)
                  00003280    00000028     usblib-cm4f.lib : usbringbuf.obj (.text:UpdateIndexAtomic)
                  000032a8    00000028     trajectory.obj (.text:trajectoryEnable)
                  000032d0    00000024     usblib-cm4f.lib : usbbuffer.obj (.text:HandleRequestBuffer)
                  000032f4    00000024     driverlib-cm4f.lib : interrupt.obj (.text:IntPrioritySet)
                  00003318    00000024     usblib-cm4f.lib : usbbuffer.obj (.text:USBBufferRead)
                  0000333c    00000024                     : usbdenum.obj (.text:USBDSetAddress)
                  00003360    00000024     driverlib-cm4f.lib : usb.obj (.text:USBDevEndpointDataAck)
                  00003384    00000024     PID.obj (.text:eStopHandler)
                  000033a8    00000024     PID.obj (.text:setController)
                  000033cc    00000022     usblib-cm4f.lib : usbdbulk.obj (.text:BulkTickHandler)
                  000033ee    00000020     driverlib-cm4f.lib : adc.obj (.text:ADCSequenceDataGet)
                  0000340e    00000002     --HOLE-- [fill = 0]
                  00003410    00000020                        : sysctl.obj (.text:SysCtlADCSpeedSet)
                  00003430    00000020     uartstdio.obj (.text:UARTStdioInit)
                  00003450    00000020     usblib-cm4f.lib : usbmode.obj (.text:USBStackModeSet)
                  00003470    00000020     trajectory.obj (.text:setTrajectoryTimer)
                  00003490    0000001e     usblib-cm4f.lib : usbbuffer.obj (.text:HandleDataRemaining)
                  000034ae    0000001e                     : usbdbulk.obj (.text:USBDBulkRxPacketAvailable)
                  000034cc    0000001e     driverlib-cm4f.lib : usb.obj (.text:USBEndpointDataAvail)
                  000034ea    0000001e     usblib-cm4f.lib : usbringbuf.obj (.text:USBRingBufAdvanceRead)
                  00003508    0000001e     PID.obj (.text:roundNum)
                  00003526    0000001c     usblib-cm4f.lib : usbdbulk.obj (.text:HandleConfigChange)
                  00003542    0000001c                     : usbdbulk.obj (.text:HandleDisconnect)
                  0000355e    0000001c                     : usbdbulk.obj (.text:SetDeferredOpFlag)
                  0000357a    0000001c                     : usbdbulk.obj (.text:USBDBulkInit)
                  00003596    0000001c                     : usbdcdesc.obj (.text:USBDCDConfigGetInterface)
                  000035b2    00000002     --HOLE-- [fill = 0]
                  000035b4    0000001c                     : usbdenum.obj (.text:USBDCDStallEP0)
                  000035d0    0000001c                     : usbringbuf.obj (.text:USBRingBufContigFree)
                  000035ec    0000001a                     : usbringbuf.obj (.text:USBRingBufRead)
                  00003606    0000001a                     : usbringbuf.obj (.text:USBRingBufReadOne)
                  00003620    0000001a                     : usbringbuf.obj (.text:USBRingBufWrite)
                  0000363a    00000018     driverlib-cm4f.lib : timer.obj (.text:TimerControlTrigger)
                  00003652    00000002     --HOLE-- [fill = 0]
                  00003654    00000018     usblib-cm4f.lib : usbdhandler.obj (.text:USB0DeviceIntHandler)
                  0000366c    00000018                     : usbdcdesc.obj (.text:USBDCDConfigDescGetSize)
                  00003684    00000018                     : usbdenum.obj (.text:USBDSetDescriptor)
                  0000369c    00000018                     : usbdenum.obj (.text:USBDSyncFrame)
                  000036b4    00000018     rtsv7M4_T_le_v4SPD16_eabi.lib : _lock.obj (.text)
                  000036cc    00000018                                   : args_main.obj (.text)
                  000036e4    00000016     usblib-cm4f.lib : usbbuffer.obj (.text:USBBufferInit)
                  000036fa    00000016     driverlib-cm4f.lib : usb.obj (.text:USBHostResume)
                  00003710    00000016                        : usb.obj (.text:USBIndexWrite)
                  00003726    00000016     usblib-cm4f.lib : usbringbuf.obj (.text:USBRingBufUsed)
                  0000373c    00000014     driverlib-cm4f.lib : timer.obj (.text:TimerDisable)
                  00003750    00000014     usb_dev_bulk.obj (.text:TxHandler)
                  00003764    00000014     driverlib-cm4f.lib : usb.obj (.text:USBIntEnableEndpoint)
                  00003778    00000014     usblib-cm4f.lib : usbringbuf.obj (.text:USBRingBufContigUsed)
                  0000378c    00000014                     : usbringbuf.obj (.text:USBRingBufFlush)
                  000037a0    00000012     driverlib-cm4f.lib : adc.obj (.text:ADCHardwareOversampleConfigure)
                  000037b2    00000012                        : gpio.obj (.text:GPIOPinTypeADC)
                  000037c4    00000012                        : gpio.obj (.text:GPIOPinTypeGPIOOutput)
                  000037d6    00000012                        : gpio.obj (.text:GPIOPinTypeSSI)
                  000037e8    00000012                        : gpio.obj (.text:GPIOPinTypeTimer)
                  000037fa    00000012     usblib-cm4f.lib : usbdbulk.obj (.text:HandleResume)
                  0000380c    00000012                     : usbdbulk.obj (.text:HandleSuspend)
                  0000381e    00000012                     : usbbuffer.obj (.text:HandleTxComplete)
                  00003830    00000012     driverlib-cm4f.lib : ssi.obj (.text:SSIDataGetNonBlocking)
                  00003842    00000012                        : timer.obj (.text:TimerLoadSet)
                  00003854    00000012                        : timer.obj (.text:TimerMatchSet)
                  00003866    00000012                        : usb.obj (.text:USBEndpointStatus)
                  00003878    00000012     usblib-cm4f.lib : usbringbuf.obj (.text:USBRingBufFree)
                  0000388a    00000012                     : usbringbuf.obj (.text:USBRingBufWriteOne)
                  0000389c    00000012     rtsv7M4_T_le_v4SPD16_eabi.lib : copy_zero_init.obj (.text:decompress:ZI)
                  000038ae    00000010     driverlib-cm4f.lib : adc.obj (.text:ADCIntEnable)
                  000038be    00000002     --HOLE-- [fill = 0]
                  000038c0    00000010                        : sysctl.obj (.text:SysCtlUSBPLLEnable)
                  000038d0    00000010     usblib-cm4f.lib : usbdbulk.obj (.text:USBDBulkTxPacketAvailable)
                  000038e0    0000000e     driverlib-cm4f.lib : adc.obj (.text:ADCSequenceDisable)
                  000038ee    0000000e                        : adc.obj (.text:ADCSequenceEnable)
                  000038fc    0000000e                        : timer.obj (.text:TimerEnable)
                  0000390a    0000000e     rtsv7M4_T_le_v4SPD16_eabi.lib : copy_decompress_none.obj (.text:decompress:none)
                  00003918    0000000c     driverlib-cm4f.lib : cpu.obj (.text:CPUcpsid)
                  00003924    0000000c                        : cpu.obj (.text:CPUcpsie)
                  00003930    0000000c     PID.obj (.text:PIDDisable)
                  0000393c    0000000c     PID.obj (.text:PIDEnable)
                  00003948    0000000c     driverlib-cm4f.lib : usb.obj (.text:USBIntStatusEndpoint)
                  00003954    0000000c     usblib-cm4f.lib : usbringbuf.obj (.text:USBRingBufInit)
                  00003960    0000000c     PWM.obj (.text:pwmDisable)
                  0000396c    0000000c     PWM.obj (.text:pwmEnable)
                  00003978    0000000c     trajectory.obj (.text:setTrajectoryElement)
                  00003984    0000000c     trajectory.obj (.text:trajectoryDisable)
                  00003990    0000000c     ADCSetup.obj (.text:zeroLVDT)
                  0000399c    0000000a     driverlib-cm4f.lib : adc.obj (.text:ADCIntClear)
                  000039a6    0000000a                        : gpio.obj (.text:GPIOPinRead)
                  000039b0    0000000a                        : gpio.obj (.text:GPIOPinWrite)
                  000039ba    0000000a                        : interrupt.obj (.text:IntMasterDisable)
                  000039c4    0000000a                        : interrupt.obj (.text:IntMasterEnable)
                  000039ce    0000000a                        : ssi.obj (.text:SSIDataPut)
                  000039d8    0000000a                        : ssi.obj (.text:SSIEnable)
                  000039e2    0000000a                        : timer.obj (.text:TimerIntDisable)
                  000039ec    0000000a                        : usb.obj (.text:USBDevConnect)
                  000039f6    0000000a                        : usb.obj (.text:USBDevDisconnect)
                  00003a00    00000008                        : timer.obj (.text:TimerIntEnable)
                  00003a08    00000008                        : usb.obj (.text:USBDevMode)
                  00003a10    00000008                        : usb.obj (.text:USBOTGMode)
                  00003a18    00000006                        : gpio.obj (.text:GPIOPinIntClear)
                  00003a1e    00000006     startup_ccs.obj (.text:ResetISR)
                  00003a24    00000006     driverlib-cm4f.lib : sysctl.obj (.text:SysCtlDelay)
                  00003a2a    00000006     usblib-cm4f.lib : usbbuffer.obj (.text:USBBufferFlush)
                  00003a30    00000006     rtsv7M4_T_le_v4SPD16_eabi.lib : copy_decompress_rle.obj (.text:decompress:rle24)
                  00003a36    00000004     driverlib-cm4f.lib : timer.obj (.text:TimerIntClear)
                  00003a3a    00000004                        : usb.obj (.text:USBDevAddrSet)

.const     0    00003a40    0000047c     
                  00003a40    0000009c     driverlib-cm4f.lib : interrupt.obj (.const:g_pulRegs)
                  00003adc    00000078                        : gpio.obj (.const:g_pulGPIOBaseAddrs)
                  00003b54    00000078     usblib-cm4f.lib : usbdenum.obj (.const:g_sUSBDefaultFIFOConfig)
                  00003bcc    00000070     driverlib-cm4f.lib : interrupt.obj (.const)
                  00003c3c    0000006c                        : sysctl.obj (.const:g_pulXtals)
                  00003ca8    00000040                        : sysctl.obj (.const)
                  00003ce8    00000034     usblib-cm4f.lib : usbdenum.obj (.const:g_psUSBDStdRequests)
                  00003d1c    00000034                     : usbdbulk.obj (.const)
                  00003d50    00000030     usb_bulk_structs.obj (.const:g_pConfigString)
                  00003d80    00000030     usb_bulk_structs.obj (.const)
                  00003db0    00000028     usb_bulk_structs.obj (.const:g_pDataInterfaceString)
                  00003dd8    00000028     usb_bulk_structs.obj (.const:g_pProductString)
                  00003e00    00000028     uartstdio.obj (.const)
                  00003e28    00000026     usb_bulk_structs.obj (.const:g_pManufacturerString)
                  00003e4e    00000002     --HOLE-- [fill = 0]
                  00003e50    00000024     usb_bulk_structs.obj (.const:g_sBulkDevice)
                  00003e74    00000024     usb_bulk_structs.obj (.const:g_sRxBuffer)
                  00003e98    00000024     usb_bulk_structs.obj (.const:g_sTxBuffer)

.cinit     0    00003ec0    00001040     
                  00003ec0    00001017     (.cinit..data.load) [load image, compression = rle]
                  00004ed7    00000001     --HOLE-- [fill = 0]
                  00004ed8    0000000c     (__TI_handler_table)
                  00004ee4    00000004     --HOLE-- [fill = 0]
                  00004ee8    00000008     (.cinit..bss.load) [load image, compression = zero_init]
                  00004ef0    00000010     (__TI_cinit_table)

.data      0    20000000    000010b4     
                  20000000    00000fa0     trajectory.obj (.data:trajectoryD)
                  20000fa0    0000004c     usblib-cm4f.lib : usbdbulk.obj (.data:g_sBulkDeviceInfo)
                  20000fec    00000035     usb_dev_bulk.obj (.data)
                  20001021    00000003     --HOLE--
                  20001024    00000024     usblib-cm4f.lib : usbdbulk.obj (.data)
                  20001048    00000015     uartstdio.obj (.data)
                  2000105d    00000003     --HOLE--
                  20001060    00000010     PID.obj (.data)
                  20001070    0000000c     trajectory.obj (.data)
                  2000107c    0000000c     usblib-cm4f.lib : usbtick.obj (.data)
                  20001088    00000009                     : usbmode.obj (.data)
                  20001091    00000003     --HOLE--
                  20001094    00000008     rtsv7M4_T_le_v4SPD16_eabi.lib : _lock.obj (.data)
                  2000109c    00000008                                   : exit.obj (.data)
                  200010a4    00000004     PWM.obj (.data)
                  200010a8    00000004     rtsv7M4_T_le_v4SPD16_eabi.lib : stkdepth_vars.obj (.data)
                  200010ac    00000004     states.obj (.data)
                  200010b0    00000004     usblib-cm4f.lib : usbdenum.obj (.data)

.bss       0    200010b4    00000820     UNINITIALIZED
                  200010b4    00000400     uartstdio.obj (.bss:g_pcUARTTxBuffer)
                  200014b4    00000100     usb_bulk_structs.obj (.bss:g_pucUSBRxBuffer)
                  200015b4    00000100     usb_bulk_structs.obj (.bss:g_pucUSBTxBuffer)
                  200016b4    00000080     uartstdio.obj (.bss:g_pcUARTRxBuffer)
                  20001734    00000054     usblib-cm4f.lib : usbdenum.obj (.bss:g_psUSBDevice)
                  20001788    00000048     usb_bulk_structs.obj (.bss)
                  200017d0    00000040     usblib-cm4f.lib : usbdenum.obj (.bss:g_pucDataBufferIn)
                  20001810    00000030                     : usbtick.obj (.bss)
                  20001840    00000028     PID.obj (.bss:IController)
                  20001868    00000028     PID.obj (.bss:LVDTController)
                  20001890    00000010     usb_dev_bulk.obj (.bss)
                  200018a0    0000000c     ADCSetup.obj (.bss)
                  200018ac    0000000c     accel.obj (.bss)
                  200018b8    0000000c     usblib-cm4f.lib : usbmode.obj (.bss)
                  200018c4    00000008     uartstdio.obj (.bss)
                  200018cc    00000004     PID.obj (.bss)
                  200018d0    00000004     PWM.obj (.bss)

.stack     0    200018d4    00000400     UNINITIALIZED
                  200018d4    00000400     --HOLE--


LINKER GENERATED COPY TABLES

__TI_cinit_table @ 00004ef0 records: 2, size/record: 8, table size: 16
	.data: load addr=00003ec0, load size=00001017 bytes, run addr=20000000, run size=000010b4 bytes, compression=rle
	.bss: load addr=00004ee8, load size=00000008 bytes, run addr=200010b4, run size=00000820 bytes, compression=zero_init


LINKER GENERATED HANDLER TABLE

__TI_handler_table @ 00004ed8 records: 3, size/record: 4, table size: 12
	index: 0, handler: __TI_decompress_rle24
	index: 1, handler: __TI_decompress_none
	index: 2, handler: __TI_zero_init


GLOBAL SYMBOLS: SORTED ALPHABETICALLY BY Name 

address    name
--------   ----
000028c5   ADC0IntHandler
00002dd1   ADC1IntHandler
00000773   ADCDisable
00001a57   ADCEnable
000037a1   ADCHardwareOversampleConfigure
0000399d   ADCIntClear
000038af   ADCIntEnable
000031b5   ADCSequenceConfigure
000033ef   ADCSequenceDataGet
000038e1   ADCSequenceDisable
000038ef   ADCSequenceEnable
000021b9   ADCSequenceStepConfigure
00000b2d   ADCSetup
200018a0   ADCtemp
20000fec   ButtonStatus
000027e1   ButtonsInit
00002bcd   C$$EXIT
00003919   CPUcpsid
00003925   CPUcpsie
20001064   Controller
0000304d   GPIODirModeSet
000014e1   GPIOPadConfigSet
0000290d   GPIOPinConfigure
00003a19   GPIOPinIntClear
000039a7   GPIOPinRead
000037b3   GPIOPinTypeADC
000037c5   GPIOPinTypeGPIOOutput
000037d7   GPIOPinTypeSSI
000037e9   GPIOPinTypeTimer
000039b1   GPIOPinWrite
20001840   IController
00002955   IPIDInit
00002361   IntEnable
000039bb   IntMasterDisable
000039c5   IntMasterEnable
000032f5   IntPrioritySet
000030d9   InternalUSBRegisterTickHandler
00002f55   InternalUSBStartOfFrameTick
00002fed   InternalUSBTickInit
20001868   LVDTController
0000299d   LVDTPIDInit
20001060   LVDTPIDOutput
00003931   PIDDisable
0000393d   PIDEnable
00002abd   PIDInit
00001131   PIDIntHandler
00003a1f   ResetISR
00000775   RxHandler
UNDEFED    SHT$$INIT_ARRAY$$Base
UNDEFED    SHT$$INIT_ARRAY$$Limit
00002b01   SSIConfigSetExpClk
00003831   SSIDataGetNonBlocking
000039cf   SSIDataPut
000039d9   SSIEnable
0000253d   SendPacket
00001d41   StateTransition
00003411   SysCtlADCSpeedSet
00000955   SysCtlClockGet
00003a25   SysCtlDelay
00002595   SysCtlPeripheralEnable
00001af1   SysCtlPeripheralReset
000038c1   SysCtlUSBPLLEnable
00002c99   SysTickIntHandler
00003209   TimerConfigure
0000363b   TimerControlTrigger
0000373d   TimerDisable
000038fd   TimerEnable
00003a37   TimerIntClear
000039e3   TimerIntDisable
00003a01   TimerIntEnable
00003843   TimerLoadSet
00003855   TimerMatchSet
00003751   TxHandler
00003131   UARTFlushRx
00002e09   UARTFlushTx
000017d1   UARTStdioConfig
00003431   UARTStdioInit
00000fd5   UARTStdioIntHandler
00000535   UARTprintf
00001b85   UARTwrite
00003655   USB0DeviceIntHandler
000023c5   USBBufferEventCallback
00003a2b   USBBufferFlush
000036e5   USBBufferInit
00003319   USBBufferRead
00002149   USBDBulkCompositeInit
0000357b   USBDBulkInit
00002291   USBDBulkPacketRead
00002879   USBDBulkPacketWrite
000034af   USBDBulkRxPacketAvailable
000038d1   USBDBulkTxPacketAvailable
000026f1   USBDCDConfigDescGet
0000315d   USBDCDConfigDescGetNum
0000366d   USBDCDConfigDescGetSize
00003597   USBDCDConfigGetInterface
00002d95   USBDCDConfigGetInterfaceEndpoint
00001249   USBDCDInit
000035b5   USBDCDStallEP0
00003189   USBDescGet
00003231   USBDescGetNum
00003a3b   USBDevAddrSet
000039ed   USBDevConnect
000039f7   USBDevDisconnect
000020d1   USBDevEndpointConfigSet
00003361   USBDevEndpointDataAck
00002ee7   USBDevEndpointStall
00002741   USBDevEndpointStallClear
00002425   USBDevEndpointStatusClear
00003a09   USBDevMode
00000ced   USBDeviceConfig
000015a9   USBDeviceConfigAlternate
0000133d   USBDeviceEnumHandler
00002f89   USBDeviceEnumResetHandler
00001875   USBDeviceIntHandlerInternal
000029e5   USBDeviceResumeTickHandler
000034cd   USBEndpointDataAvail
00002b89   USBEndpointDataGet
0000301d   USBEndpointDataPut
0000307b   USBEndpointDataSend
00003867   USBEndpointStatus
00002a75   USBFIFOConfigSet
000036fb   USBHostResume
00003259   USBIntEnableControl
00003765   USBIntEnableEndpoint
00002e79   USBIntStatusControl
00003949   USBIntStatusEndpoint
00003a11   USBOTGMode
000034eb   USBRingBufAdvanceRead
00002f1d   USBRingBufAdvanceWrite
000035d1   USBRingBufContigFree
00003779   USBRingBufContigUsed
0000378d   USBRingBufFlush
00003879   USBRingBufFree
00003955   USBRingBufInit
000035ed   USBRingBufRead
00003607   USBRingBufReadOne
00003727   USBRingBufUsed
00003621   USBRingBufWrite
0000388b   USBRingBufWriteOne
00003451   USBStackModeSet
20001cd4   __STACK_END
00000400   __STACK_SIZE
20001cd4   __STACK_TOP
00004ef0   __TI_CINIT_Base
00004f00   __TI_CINIT_Limit
00004ed8   __TI_Handler_Table_Base
00004ee4   __TI_Handler_Table_Limit
00000001   __TI_args_main
00001cad   __TI_auto_init
0000390b   __TI_decompress_none
00003a31   __TI_decompress_rle24
00000000   __TI_static_base__
0000389d   __TI_zero_init
00001fd9   __aeabi_cdcmpeq
00001fd9   __aeabi_cdcmple
000030a9   __aeabi_i2d
000019bb   __aeabi_memcpy
000019bb   __aeabi_memcpy4
000019bb   __aeabi_memcpy8
00002c55   __aeabi_uidivmod
ffffffff   __binit__
ffffffff   __c_args__
200018d4   __stack
000036cd   _args_main
00002a2d   _c_int00
2000109c   _cleanup_ptr
200010a0   _dtors_ptr
20001094   _lock
000036c1   _nop
000036bb   _register_lock
000036b5   _register_unlock
20001098   _unlock
00002bd1   abort
200018ac   accel
00001665   accelInit
ffffffff   binit
0000282d   copy_in
20001070   count
00003385   eStopHandler
00002bd9   exit
2000106c   freq
200010a4   gDuty
2000107c   g_bUSBTimerInitialized
200018bc   g_eOTGModeState
20001088   g_eUSBMode
00003d4c   g_pBulkConfigDescriptors
20001036   g_pBulkDescriptor
20001024   g_pBulkDeviceDescriptor
00003d1c   g_pBulkInterface
00003d50   g_pConfigString
00003db0   g_pDataInterfaceString
00003d80   g_pLangDescriptor
00003e28   g_pManufacturerString
00003dd8   g_pProductString
00003d84   g_pSerialNumberString
00003d98   g_pStringDescriptors
2000189c   g_pcStatus
20001810   g_pfTickHandlers
00000000   g_pfnVectors
20001040   g_psBulkSections
20001734   g_psUSBDevice
200017a0   g_pucRxBufferWorkspace
200017b8   g_pucTxBufferWorkspace
200014b4   g_pucUSBRxBuffer
200015b4   g_pucUSBTxBuffer
20001828   g_pvTickInstance
00003d44   g_sBulkConfigHeader
00003d34   g_sBulkConfigSection
00003e50   g_sBulkDevice
20000fa0   g_sBulkDeviceInfo
20001788   g_sBulkInstance
00003d3c   g_sBulkInterfaceSection
00003e74   g_sRxBuffer
00003e98   g_sTxBuffer
00003b54   g_sUSBDefaultFIFOConfig
20001080   g_ulCurrentUSBTick
2000101c   g_ulFlags
200018b8   g_ulPollRate
20001018   g_ulRxCount
20001010   g_ulSysTickCount
20001014   g_ulTxCount
20001084   g_ulUSBSOFCount
2000108c   g_ulWaitTicks
00002cd9   initTrajectoryTimerInt
0000026d   main
200010a8   main_func_sp
000019bb   memcpy
20000ff0   packet
20001898   pvinstance1
00003961   pwmDisable
0000396d   pwmEnable
200018d0   pwmPeriod
00001a59   pwmSetDuty
00001c19   pwmSetup
00003509   roundNum
000033a9   setController
200018cc   setPoint
00003979   setTrajectoryElement
00002d59   setTrajectoryHandler
00003471   setTrajectoryTimer
00002c11   sizes
200010ac   state
20001068   t
20001078   trajectory1
20000000   trajectoryD
00003985   trajectoryDisable
000032a9   trajectoryEnable
20001074   trajectorySource
20001890   ulCurrent
200018b0   ulDataRx
20001894   ulLVDT
200018a8   ulLVDTZero
00003991   zeroLVDT


GLOBAL SYMBOLS: SORTED BY Symbol Address 

address    name
--------   ----
00000000   __TI_static_base__
00000000   g_pfnVectors
00000001   __TI_args_main
0000026d   main
00000400   __STACK_SIZE
00000535   UARTprintf
00000773   ADCDisable
00000775   RxHandler
00000955   SysCtlClockGet
00000b2d   ADCSetup
00000ced   USBDeviceConfig
00000fd5   UARTStdioIntHandler
00001131   PIDIntHandler
00001249   USBDCDInit
0000133d   USBDeviceEnumHandler
000014e1   GPIOPadConfigSet
000015a9   USBDeviceConfigAlternate
00001665   accelInit
000017d1   UARTStdioConfig
00001875   USBDeviceIntHandlerInternal
000019bb   __aeabi_memcpy
000019bb   __aeabi_memcpy4
000019bb   __aeabi_memcpy8
000019bb   memcpy
00001a57   ADCEnable
00001a59   pwmSetDuty
00001af1   SysCtlPeripheralReset
00001b85   UARTwrite
00001c19   pwmSetup
00001cad   __TI_auto_init
00001d41   StateTransition
00001fd9   __aeabi_cdcmpeq
00001fd9   __aeabi_cdcmple
000020d1   USBDevEndpointConfigSet
00002149   USBDBulkCompositeInit
000021b9   ADCSequenceStepConfigure
00002291   USBDBulkPacketRead
00002361   IntEnable
000023c5   USBBufferEventCallback
00002425   USBDevEndpointStatusClear
0000253d   SendPacket
00002595   SysCtlPeripheralEnable
000026f1   USBDCDConfigDescGet
00002741   USBDevEndpointStallClear
000027e1   ButtonsInit
0000282d   copy_in
00002879   USBDBulkPacketWrite
000028c5   ADC0IntHandler
0000290d   GPIOPinConfigure
00002955   IPIDInit
0000299d   LVDTPIDInit
000029e5   USBDeviceResumeTickHandler
00002a2d   _c_int00
00002a75   USBFIFOConfigSet
00002abd   PIDInit
00002b01   SSIConfigSetExpClk
00002b89   USBEndpointDataGet
00002bcd   C$$EXIT
00002bd1   abort
00002bd9   exit
00002c11   sizes
00002c55   __aeabi_uidivmod
00002c99   SysTickIntHandler
00002cd9   initTrajectoryTimerInt
00002d59   setTrajectoryHandler
00002d95   USBDCDConfigGetInterfaceEndpoint
00002dd1   ADC1IntHandler
00002e09   UARTFlushTx
00002e79   USBIntStatusControl
00002ee7   USBDevEndpointStall
00002f1d   USBRingBufAdvanceWrite
00002f55   InternalUSBStartOfFrameTick
00002f89   USBDeviceEnumResetHandler
00002fed   InternalUSBTickInit
0000301d   USBEndpointDataPut
0000304d   GPIODirModeSet
0000307b   USBEndpointDataSend
000030a9   __aeabi_i2d
000030d9   InternalUSBRegisterTickHandler
00003131   UARTFlushRx
0000315d   USBDCDConfigDescGetNum
00003189   USBDescGet
000031b5   ADCSequenceConfigure
00003209   TimerConfigure
00003231   USBDescGetNum
00003259   USBIntEnableControl
000032a9   trajectoryEnable
000032f5   IntPrioritySet
00003319   USBBufferRead
00003361   USBDevEndpointDataAck
00003385   eStopHandler
000033a9   setController
000033ef   ADCSequenceDataGet
00003411   SysCtlADCSpeedSet
00003431   UARTStdioInit
00003451   USBStackModeSet
00003471   setTrajectoryTimer
000034af   USBDBulkRxPacketAvailable
000034cd   USBEndpointDataAvail
000034eb   USBRingBufAdvanceRead
00003509   roundNum
0000357b   USBDBulkInit
00003597   USBDCDConfigGetInterface
000035b5   USBDCDStallEP0
000035d1   USBRingBufContigFree
000035ed   USBRingBufRead
00003607   USBRingBufReadOne
00003621   USBRingBufWrite
0000363b   TimerControlTrigger
00003655   USB0DeviceIntHandler
0000366d   USBDCDConfigDescGetSize
000036b5   _register_unlock
000036bb   _register_lock
000036c1   _nop
000036cd   _args_main
000036e5   USBBufferInit
000036fb   USBHostResume
00003727   USBRingBufUsed
0000373d   TimerDisable
00003751   TxHandler
00003765   USBIntEnableEndpoint
00003779   USBRingBufContigUsed
0000378d   USBRingBufFlush
000037a1   ADCHardwareOversampleConfigure
000037b3   GPIOPinTypeADC
000037c5   GPIOPinTypeGPIOOutput
000037d7   GPIOPinTypeSSI
000037e9   GPIOPinTypeTimer
00003831   SSIDataGetNonBlocking
00003843   TimerLoadSet
00003855   TimerMatchSet
00003867   USBEndpointStatus
00003879   USBRingBufFree
0000388b   USBRingBufWriteOne
0000389d   __TI_zero_init
000038af   ADCIntEnable
000038c1   SysCtlUSBPLLEnable
000038d1   USBDBulkTxPacketAvailable
000038e1   ADCSequenceDisable
000038ef   ADCSequenceEnable
000038fd   TimerEnable
0000390b   __TI_decompress_none
00003919   CPUcpsid
00003925   CPUcpsie
00003931   PIDDisable
0000393d   PIDEnable
00003949   USBIntStatusEndpoint
00003955   USBRingBufInit
00003961   pwmDisable
0000396d   pwmEnable
00003979   setTrajectoryElement
00003985   trajectoryDisable
00003991   zeroLVDT
0000399d   ADCIntClear
000039a7   GPIOPinRead
000039b1   GPIOPinWrite
000039bb   IntMasterDisable
000039c5   IntMasterEnable
000039cf   SSIDataPut
000039d9   SSIEnable
000039e3   TimerIntDisable
000039ed   USBDevConnect
000039f7   USBDevDisconnect
00003a01   TimerIntEnable
00003a09   USBDevMode
00003a11   USBOTGMode
00003a19   GPIOPinIntClear
00003a1f   ResetISR
00003a25   SysCtlDelay
00003a2b   USBBufferFlush
00003a31   __TI_decompress_rle24
00003a37   TimerIntClear
00003a3b   USBDevAddrSet
00003b54   g_sUSBDefaultFIFOConfig
00003d1c   g_pBulkInterface
00003d34   g_sBulkConfigSection
00003d3c   g_sBulkInterfaceSection
00003d44   g_sBulkConfigHeader
00003d4c   g_pBulkConfigDescriptors
00003d50   g_pConfigString
00003d80   g_pLangDescriptor
00003d84   g_pSerialNumberString
00003d98   g_pStringDescriptors
00003db0   g_pDataInterfaceString
00003dd8   g_pProductString
00003e28   g_pManufacturerString
00003e50   g_sBulkDevice
00003e74   g_sRxBuffer
00003e98   g_sTxBuffer
00004ed8   __TI_Handler_Table_Base
00004ee4   __TI_Handler_Table_Limit
00004ef0   __TI_CINIT_Base
00004f00   __TI_CINIT_Limit
20000000   trajectoryD
20000fa0   g_sBulkDeviceInfo
20000fec   ButtonStatus
20000ff0   packet
20001010   g_ulSysTickCount
20001014   g_ulTxCount
20001018   g_ulRxCount
2000101c   g_ulFlags
20001024   g_pBulkDeviceDescriptor
20001036   g_pBulkDescriptor
20001040   g_psBulkSections
20001060   LVDTPIDOutput
20001064   Controller
20001068   t
2000106c   freq
20001070   count
20001074   trajectorySource
20001078   trajectory1
2000107c   g_bUSBTimerInitialized
20001080   g_ulCurrentUSBTick
20001084   g_ulUSBSOFCount
20001088   g_eUSBMode
2000108c   g_ulWaitTicks
20001094   _lock
20001098   _unlock
2000109c   _cleanup_ptr
200010a0   _dtors_ptr
200010a4   gDuty
200010a8   main_func_sp
200010ac   state
200014b4   g_pucUSBRxBuffer
200015b4   g_pucUSBTxBuffer
20001734   g_psUSBDevice
20001788   g_sBulkInstance
200017a0   g_pucRxBufferWorkspace
200017b8   g_pucTxBufferWorkspace
20001810   g_pfTickHandlers
20001828   g_pvTickInstance
20001840   IController
20001868   LVDTController
20001890   ulCurrent
20001894   ulLVDT
20001898   pvinstance1
2000189c   g_pcStatus
200018a0   ADCtemp
200018a8   ulLVDTZero
200018ac   accel
200018b0   ulDataRx
200018b8   g_ulPollRate
200018bc   g_eOTGModeState
200018cc   setPoint
200018d0   pwmPeriod
200018d4   __stack
20001cd4   __STACK_END
20001cd4   __STACK_TOP
ffffffff   __binit__
ffffffff   __c_args__
ffffffff   binit
UNDEFED    SHT$$INIT_ARRAY$$Base
UNDEFED    SHT$$INIT_ARRAY$$Limit

[253 symbols]
