******************************************************************************
                  TMS470 Linker PC v4.9.5                      
******************************************************************************
>> Linked Mon Jun 03 19:35:03 2013

OUTPUT FILE NAME:   <usb_dev_bulk.out>
ENTRY POINT SYMBOL: "_c_int00"  address: 00002a3d


MEMORY CONFIGURATION

         name            origin    length      used     unused   attr    fill
----------------------  --------  ---------  --------  --------  ----  --------
  FLASH                 00000000   00040000  0000473a  0003b8c6  R  X
  SRAM                  20000000   00008000  00001504  00006afc  RW X


SEGMENT ALLOCATION MAP

run origin  load origin   length   init length attrs members
----------  ----------- ---------- ----------- ----- -------
00000000    00000000    00004740   00004740    r-x
  00000000    00000000    0000026c   0000026c    r-- .intvecs
  0000026c    0000026c    000037e2   000037e2    r-x .text
  00003a50    00003a50    0000047c   0000047c    r-- .const
  00003ed0    00003ed0    00000870   00000870    r-- .cinit
20000000    20000000    00001504   000008e4    rw-
  20000000    20000000    000008e4   000008e4    rw- .data
  200008e4    200008e4    00000820   00000000    rw- .bss
  20001104    20001104    00000400   00000000    rw- .stack


SECTION ALLOCATION MAP

 output                                  attributes/
section   page    origin      length       input sections
--------  ----  ----------  ----------   ----------------
.intvecs   0    00000000    0000026c     
                  00000000    0000026c     startup_ccs.obj (.intvecs)

.init_array 
*          0    00000000    00000000     UNINITIALIZED

.text      0    0000026c    000037e2     
                  0000026c    000002c8     usb_dev_bulk.obj (.text:main)
                  00000534    0000023e     uartstdio.obj (.text:UARTprintf)
                  00000772    00000002     ADCSetup.obj (.text:ADCDisable)
                  00000774    000001e0     usb_dev_bulk.obj (.text:RxHandler)
                  00000954    000001d8     driverlib-cm4f.lib : sysctl.obj (.text:SysCtlClockGet)
                  00000b2c    000001c0     ADCSetup.obj (.text:ADCSetup)
                  00000cec    00000188     usblib-cm4f.lib : usbdconfig.obj (.text:USBDeviceConfig)
                  00000e74    00000160                     : usbdenum.obj (.text:USBDEP0StateTxConfig)
                  00000fd4    0000015c     uartstdio.obj (.text:UARTStdioIntHandler)
                  00001130    00000128     PID.obj (.text:PIDIntHandler)
                  00001258    000000f4     usblib-cm4f.lib : usbdenum.obj (.text:USBDCDInit)
                  0000134c    000000d4                     : usbdenum.obj (.text:USBDeviceEnumHandler)
                  00001420    000000d0                     : usbdenum.obj (.text:USBDGetDescriptor)
                  000014f0    000000c8     driverlib-cm4f.lib : gpio.obj (.text:GPIOPadConfigSet)
                  000015b8    000000bc     usblib-cm4f.lib : usbdconfig.obj (.text:USBDeviceConfigAlternate)
                  00001674    000000b8     accel.obj (.text:accelInit)
                  0000172c    000000b4     usblib-cm4f.lib : usbbuffer.obj (.text:HandleRxAvailable)
                  000017e0    000000a4     uartstdio.obj (.text:UARTStdioConfig)
                  00001884    000000a4     usblib-cm4f.lib : usbdenum.obj (.text:USBDeviceIntHandlerInternal)
                  00001928    000000a2                     : usbbuffer.obj (.text:ScheduleNextTransmission)
                  000019ca    0000009c     rtsv7M4_T_le_v4SPD16_eabi.lib : memcpy_t2.obj (.text)
                  00001a66    00000002     ADCSetup.obj (.text:ADCEnable)
                  00001a68    00000098     PWM.obj (.text:pwmSetDuty)
                  00001b00    00000094     driverlib-cm4f.lib : sysctl.obj (.text:SysCtlPeripheralReset)
                  00001b94    00000094     uartstdio.obj (.text:UARTwrite)
                  00001c28    00000094     PWM.obj (.text:pwmSetup)
                  00001cbc    00000094     rtsv7M4_T_le_v4SPD16_eabi.lib : auto_init.obj (.text)
                  00001d50    0000008c     states.obj (.text:StateTransition)
                  00001ddc    00000084     usblib-cm4f.lib : usbdenum.obj (.text:USBDClearFeature)
                  00001e60    00000084                     : usbdenum.obj (.text:USBDSetConfiguration)
                  00001ee4    00000084                     : usbdenum.obj (.text:USBDSetInterface)
                  00001f68    00000080     uartstdio.obj (.text:UARTPrimeTransmit)
                  00001fe8    0000007e     rtsv7M4_T_le_v4SPD16_eabi.lib : fd_cmp_t2.obj (.text)
                  00002066    00000002     startup_ccs.obj (.text:FaultISR)
                  00002068    00000078     usblib-cm4f.lib : usbdenum.obj (.text:USBDGetStatus)
                  000020e0    00000076     driverlib-cm4f.lib : usb.obj (.text:USBDevEndpointConfigSet)
                  00002156    00000002     startup_ccs.obj (.text:IntDefaultHandler)
                  00002158    00000070     usblib-cm4f.lib : usbdbulk.obj (.text:USBDBulkCompositeInit)
                  000021c8    0000006c     driverlib-cm4f.lib : adc.obj (.text:ADCSequenceStepConfigure)
                  00002234    0000006c     usblib-cm4f.lib : usbdenum.obj (.text:USBDSetFeature)
                  000022a0    00000068                     : usbdbulk.obj (.text:USBDBulkPacketRead)
                  00002308    00000068                     : usbdenum.obj (.text:USBDEP0StateTx)
                  00002370    00000064     driverlib-cm4f.lib : interrupt.obj (.text:IntEnable)
                  000023d4    00000060     usblib-cm4f.lib : usbbuffer.obj (.text:USBBufferEventCallback)
                  00002434    0000005e     driverlib-cm4f.lib : usb.obj (.text:USBDevEndpointStatusClear)
                  00002492    0000005e     rtsv7M4_T_le_v4SPD16_eabi.lib : copy_decompress_rle.obj (.text)
                  000024f0    0000005c     usblib-cm4f.lib : usbdbulk.obj (.text:ProcessDataFromHost)
                  0000254c    00000058     usb_dev_bulk.obj (.text:SendPacket)
                  000025a4    00000058     driverlib-cm4f.lib : sysctl.obj (.text:SysCtlPeripheralEnable)
                  000025fc    00000058     usblib-cm4f.lib : usbdenum.obj (.text:USBDReadAndDispatchRequest)
                  00002654    00000058                     : usbdenum.obj (.text:USBDStringIndexFromRequest)
                  000026ac    00000054                     : usbdconfig.obj (.text:GetEPDescriptorType)
                  00002700    00000050                     : usbdcdesc.obj (.text:USBDCDConfigDescGet)
                  00002750    00000050     driverlib-cm4f.lib : usb.obj (.text:USBDevEndpointStallClear)
                  000027a0    0000004e     usblib-cm4f.lib : usbdcdesc.obj (.text:ConfigAlternateInterfaceGet)
                  000027ee    00000002     startup_ccs.obj (.text:NmiSR)
                  000027f0    0000004c     buttons.obj (.text:ButtonsInit)
                  0000283c    0000004c     rtsv7M4_T_le_v4SPD16_eabi.lib : cpy_tbl.obj (.text)
                  00002888    0000004a     usblib-cm4f.lib : usbdbulk.obj (.text:USBDBulkPacketWrite)
                  000028d2    00000002     --HOLE-- [fill = 0]
                  000028d4    00000048     ADCSetup.obj (.text:ADC0IntHandler)
                  0000291c    00000048     driverlib-cm4f.lib : gpio.obj (.text:GPIOPinConfigure)
                  00002964    00000048     PID.obj (.text:IPIDInit)
                  000029ac    00000048     PID.obj (.text:LVDTPIDInit)
                  000029f4    00000048     usblib-cm4f.lib : usbdenum.obj (.text:USBDeviceResumeTickHandler)
                  00002a3c    00000048     rtsv7M4_T_le_v4SPD16_eabi.lib : boot.obj (.text)
                  00002a84    00000046     driverlib-cm4f.lib : usb.obj (.text:USBFIFOConfigSet)
                  00002aca    00000002     --HOLE-- [fill = 0]
                  00002acc    00000044     PID.obj (.text:PIDInit)
                  00002b10    00000044     driverlib-cm4f.lib : ssi.obj (.text:SSIConfigSetExpClk)
                  00002b54    00000044     usblib-cm4f.lib : usbdenum.obj (.text:USBDGetInterface)
                  00002b98    00000044     driverlib-cm4f.lib : usb.obj (.text:USBEndpointDataGet)
                  00002bdc    00000044     rtsv7M4_T_le_v4SPD16_eabi.lib : exit.obj (.text)
                  00002c20    00000044     usb_dev_bulk.obj (.text:sizes)
                  00002c64    00000042     rtsv7M4_T_le_v4SPD16_eabi.lib : u_divt2.obj (.text)
                  00002ca6    00000002     --HOLE-- [fill = 0]
                  00002ca8    00000040     usb_dev_bulk.obj (.text:SysTickIntHandler)
                  00002ce8    00000040     trajectory.obj (.text:initTrajectoryTimerInt)
                  00002d28    0000003e     usblib-cm4f.lib : usbdconfig.obj (.text:GetEndpointFIFOSize)
                  00002d66    00000002     --HOLE-- [fill = 0]
                  00002d68    0000003c     trajectory.obj (.text:setTrajectoryHandler)
                  00002da4    0000003a     usblib-cm4f.lib : usbdcdesc.obj (.text:USBDCDConfigGetInterfaceEndpoint)
                  00002dde    00000002     --HOLE-- [fill = 0]
                  00002de0    00000038     ADCSetup.obj (.text:ADC1IntHandler)
                  00002e18    00000038     uartstdio.obj (.text:UARTFlushTx)
                  00002e50    00000038     usblib-cm4f.lib : usbdenum.obj (.text:USBDGetConfiguration)
                  00002e88    00000038     driverlib-cm4f.lib : usb.obj (.text:USBIntStatusControl)
                  00002ec0    00000036     usblib-cm4f.lib : usbdcdesc.obj (.text:NextConfigDescGet)
                  00002ef6    00000036     driverlib-cm4f.lib : usb.obj (.text:USBDevEndpointStall)
                  00002f2c    00000036     usblib-cm4f.lib : usbringbuf.obj (.text:USBRingBufAdvanceWrite)
                  00002f62    00000002     --HOLE-- [fill = 0]
                  00002f64    00000034                     : usbtick.obj (.text:InternalUSBStartOfFrameTick)
                  00002f98    00000032                     : usbdenum.obj (.text:USBDeviceEnumResetHandler)
                  00002fca    00000030                     : usbdbulk.obj (.text:HandleEndpoints)
                  00002ffa    00000002     --HOLE-- [fill = 0]
                  00002ffc    00000030                     : usbtick.obj (.text:InternalUSBTickInit)
                  0000302c    00000030     driverlib-cm4f.lib : usb.obj (.text:USBEndpointDataPut)
                  0000305c    0000002e                        : gpio.obj (.text:GPIODirModeSet)
                  0000308a    0000002e                        : usb.obj (.text:USBEndpointDataSend)
                  000030b8    0000002e     rtsv7M4_T_le_v4SPD16_eabi.lib : i_tofd_t2.obj (.text)
                  000030e6    00000002     --HOLE-- [fill = 0]
                  000030e8    0000002c     usblib-cm4f.lib : usbtick.obj (.text:InternalUSBRegisterTickHandler)
                  00003114    0000002c                     : usbdbulk.obj (.text:ProcessDataToHost)
                  00003140    0000002c     uartstdio.obj (.text:UARTFlushRx)
                  0000316c    0000002c     usblib-cm4f.lib : usbdcdesc.obj (.text:USBDCDConfigDescGetNum)
                  00003198    0000002c                     : usbdesc.obj (.text:USBDescGet)
                  000031c4    0000002a     driverlib-cm4f.lib : adc.obj (.text:ADCSequenceConfigure)
                  000031ee    0000002a     usblib-cm4f.lib : usbdbulk.obj (.text:HandleDevice)
                  00003218    00000028     driverlib-cm4f.lib : timer.obj (.text:TimerConfigure)
                  00003240    00000028     usblib-cm4f.lib : usbdesc.obj (.text:USBDescGetNum)
                  00003268    00000028     driverlib-cm4f.lib : usb.obj (.text:USBIntEnableControl)
                  00003290    00000028     usblib-cm4f.lib : usbringbuf.obj (.text:UpdateIndexAtomic)
                  000032b8    00000028     trajectory.obj (.text:trajectoryEnable)
                  000032e0    00000024     usblib-cm4f.lib : usbbuffer.obj (.text:HandleRequestBuffer)
                  00003304    00000024     driverlib-cm4f.lib : interrupt.obj (.text:IntPrioritySet)
                  00003328    00000024     usblib-cm4f.lib : usbbuffer.obj (.text:USBBufferRead)
                  0000334c    00000024                     : usbdenum.obj (.text:USBDSetAddress)
                  00003370    00000024     driverlib-cm4f.lib : usb.obj (.text:USBDevEndpointDataAck)
                  00003394    00000024     PID.obj (.text:eStopHandler)
                  000033b8    00000024     PID.obj (.text:setController)
                  000033dc    00000022     usblib-cm4f.lib : usbdbulk.obj (.text:BulkTickHandler)
                  000033fe    00000020     driverlib-cm4f.lib : adc.obj (.text:ADCSequenceDataGet)
                  0000341e    00000002     --HOLE-- [fill = 0]
                  00003420    00000020                        : sysctl.obj (.text:SysCtlADCSpeedSet)
                  00003440    00000020     uartstdio.obj (.text:UARTStdioInit)
                  00003460    00000020     usblib-cm4f.lib : usbmode.obj (.text:USBStackModeSet)
                  00003480    00000020     trajectory.obj (.text:setTrajectoryTimer)
                  000034a0    0000001e     usblib-cm4f.lib : usbbuffer.obj (.text:HandleDataRemaining)
                  000034be    0000001e                     : usbdbulk.obj (.text:USBDBulkRxPacketAvailable)
                  000034dc    0000001e     driverlib-cm4f.lib : usb.obj (.text:USBEndpointDataAvail)
                  000034fa    0000001e     usblib-cm4f.lib : usbringbuf.obj (.text:USBRingBufAdvanceRead)
                  00003518    0000001e     PID.obj (.text:roundNum)
                  00003536    0000001c     usblib-cm4f.lib : usbdbulk.obj (.text:HandleConfigChange)
                  00003552    0000001c                     : usbdbulk.obj (.text:HandleDisconnect)
                  0000356e    0000001c                     : usbdbulk.obj (.text:SetDeferredOpFlag)
                  0000358a    0000001c                     : usbdbulk.obj (.text:USBDBulkInit)
                  000035a6    0000001c                     : usbdcdesc.obj (.text:USBDCDConfigGetInterface)
                  000035c2    00000002     --HOLE-- [fill = 0]
                  000035c4    0000001c                     : usbdenum.obj (.text:USBDCDStallEP0)
                  000035e0    0000001c                     : usbringbuf.obj (.text:USBRingBufContigFree)
                  000035fc    0000001a                     : usbringbuf.obj (.text:USBRingBufRead)
                  00003616    0000001a                     : usbringbuf.obj (.text:USBRingBufReadOne)
                  00003630    0000001a                     : usbringbuf.obj (.text:USBRingBufWrite)
                  0000364a    00000018     driverlib-cm4f.lib : timer.obj (.text:TimerControlTrigger)
                  00003662    00000002     --HOLE-- [fill = 0]
                  00003664    00000018     usblib-cm4f.lib : usbdhandler.obj (.text:USB0DeviceIntHandler)
                  0000367c    00000018                     : usbdcdesc.obj (.text:USBDCDConfigDescGetSize)
                  00003694    00000018                     : usbdenum.obj (.text:USBDSetDescriptor)
                  000036ac    00000018                     : usbdenum.obj (.text:USBDSyncFrame)
                  000036c4    00000018     rtsv7M4_T_le_v4SPD16_eabi.lib : _lock.obj (.text)
                  000036dc    00000018                                   : args_main.obj (.text)
                  000036f4    00000016     usblib-cm4f.lib : usbbuffer.obj (.text:USBBufferInit)
                  0000370a    00000016     driverlib-cm4f.lib : usb.obj (.text:USBHostResume)
                  00003720    00000016                        : usb.obj (.text:USBIndexWrite)
                  00003736    00000016     usblib-cm4f.lib : usbringbuf.obj (.text:USBRingBufUsed)
                  0000374c    00000014     driverlib-cm4f.lib : timer.obj (.text:TimerDisable)
                  00003760    00000014     usb_dev_bulk.obj (.text:TxHandler)
                  00003774    00000014     driverlib-cm4f.lib : usb.obj (.text:USBIntEnableEndpoint)
                  00003788    00000014     usblib-cm4f.lib : usbringbuf.obj (.text:USBRingBufContigUsed)
                  0000379c    00000014                     : usbringbuf.obj (.text:USBRingBufFlush)
                  000037b0    00000012     driverlib-cm4f.lib : adc.obj (.text:ADCHardwareOversampleConfigure)
                  000037c2    00000012                        : gpio.obj (.text:GPIOPinTypeADC)
                  000037d4    00000012                        : gpio.obj (.text:GPIOPinTypeGPIOOutput)
                  000037e6    00000012                        : gpio.obj (.text:GPIOPinTypeSSI)
                  000037f8    00000012                        : gpio.obj (.text:GPIOPinTypeTimer)
                  0000380a    00000012     usblib-cm4f.lib : usbdbulk.obj (.text:HandleResume)
                  0000381c    00000012                     : usbdbulk.obj (.text:HandleSuspend)
                  0000382e    00000012                     : usbbuffer.obj (.text:HandleTxComplete)
                  00003840    00000012     driverlib-cm4f.lib : ssi.obj (.text:SSIDataGetNonBlocking)
                  00003852    00000012                        : timer.obj (.text:TimerLoadSet)
                  00003864    00000012                        : timer.obj (.text:TimerMatchSet)
                  00003876    00000012                        : usb.obj (.text:USBEndpointStatus)
                  00003888    00000012     usblib-cm4f.lib : usbringbuf.obj (.text:USBRingBufFree)
                  0000389a    00000012                     : usbringbuf.obj (.text:USBRingBufWriteOne)
                  000038ac    00000012     rtsv7M4_T_le_v4SPD16_eabi.lib : copy_zero_init.obj (.text:decompress:ZI)
                  000038be    00000010     driverlib-cm4f.lib : adc.obj (.text:ADCIntEnable)
                  000038ce    00000002     --HOLE-- [fill = 0]
                  000038d0    00000010                        : sysctl.obj (.text:SysCtlUSBPLLEnable)
                  000038e0    00000010     usblib-cm4f.lib : usbdbulk.obj (.text:USBDBulkTxPacketAvailable)
                  000038f0    0000000e     driverlib-cm4f.lib : adc.obj (.text:ADCSequenceDisable)
                  000038fe    0000000e                        : adc.obj (.text:ADCSequenceEnable)
                  0000390c    0000000e                        : timer.obj (.text:TimerEnable)
                  0000391a    0000000e     rtsv7M4_T_le_v4SPD16_eabi.lib : copy_decompress_none.obj (.text:decompress:none)
                  00003928    0000000c     driverlib-cm4f.lib : cpu.obj (.text:CPUcpsid)
                  00003934    0000000c                        : cpu.obj (.text:CPUcpsie)
                  00003940    0000000c     PID.obj (.text:PIDDisable)
                  0000394c    0000000c     PID.obj (.text:PIDEnable)
                  00003958    0000000c     driverlib-cm4f.lib : usb.obj (.text:USBIntStatusEndpoint)
                  00003964    0000000c     usblib-cm4f.lib : usbringbuf.obj (.text:USBRingBufInit)
                  00003970    0000000c     PWM.obj (.text:pwmDisable)
                  0000397c    0000000c     PWM.obj (.text:pwmEnable)
                  00003988    0000000c     trajectory.obj (.text:setTrajectoryElement)
                  00003994    0000000c     trajectory.obj (.text:trajectoryDisable)
                  000039a0    0000000c     ADCSetup.obj (.text:zeroLVDT)
                  000039ac    0000000a     driverlib-cm4f.lib : adc.obj (.text:ADCIntClear)
                  000039b6    0000000a                        : gpio.obj (.text:GPIOPinRead)
                  000039c0    0000000a                        : gpio.obj (.text:GPIOPinWrite)
                  000039ca    0000000a                        : interrupt.obj (.text:IntMasterDisable)
                  000039d4    0000000a                        : interrupt.obj (.text:IntMasterEnable)
                  000039de    0000000a                        : ssi.obj (.text:SSIDataPut)
                  000039e8    0000000a                        : ssi.obj (.text:SSIEnable)
                  000039f2    0000000a                        : timer.obj (.text:TimerIntDisable)
                  000039fc    0000000a                        : usb.obj (.text:USBDevConnect)
                  00003a06    0000000a                        : usb.obj (.text:USBDevDisconnect)
                  00003a10    00000008                        : timer.obj (.text:TimerIntEnable)
                  00003a18    00000008                        : usb.obj (.text:USBDevMode)
                  00003a20    00000008                        : usb.obj (.text:USBOTGMode)
                  00003a28    00000006                        : gpio.obj (.text:GPIOPinIntClear)
                  00003a2e    00000006     startup_ccs.obj (.text:ResetISR)
                  00003a34    00000006     driverlib-cm4f.lib : sysctl.obj (.text:SysCtlDelay)
                  00003a3a    00000006     usblib-cm4f.lib : usbbuffer.obj (.text:USBBufferFlush)
                  00003a40    00000006     rtsv7M4_T_le_v4SPD16_eabi.lib : copy_decompress_rle.obj (.text:decompress:rle24)
                  00003a46    00000004     driverlib-cm4f.lib : timer.obj (.text:TimerIntClear)
                  00003a4a    00000004                        : usb.obj (.text:USBDevAddrSet)

.const     0    00003a50    0000047c     
                  00003a50    0000009c     driverlib-cm4f.lib : interrupt.obj (.const:g_pulRegs)
                  00003aec    00000078                        : gpio.obj (.const:g_pulGPIOBaseAddrs)
                  00003b64    00000078     usblib-cm4f.lib : usbdenum.obj (.const:g_sUSBDefaultFIFOConfig)
                  00003bdc    00000070     driverlib-cm4f.lib : interrupt.obj (.const)
                  00003c4c    0000006c                        : sysctl.obj (.const:g_pulXtals)
                  00003cb8    00000040                        : sysctl.obj (.const)
                  00003cf8    00000034     usblib-cm4f.lib : usbdenum.obj (.const:g_psUSBDStdRequests)
                  00003d2c    00000034                     : usbdbulk.obj (.const)
                  00003d60    00000030     usb_bulk_structs.obj (.const:g_pConfigString)
                  00003d90    00000030     usb_bulk_structs.obj (.const)
                  00003dc0    00000028     usb_bulk_structs.obj (.const:g_pDataInterfaceString)
                  00003de8    00000028     usb_bulk_structs.obj (.const:g_pProductString)
                  00003e10    00000028     uartstdio.obj (.const)
                  00003e38    00000026     usb_bulk_structs.obj (.const:g_pManufacturerString)
                  00003e5e    00000002     --HOLE-- [fill = 0]
                  00003e60    00000024     usb_bulk_structs.obj (.const:g_sBulkDevice)
                  00003e84    00000024     usb_bulk_structs.obj (.const:g_sRxBuffer)
                  00003ea8    00000024     usb_bulk_structs.obj (.const:g_sTxBuffer)

.cinit     0    00003ed0    00000870     
                  00003ed0    0000084c     (.cinit..data.load) [load image, compression = rle]
                  0000471c    0000000c     (__TI_handler_table)
                  00004728    00000008     (.cinit..bss.load) [load image, compression = zero_init]
                  00004730    00000010     (__TI_cinit_table)

.data      0    20000000    000008e4     
                  20000000    000007d0     trajectory.obj (.data:trajectoryD)
                  200007d0    0000004c     usblib-cm4f.lib : usbdbulk.obj (.data:g_sBulkDeviceInfo)
                  2000081c    00000035     usb_dev_bulk.obj (.data)
                  20000851    00000003     --HOLE--
                  20000854    00000024     usblib-cm4f.lib : usbdbulk.obj (.data)
                  20000878    00000015     uartstdio.obj (.data)
                  2000088d    00000003     --HOLE--
                  20000890    00000010     PID.obj (.data)
                  200008a0    0000000c     trajectory.obj (.data)
                  200008ac    0000000c     usblib-cm4f.lib : usbtick.obj (.data)
                  200008b8    00000009                     : usbmode.obj (.data)
                  200008c1    00000003     --HOLE--
                  200008c4    00000008     rtsv7M4_T_le_v4SPD16_eabi.lib : _lock.obj (.data)
                  200008cc    00000008                                   : exit.obj (.data)
                  200008d4    00000004     PWM.obj (.data)
                  200008d8    00000004     rtsv7M4_T_le_v4SPD16_eabi.lib : stkdepth_vars.obj (.data)
                  200008dc    00000004     states.obj (.data)
                  200008e0    00000004     usblib-cm4f.lib : usbdenum.obj (.data)

.bss       0    200008e4    00000820     UNINITIALIZED
                  200008e4    00000400     uartstdio.obj (.bss:g_pcUARTTxBuffer)
                  20000ce4    00000100     usb_bulk_structs.obj (.bss:g_pucUSBRxBuffer)
                  20000de4    00000100     usb_bulk_structs.obj (.bss:g_pucUSBTxBuffer)
                  20000ee4    00000080     uartstdio.obj (.bss:g_pcUARTRxBuffer)
                  20000f64    00000054     usblib-cm4f.lib : usbdenum.obj (.bss:g_psUSBDevice)
                  20000fb8    00000048     usb_bulk_structs.obj (.bss)
                  20001000    00000040     usblib-cm4f.lib : usbdenum.obj (.bss:g_pucDataBufferIn)
                  20001040    00000030                     : usbtick.obj (.bss)
                  20001070    00000028     PID.obj (.bss:IController)
                  20001098    00000028     PID.obj (.bss:LVDTController)
                  200010c0    00000010     usb_dev_bulk.obj (.bss)
                  200010d0    0000000c     ADCSetup.obj (.bss)
                  200010dc    0000000c     accel.obj (.bss)
                  200010e8    0000000c     usblib-cm4f.lib : usbmode.obj (.bss)
                  200010f4    00000008     uartstdio.obj (.bss)
                  200010fc    00000004     PID.obj (.bss)
                  20001100    00000004     PWM.obj (.bss)

.stack     0    20001104    00000400     UNINITIALIZED
                  20001104    00000400     --HOLE--


LINKER GENERATED COPY TABLES

__TI_cinit_table @ 00004730 records: 2, size/record: 8, table size: 16
	.data: load addr=00003ed0, load size=0000084c bytes, run addr=20000000, run size=000008e4 bytes, compression=rle
	.bss: load addr=00004728, load size=00000008 bytes, run addr=200008e4, run size=00000820 bytes, compression=zero_init


LINKER GENERATED HANDLER TABLE

__TI_handler_table @ 0000471c records: 3, size/record: 4, table size: 12
	index: 0, handler: __TI_decompress_rle24
	index: 1, handler: __TI_decompress_none
	index: 2, handler: __TI_zero_init


GLOBAL SYMBOLS: SORTED ALPHABETICALLY BY Name 

address    name
--------   ----
000028d5   ADC0IntHandler
00002de1   ADC1IntHandler
00000773   ADCDisable
00001a67   ADCEnable
000037b1   ADCHardwareOversampleConfigure
000039ad   ADCIntClear
000038bf   ADCIntEnable
000031c5   ADCSequenceConfigure
000033ff   ADCSequenceDataGet
000038f1   ADCSequenceDisable
000038ff   ADCSequenceEnable
000021c9   ADCSequenceStepConfigure
00000b2d   ADCSetup
200010d0   ADCtemp
2000081c   ButtonStatus
000027f1   ButtonsInit
00002bdd   C$$EXIT
00003929   CPUcpsid
00003935   CPUcpsie
20000894   Controller
0000305d   GPIODirModeSet
000014f1   GPIOPadConfigSet
0000291d   GPIOPinConfigure
00003a29   GPIOPinIntClear
000039b7   GPIOPinRead
000037c3   GPIOPinTypeADC
000037d5   GPIOPinTypeGPIOOutput
000037e7   GPIOPinTypeSSI
000037f9   GPIOPinTypeTimer
000039c1   GPIOPinWrite
20001070   IController
00002965   IPIDInit
00002371   IntEnable
000039cb   IntMasterDisable
000039d5   IntMasterEnable
00003305   IntPrioritySet
000030e9   InternalUSBRegisterTickHandler
00002f65   InternalUSBStartOfFrameTick
00002ffd   InternalUSBTickInit
20001098   LVDTController
000029ad   LVDTPIDInit
20000890   LVDTPIDOutput
00003941   PIDDisable
0000394d   PIDEnable
00002acd   PIDInit
00001131   PIDIntHandler
00003a2f   ResetISR
00000775   RxHandler
UNDEFED    SHT$$INIT_ARRAY$$Base
UNDEFED    SHT$$INIT_ARRAY$$Limit
00002b11   SSIConfigSetExpClk
00003841   SSIDataGetNonBlocking
000039df   SSIDataPut
000039e9   SSIEnable
0000254d   SendPacket
00001d51   StateTransition
00003421   SysCtlADCSpeedSet
00000955   SysCtlClockGet
00003a35   SysCtlDelay
000025a5   SysCtlPeripheralEnable
00001b01   SysCtlPeripheralReset
000038d1   SysCtlUSBPLLEnable
00002ca9   SysTickIntHandler
00003219   TimerConfigure
0000364b   TimerControlTrigger
0000374d   TimerDisable
0000390d   TimerEnable
00003a47   TimerIntClear
000039f3   TimerIntDisable
00003a11   TimerIntEnable
00003853   TimerLoadSet
00003865   TimerMatchSet
00003761   TxHandler
00003141   UARTFlushRx
00002e19   UARTFlushTx
000017e1   UARTStdioConfig
00003441   UARTStdioInit
00000fd5   UARTStdioIntHandler
00000535   UARTprintf
00001b95   UARTwrite
00003665   USB0DeviceIntHandler
000023d5   USBBufferEventCallback
00003a3b   USBBufferFlush
000036f5   USBBufferInit
00003329   USBBufferRead
00002159   USBDBulkCompositeInit
0000358b   USBDBulkInit
000022a1   USBDBulkPacketRead
00002889   USBDBulkPacketWrite
000034bf   USBDBulkRxPacketAvailable
000038e1   USBDBulkTxPacketAvailable
00002701   USBDCDConfigDescGet
0000316d   USBDCDConfigDescGetNum
0000367d   USBDCDConfigDescGetSize
000035a7   USBDCDConfigGetInterface
00002da5   USBDCDConfigGetInterfaceEndpoint
00001259   USBDCDInit
000035c5   USBDCDStallEP0
00003199   USBDescGet
00003241   USBDescGetNum
00003a4b   USBDevAddrSet
000039fd   USBDevConnect
00003a07   USBDevDisconnect
000020e1   USBDevEndpointConfigSet
00003371   USBDevEndpointDataAck
00002ef7   USBDevEndpointStall
00002751   USBDevEndpointStallClear
00002435   USBDevEndpointStatusClear
00003a19   USBDevMode
00000ced   USBDeviceConfig
000015b9   USBDeviceConfigAlternate
0000134d   USBDeviceEnumHandler
00002f99   USBDeviceEnumResetHandler
00001885   USBDeviceIntHandlerInternal
000029f5   USBDeviceResumeTickHandler
000034dd   USBEndpointDataAvail
00002b99   USBEndpointDataGet
0000302d   USBEndpointDataPut
0000308b   USBEndpointDataSend
00003877   USBEndpointStatus
00002a85   USBFIFOConfigSet
0000370b   USBHostResume
00003269   USBIntEnableControl
00003775   USBIntEnableEndpoint
00002e89   USBIntStatusControl
00003959   USBIntStatusEndpoint
00003a21   USBOTGMode
000034fb   USBRingBufAdvanceRead
00002f2d   USBRingBufAdvanceWrite
000035e1   USBRingBufContigFree
00003789   USBRingBufContigUsed
0000379d   USBRingBufFlush
00003889   USBRingBufFree
00003965   USBRingBufInit
000035fd   USBRingBufRead
00003617   USBRingBufReadOne
00003737   USBRingBufUsed
00003631   USBRingBufWrite
0000389b   USBRingBufWriteOne
00003461   USBStackModeSet
20001504   __STACK_END
00000400   __STACK_SIZE
20001504   __STACK_TOP
00004730   __TI_CINIT_Base
00004740   __TI_CINIT_Limit
0000471c   __TI_Handler_Table_Base
00004728   __TI_Handler_Table_Limit
00000001   __TI_args_main
00001cbd   __TI_auto_init
0000391b   __TI_decompress_none
00003a41   __TI_decompress_rle24
00000000   __TI_static_base__
000038ad   __TI_zero_init
00001fe9   __aeabi_cdcmpeq
00001fe9   __aeabi_cdcmple
000030b9   __aeabi_i2d
000019cb   __aeabi_memcpy
000019cb   __aeabi_memcpy4
000019cb   __aeabi_memcpy8
00002c65   __aeabi_uidivmod
ffffffff   __binit__
ffffffff   __c_args__
20001104   __stack
000036dd   _args_main
00002a3d   _c_int00
200008cc   _cleanup_ptr
200008d0   _dtors_ptr
200008c4   _lock
000036d1   _nop
000036cb   _register_lock
000036c5   _register_unlock
200008c8   _unlock
00002be1   abort
200010dc   accel
00001675   accelInit
ffffffff   binit
0000283d   copy_in
200008a0   count
00003395   eStopHandler
00002be9   exit
2000089c   freq
200008d4   gDuty
200008ac   g_bUSBTimerInitialized
200010ec   g_eOTGModeState
200008b8   g_eUSBMode
00003d5c   g_pBulkConfigDescriptors
20000866   g_pBulkDescriptor
20000854   g_pBulkDeviceDescriptor
00003d2c   g_pBulkInterface
00003d60   g_pConfigString
00003dc0   g_pDataInterfaceString
00003d90   g_pLangDescriptor
00003e38   g_pManufacturerString
00003de8   g_pProductString
00003d94   g_pSerialNumberString
00003da8   g_pStringDescriptors
200010cc   g_pcStatus
20001040   g_pfTickHandlers
00000000   g_pfnVectors
20000870   g_psBulkSections
20000f64   g_psUSBDevice
20000fd0   g_pucRxBufferWorkspace
20000fe8   g_pucTxBufferWorkspace
20000ce4   g_pucUSBRxBuffer
20000de4   g_pucUSBTxBuffer
20001058   g_pvTickInstance
00003d54   g_sBulkConfigHeader
00003d44   g_sBulkConfigSection
00003e60   g_sBulkDevice
200007d0   g_sBulkDeviceInfo
20000fb8   g_sBulkInstance
00003d4c   g_sBulkInterfaceSection
00003e84   g_sRxBuffer
00003ea8   g_sTxBuffer
00003b64   g_sUSBDefaultFIFOConfig
200008b0   g_ulCurrentUSBTick
2000084c   g_ulFlags
200010e8   g_ulPollRate
20000848   g_ulRxCount
20000840   g_ulSysTickCount
20000844   g_ulTxCount
200008b4   g_ulUSBSOFCount
200008bc   g_ulWaitTicks
00002ce9   initTrajectoryTimerInt
0000026d   main
200008d8   main_func_sp
000019cb   memcpy
20000820   packet
200010c8   pvinstance1
00003971   pwmDisable
0000397d   pwmEnable
20001100   pwmPeriod
00001a69   pwmSetDuty
00001c29   pwmSetup
00003519   roundNum
000033b9   setController
200010fc   setPoint
00003989   setTrajectoryElement
00002d69   setTrajectoryHandler
00003481   setTrajectoryTimer
00002c21   sizes
200008dc   state
20000898   t
200008a8   trajectory1
20000000   trajectoryD
00003995   trajectoryDisable
000032b9   trajectoryEnable
200008a4   trajectorySource
200010c0   ulCurrent
200010e0   ulDataRx
200010c4   ulLVDT
200010d8   ulLVDTZero
000039a1   zeroLVDT


GLOBAL SYMBOLS: SORTED BY Symbol Address 

address    name
--------   ----
00000000   __TI_static_base__
00000000   g_pfnVectors
00000001   __TI_args_main
0000026d   main
00000400   __STACK_SIZE
00000535   UARTprintf
00000773   ADCDisable
00000775   RxHandler
00000955   SysCtlClockGet
00000b2d   ADCSetup
00000ced   USBDeviceConfig
00000fd5   UARTStdioIntHandler
00001131   PIDIntHandler
00001259   USBDCDInit
0000134d   USBDeviceEnumHandler
000014f1   GPIOPadConfigSet
000015b9   USBDeviceConfigAlternate
00001675   accelInit
000017e1   UARTStdioConfig
00001885   USBDeviceIntHandlerInternal
000019cb   __aeabi_memcpy
000019cb   __aeabi_memcpy4
000019cb   __aeabi_memcpy8
000019cb   memcpy
00001a67   ADCEnable
00001a69   pwmSetDuty
00001b01   SysCtlPeripheralReset
00001b95   UARTwrite
00001c29   pwmSetup
00001cbd   __TI_auto_init
00001d51   StateTransition
00001fe9   __aeabi_cdcmpeq
00001fe9   __aeabi_cdcmple
000020e1   USBDevEndpointConfigSet
00002159   USBDBulkCompositeInit
000021c9   ADCSequenceStepConfigure
000022a1   USBDBulkPacketRead
00002371   IntEnable
000023d5   USBBufferEventCallback
00002435   USBDevEndpointStatusClear
0000254d   SendPacket
000025a5   SysCtlPeripheralEnable
00002701   USBDCDConfigDescGet
00002751   USBDevEndpointStallClear
000027f1   ButtonsInit
0000283d   copy_in
00002889   USBDBulkPacketWrite
000028d5   ADC0IntHandler
0000291d   GPIOPinConfigure
00002965   IPIDInit
000029ad   LVDTPIDInit
000029f5   USBDeviceResumeTickHandler
00002a3d   _c_int00
00002a85   USBFIFOConfigSet
00002acd   PIDInit
00002b11   SSIConfigSetExpClk
00002b99   USBEndpointDataGet
00002bdd   C$$EXIT
00002be1   abort
00002be9   exit
00002c21   sizes
00002c65   __aeabi_uidivmod
00002ca9   SysTickIntHandler
00002ce9   initTrajectoryTimerInt
00002d69   setTrajectoryHandler
00002da5   USBDCDConfigGetInterfaceEndpoint
00002de1   ADC1IntHandler
00002e19   UARTFlushTx
00002e89   USBIntStatusControl
00002ef7   USBDevEndpointStall
00002f2d   USBRingBufAdvanceWrite
00002f65   InternalUSBStartOfFrameTick
00002f99   USBDeviceEnumResetHandler
00002ffd   InternalUSBTickInit
0000302d   USBEndpointDataPut
0000305d   GPIODirModeSet
0000308b   USBEndpointDataSend
000030b9   __aeabi_i2d
000030e9   InternalUSBRegisterTickHandler
00003141   UARTFlushRx
0000316d   USBDCDConfigDescGetNum
00003199   USBDescGet
000031c5   ADCSequenceConfigure
00003219   TimerConfigure
00003241   USBDescGetNum
00003269   USBIntEnableControl
000032b9   trajectoryEnable
00003305   IntPrioritySet
00003329   USBBufferRead
00003371   USBDevEndpointDataAck
00003395   eStopHandler
000033b9   setController
000033ff   ADCSequenceDataGet
00003421   SysCtlADCSpeedSet
00003441   UARTStdioInit
00003461   USBStackModeSet
00003481   setTrajectoryTimer
000034bf   USBDBulkRxPacketAvailable
000034dd   USBEndpointDataAvail
000034fb   USBRingBufAdvanceRead
00003519   roundNum
0000358b   USBDBulkInit
000035a7   USBDCDConfigGetInterface
000035c5   USBDCDStallEP0
000035e1   USBRingBufContigFree
000035fd   USBRingBufRead
00003617   USBRingBufReadOne
00003631   USBRingBufWrite
0000364b   TimerControlTrigger
00003665   USB0DeviceIntHandler
0000367d   USBDCDConfigDescGetSize
000036c5   _register_unlock
000036cb   _register_lock
000036d1   _nop
000036dd   _args_main
000036f5   USBBufferInit
0000370b   USBHostResume
00003737   USBRingBufUsed
0000374d   TimerDisable
00003761   TxHandler
00003775   USBIntEnableEndpoint
00003789   USBRingBufContigUsed
0000379d   USBRingBufFlush
000037b1   ADCHardwareOversampleConfigure
000037c3   GPIOPinTypeADC
000037d5   GPIOPinTypeGPIOOutput
000037e7   GPIOPinTypeSSI
000037f9   GPIOPinTypeTimer
00003841   SSIDataGetNonBlocking
00003853   TimerLoadSet
00003865   TimerMatchSet
00003877   USBEndpointStatus
00003889   USBRingBufFree
0000389b   USBRingBufWriteOne
000038ad   __TI_zero_init
000038bf   ADCIntEnable
000038d1   SysCtlUSBPLLEnable
000038e1   USBDBulkTxPacketAvailable
000038f1   ADCSequenceDisable
000038ff   ADCSequenceEnable
0000390d   TimerEnable
0000391b   __TI_decompress_none
00003929   CPUcpsid
00003935   CPUcpsie
00003941   PIDDisable
0000394d   PIDEnable
00003959   USBIntStatusEndpoint
00003965   USBRingBufInit
00003971   pwmDisable
0000397d   pwmEnable
00003989   setTrajectoryElement
00003995   trajectoryDisable
000039a1   zeroLVDT
000039ad   ADCIntClear
000039b7   GPIOPinRead
000039c1   GPIOPinWrite
000039cb   IntMasterDisable
000039d5   IntMasterEnable
000039df   SSIDataPut
000039e9   SSIEnable
000039f3   TimerIntDisable
000039fd   USBDevConnect
00003a07   USBDevDisconnect
00003a11   TimerIntEnable
00003a19   USBDevMode
00003a21   USBOTGMode
00003a29   GPIOPinIntClear
00003a2f   ResetISR
00003a35   SysCtlDelay
00003a3b   USBBufferFlush
00003a41   __TI_decompress_rle24
00003a47   TimerIntClear
00003a4b   USBDevAddrSet
00003b64   g_sUSBDefaultFIFOConfig
00003d2c   g_pBulkInterface
00003d44   g_sBulkConfigSection
00003d4c   g_sBulkInterfaceSection
00003d54   g_sBulkConfigHeader
00003d5c   g_pBulkConfigDescriptors
00003d60   g_pConfigString
00003d90   g_pLangDescriptor
00003d94   g_pSerialNumberString
00003da8   g_pStringDescriptors
00003dc0   g_pDataInterfaceString
00003de8   g_pProductString
00003e38   g_pManufacturerString
00003e60   g_sBulkDevice
00003e84   g_sRxBuffer
00003ea8   g_sTxBuffer
0000471c   __TI_Handler_Table_Base
00004728   __TI_Handler_Table_Limit
00004730   __TI_CINIT_Base
00004740   __TI_CINIT_Limit
20000000   trajectoryD
200007d0   g_sBulkDeviceInfo
2000081c   ButtonStatus
20000820   packet
20000840   g_ulSysTickCount
20000844   g_ulTxCount
20000848   g_ulRxCount
2000084c   g_ulFlags
20000854   g_pBulkDeviceDescriptor
20000866   g_pBulkDescriptor
20000870   g_psBulkSections
20000890   LVDTPIDOutput
20000894   Controller
20000898   t
2000089c   freq
200008a0   count
200008a4   trajectorySource
200008a8   trajectory1
200008ac   g_bUSBTimerInitialized
200008b0   g_ulCurrentUSBTick
200008b4   g_ulUSBSOFCount
200008b8   g_eUSBMode
200008bc   g_ulWaitTicks
200008c4   _lock
200008c8   _unlock
200008cc   _cleanup_ptr
200008d0   _dtors_ptr
200008d4   gDuty
200008d8   main_func_sp
200008dc   state
20000ce4   g_pucUSBRxBuffer
20000de4   g_pucUSBTxBuffer
20000f64   g_psUSBDevice
20000fb8   g_sBulkInstance
20000fd0   g_pucRxBufferWorkspace
20000fe8   g_pucTxBufferWorkspace
20001040   g_pfTickHandlers
20001058   g_pvTickInstance
20001070   IController
20001098   LVDTController
200010c0   ulCurrent
200010c4   ulLVDT
200010c8   pvinstance1
200010cc   g_pcStatus
200010d0   ADCtemp
200010d8   ulLVDTZero
200010dc   accel
200010e0   ulDataRx
200010e8   g_ulPollRate
200010ec   g_eOTGModeState
200010fc   setPoint
20001100   pwmPeriod
20001104   __stack
20001504   __STACK_END
20001504   __STACK_TOP
ffffffff   __binit__
ffffffff   __c_args__
ffffffff   binit
UNDEFED    SHT$$INIT_ARRAY$$Base
UNDEFED    SHT$$INIT_ARRAY$$Limit

[253 symbols]
