******************************************************************************
                  TMS470 Linker PC v4.9.5                      
******************************************************************************
>> Linked Fri Mar 29 16:32:30 2013

OUTPUT FILE NAME:   <ADCSampler.out>
ENTRY POINT SYMBOL: "_c_int00"  address: 00001075


MEMORY CONFIGURATION

         name            origin    length      used     unused   attr    fill
----------------------  --------  ---------  --------  --------  ----  --------
  FLASH                 00000000   00040000  000015ce  0003ea32  R  X
  SRAM                  20000000   00008000  00000124  00007edc  RW X


SEGMENT ALLOCATION MAP

run origin  load origin   length   init length attrs members
----------  ----------- ---------- ----------- ----- -------
00000000    00000000    000015d0   000015d0    r-x
  00000000    00000000    0000026c   0000026c    r-- .intvecs
  0000026c    0000026c    00001168   00001168    r-x .text
  000013d4    000013d4    000001c2   000001c2    r-- .const
  00001598    00001598    00000038   00000038    r-- .cinit
20000000    20000000    00000100   00000000    rw-
  20000000    20000000    00000100   00000000    rw- .stack
20000100    20000100    00000024   0000001c    rw-
  20000100    20000100    0000001c   0000001c    rw- .data
  2000011c    2000011c    00000008   00000000    rw- .bss


SECTION ALLOCATION MAP

 output                                  attributes/
section   page    origin      length       input sections
--------  ----  ----------  ----------   ----------------
.intvecs   0    00000000    0000026c     
                  00000000    0000026c     startup_ccs.obj (.intvecs)

.text      0    0000026c    00001168     
                  0000026c    0000047c     uartstdio.obj (.text)
                  000006e8    000001d8     driverlib-cm4f.lib : sysctl.obj (.text:SysCtlClockGet)
                  000008c0    0000013c                        : sysctl.obj (.text:SysCtlClockSet)
                  000009fc    00000110     pins.obj (.text)
                  00000b0c    000000dc     main.obj (.text)
                  00000be8    000000c8     driverlib-cm4f.lib : gpio.obj (.text:GPIOPadConfigSet)
                  00000cb0    0000009c     rtsv7M4_T_le_v4SPD16_eabi.lib : memcpy_t2.obj (.text)
                  00000d4c    00000094                                   : auto_init.obj (.text)
                  00000de0    00000078     driverlib-cm4f.lib : sysctl.obj (.text:SysCtlPeripheralPresent)
                  00000e58    0000006c                        : adc.obj (.text:ADCSequenceStepConfigure)
                  00000ec4    00000064                        : interrupt.obj (.text:IntEnable)
                  00000f28    0000005e     rtsv7M4_T_le_v4SPD16_eabi.lib : copy_decompress_rle.obj (.text)
                  00000f86    00000002     --HOLE-- [fill = 0]
                  00000f88    00000058     driverlib-cm4f.lib : sysctl.obj (.text:SysCtlPeripheralEnable)
                  00000fe0    0000004c     rtsv7M4_T_le_v4SPD16_eabi.lib : cpy_tbl.obj (.text)
                  0000102c    00000048     driverlib-cm4f.lib : gpio.obj (.text:GPIOPinConfigure)
                  00001074    00000048     rtsv7M4_T_le_v4SPD16_eabi.lib : boot.obj (.text)
                  000010bc    00000044                                   : exit.obj (.text)
                  00001100    00000042     driverlib-cm4f.lib : uart.obj (.text:UARTConfigSetExpClk)
                  00001142    00000042     rtsv7M4_T_le_v4SPD16_eabi.lib : u_divt2.obj (.text)
                  00001184    0000002e     driverlib-cm4f.lib : adc.obj (.text:ADCIntStatus)
                  000011b2    0000002e                        : gpio.obj (.text:GPIODirModeSet)
                  000011e0    0000002a                        : adc.obj (.text:ADCSequenceConfigure)
                  0000120a    00000002     --HOLE-- [fill = 0]
                  0000120c    00000028                        : timer.obj (.text:TimerConfigure)
                  00001234    00000020                        : adc.obj (.text:ADCSequenceDataGet)
                  00001254    00000020                        : sysctl.obj (.text:SysCtlADCSpeedSet)
                  00001274    0000001c                        : uart.obj (.text:UARTDisable)
                  00001290    00000018     rtsv7M4_T_le_v4SPD16_eabi.lib : _lock.obj (.text)
                  000012a8    00000018                                   : args_main.obj (.text)
                  000012c0    00000016     driverlib-cm4f.lib : adc.obj (.text:ADCProcessorTrigger)
                  000012d6    00000014                        : uart.obj (.text:UARTEnable)
                  000012ea    00000012                        : gpio.obj (.text:GPIOPinTypeADC)
                  000012fc    00000012                        : gpio.obj (.text:GPIOPinTypeTimer)
                  0000130e    00000012                        : gpio.obj (.text:GPIOPinTypeUART)
                  00001320    00000012                        : timer.obj (.text:TimerLoadSet)
                  00001332    00000012     rtsv7M4_T_le_v4SPD16_eabi.lib : copy_zero_init.obj (.text:decompress:ZI)
                  00001344    0000000e     driverlib-cm4f.lib : adc.obj (.text:ADCSequenceDisable)
                  00001352    0000000e                        : adc.obj (.text:ADCSequenceEnable)
                  00001360    0000000e                        : timer.obj (.text:TimerEnable)
                  0000136e    0000000e     rtsv7M4_T_le_v4SPD16_eabi.lib : copy_decompress_none.obj (.text:decompress:none)
                  0000137c    0000000c     driverlib-cm4f.lib : cpu.obj (.text:CPUcpsie)
                  00001388    0000000c     startup_ccs.obj (.text)
                  00001394    0000000a     driverlib-cm4f.lib : adc.obj (.text:ADCIntClear)
                  0000139e    0000000a                        : interrupt.obj (.text:IntMasterEnable)
                  000013a8    0000000a                        : uart.obj (.text:UARTCharGet)
                  000013b2    0000000a                        : uart.obj (.text:UARTCharPut)
                  000013bc    00000008                        : timer.obj (.text:TimerIntEnable)
                  000013c4    00000006                        : sysctl.obj (.text:SysCtlDelay)
                  000013ca    00000006     rtsv7M4_T_le_v4SPD16_eabi.lib : copy_decompress_rle.obj (.text:decompress:rle24)
                  000013d0    00000004     driverlib-cm4f.lib : timer.obj (.text:TimerIntClear)

.const     0    000013d4    000001c2     
                  000013d4    00000078     driverlib-cm4f.lib : gpio.obj (.const:g_pulGPIOBaseAddrs)
                  0000144c    00000070                        : interrupt.obj (.const)
                  000014bc    0000006c                        : sysctl.obj (.const:g_pulXtals)
                  00001528    00000040                        : sysctl.obj (.const)
                  00001568    0000001c     uartstdio.obj (.const)
                  00001584    00000012     uartstdio.obj (.const:.string)

.cinit     0    00001598    00000038     
                  00001598    0000000f     (.cinit..data.load) [load image, compression = rle]
                  000015a7    00000001     --HOLE-- [fill = 0]
                  000015a8    0000000c     (__TI_handler_table)
                  000015b4    00000004     --HOLE-- [fill = 0]
                  000015b8    00000008     (.cinit..bss.load) [load image, compression = zero_init]
                  000015c0    00000010     (__TI_cinit_table)

.stack     0    20000000    00000100     UNINITIALIZED
                  20000000    00000100     --HOLE--

.data      0    20000100    0000001c     
                  20000100    00000008     rtsv7M4_T_le_v4SPD16_eabi.lib : _lock.obj (.data)
                  20000108    00000008                                   : exit.obj (.data)
                  20000110    00000005     uartstdio.obj (.data)
                  20000115    00000003     --HOLE--
                  20000118    00000004     rtsv7M4_T_le_v4SPD16_eabi.lib : stkdepth_vars.obj (.data)

.bss       0    2000011c    00000008     UNINITIALIZED
                  2000011c    00000008     main.obj (.bss)


LINKER GENERATED COPY TABLES

__TI_cinit_table @ 000015c0 records: 2, size/record: 8, table size: 16
	.data: load addr=00001598, load size=0000000f bytes, run addr=20000100, run size=0000001c bytes, compression=rle
	.bss: load addr=000015b8, load size=00000008 bytes, run addr=2000011c, run size=00000008 bytes, compression=zero_init


LINKER GENERATED HANDLER TABLE

__TI_handler_table @ 000015a8 records: 3, size/record: 4, table size: 12
	index: 0, handler: __TI_decompress_rle24
	index: 1, handler: __TI_decompress_none
	index: 2, handler: __TI_zero_init


GLOBAL SYMBOLS: SORTED ALPHABETICALLY BY Name 

address    name
--------   ----
00001395   ADCIntClear
00001185   ADCIntStatus
000012c1   ADCProcessorTrigger
000011e1   ADCSequenceConfigure
00001235   ADCSequenceDataGet
00001345   ADCSequenceDisable
00001353   ADCSequenceEnable
00000e59   ADCSequenceStepConfigure
000010bd   C$$EXIT
0000137d   CPUcpsie
000011b3   GPIODirModeSet
00000be9   GPIOPadConfigSet
0000102d   GPIOPinConfigure
000012eb   GPIOPinTypeADC
000012fd   GPIOPinTypeTimer
0000130f   GPIOPinTypeUART
00000ec5   IntEnable
0000139f   IntMasterEnable
000009fd   PortFunctionInit
00001389   ResetISR
UNDEFED    SHT$$INIT_ARRAY$$Base
UNDEFED    SHT$$INIT_ARRAY$$Limit
00001255   SysCtlADCSpeedSet
000006e9   SysCtlClockGet
000008c1   SysCtlClockSet
000013c5   SysCtlDelay
00000f89   SysCtlPeripheralEnable
00000de1   SysCtlPeripheralPresent
00000b93   Timer0IntHandler
0000120d   TimerConfigure
00001361   TimerEnable
000013d1   TimerIntClear
000013bd   TimerIntEnable
00001321   TimerLoadSet
000013a9   UARTCharGet
000013b3   UARTCharPut
00001101   UARTConfigSetExpClk
00001275   UARTDisable
000012d7   UARTEnable
0000026d   UARTStdioConfig
000002b3   UARTStdioInit
000002c9   UARTStdioInitExpClk
000003dd   UARTgetc
00000325   UARTgets
00000405   UARTprintf
000002df   UARTwrite
20000100   __STACK_END
00000100   __STACK_SIZE
20000100   __STACK_TOP
000015c0   __TI_CINIT_Base
000015d0   __TI_CINIT_Limit
000015a8   __TI_Handler_Table_Base
000015b4   __TI_Handler_Table_Limit
00000001   __TI_args_main
00000d4d   __TI_auto_init
0000136f   __TI_decompress_none
000013cb   __TI_decompress_rle24
00000000   __TI_static_base__
00001333   __TI_zero_init
00000cb1   __aeabi_memcpy
00000cb1   __aeabi_memcpy4
00000cb1   __aeabi_memcpy8
00001143   __aeabi_uidivmod
ffffffff   __binit__
ffffffff   __c_args__
20000000   __stack
000012a9   _args_main
00001075   _c_int00
20000108   _cleanup_ptr
2000010c   _dtors_ptr
20000100   _lock
0000129d   _nop
00001297   _register_lock
00001291   _register_unlock
20000104   _unlock
000010c1   abort
ffffffff   binit
00000fe1   copy_in
000010c9   exit
00000000   g_pfnVectors
00000b0d   main
20000118   main_func_sp
00000cb1   memcpy
2000011c   ulCurrent
20000120   ulLVDT


GLOBAL SYMBOLS: SORTED BY Symbol Address 

address    name
--------   ----
00000000   __TI_static_base__
00000000   g_pfnVectors
00000001   __TI_args_main
00000100   __STACK_SIZE
0000026d   UARTStdioConfig
000002b3   UARTStdioInit
000002c9   UARTStdioInitExpClk
000002df   UARTwrite
00000325   UARTgets
000003dd   UARTgetc
00000405   UARTprintf
000006e9   SysCtlClockGet
000008c1   SysCtlClockSet
000009fd   PortFunctionInit
00000b0d   main
00000b93   Timer0IntHandler
00000be9   GPIOPadConfigSet
00000cb1   __aeabi_memcpy
00000cb1   __aeabi_memcpy4
00000cb1   __aeabi_memcpy8
00000cb1   memcpy
00000d4d   __TI_auto_init
00000de1   SysCtlPeripheralPresent
00000e59   ADCSequenceStepConfigure
00000ec5   IntEnable
00000f89   SysCtlPeripheralEnable
00000fe1   copy_in
0000102d   GPIOPinConfigure
00001075   _c_int00
000010bd   C$$EXIT
000010c1   abort
000010c9   exit
00001101   UARTConfigSetExpClk
00001143   __aeabi_uidivmod
00001185   ADCIntStatus
000011b3   GPIODirModeSet
000011e1   ADCSequenceConfigure
0000120d   TimerConfigure
00001235   ADCSequenceDataGet
00001255   SysCtlADCSpeedSet
00001275   UARTDisable
00001291   _register_unlock
00001297   _register_lock
0000129d   _nop
000012a9   _args_main
000012c1   ADCProcessorTrigger
000012d7   UARTEnable
000012eb   GPIOPinTypeADC
000012fd   GPIOPinTypeTimer
0000130f   GPIOPinTypeUART
00001321   TimerLoadSet
00001333   __TI_zero_init
00001345   ADCSequenceDisable
00001353   ADCSequenceEnable
00001361   TimerEnable
0000136f   __TI_decompress_none
0000137d   CPUcpsie
00001389   ResetISR
00001395   ADCIntClear
0000139f   IntMasterEnable
000013a9   UARTCharGet
000013b3   UARTCharPut
000013bd   TimerIntEnable
000013c5   SysCtlDelay
000013cb   __TI_decompress_rle24
000013d1   TimerIntClear
000015a8   __TI_Handler_Table_Base
000015b4   __TI_Handler_Table_Limit
000015c0   __TI_CINIT_Base
000015d0   __TI_CINIT_Limit
20000000   __stack
20000100   __STACK_END
20000100   __STACK_TOP
20000100   _lock
20000104   _unlock
20000108   _cleanup_ptr
2000010c   _dtors_ptr
20000118   main_func_sp
2000011c   ulCurrent
20000120   ulLVDT
ffffffff   __binit__
ffffffff   __c_args__
ffffffff   binit
UNDEFED    SHT$$INIT_ARRAY$$Base
UNDEFED    SHT$$INIT_ARRAY$$Limit

[85 symbols]
