******************************************************************************
                  TMS470 Linker PC v4.9.5                      
******************************************************************************
>> Linked Mon Apr 01 19:46:35 2013

OUTPUT FILE NAME:   <ADCSampler.out>
ENTRY POINT SYMBOL: "_c_int00"  address: 00001059


MEMORY CONFIGURATION

         name            origin    length      used     unused   attr    fill
----------------------  --------  ---------  --------  --------  ----  --------
  FLASH                 00000000   00040000  000015cc  0003ea34  R  X
  SRAM                  20000000   00008000  00000120  00007ee0  RW X


SEGMENT ALLOCATION MAP

run origin  load origin   length   init length attrs members
----------  ----------- ---------- ----------- ----- -------
00000000    00000000    000015d0   000015d0    r-x
  00000000    00000000    0000026c   0000026c    r-- .intvecs
  0000026c    0000026c    00001166   00001166    r-x .text
  000013d4    000013d4    000001c2   000001c2    r-- .const
  00001598    00001598    00000038   00000038    r-- .cinit
20000000    20000000    00000100   00000000    rw-
  20000000    20000000    00000100   00000000    rw- .stack
20000100    20000100    00000020   0000001c    rw-
  20000100    20000100    0000001c   0000001c    rw- .data
  2000011c    2000011c    00000004   00000000    rw- .bss


SECTION ALLOCATION MAP

 output                                  attributes/
section   page    origin      length       input sections
--------  ----  ----------  ----------   ----------------
.intvecs   0    00000000    0000026c     
                  00000000    0000026c     startup_ccs.obj (.intvecs)

.text      0    0000026c    00001166     
                  0000026c    0000047c     uartstdio.obj (.text)
                  000006e8    000001d8     driverlib-cm4f.lib : sysctl.obj (.text:SysCtlClockGet)
                  000008c0    0000013c                        : sysctl.obj (.text:SysCtlClockSet)
                  000009fc    00000110     pins.obj (.text)
                  00000b0c    000000c8     driverlib-cm4f.lib : gpio.obj (.text:GPIOPadConfigSet)
                  00000bd4    000000c0     main.obj (.text)
                  00000c94    0000009c     rtsv7M4_T_le_v4SPD16_eabi.lib : memcpy_t2.obj (.text)
                  00000d30    00000094                                   : auto_init.obj (.text)
                  00000dc4    00000078     driverlib-cm4f.lib : sysctl.obj (.text:SysCtlPeripheralPresent)
                  00000e3c    0000006c                        : adc.obj (.text:ADCSequenceStepConfigure)
                  00000ea8    00000064                        : interrupt.obj (.text:IntEnable)
                  00000f0c    0000005e     rtsv7M4_T_le_v4SPD16_eabi.lib : copy_decompress_rle.obj (.text)
                  00000f6a    00000002     --HOLE-- [fill = 0]
                  00000f6c    00000058     driverlib-cm4f.lib : sysctl.obj (.text:SysCtlPeripheralEnable)
                  00000fc4    0000004c     rtsv7M4_T_le_v4SPD16_eabi.lib : cpy_tbl.obj (.text)
                  00001010    00000048     driverlib-cm4f.lib : gpio.obj (.text:GPIOPinConfigure)
                  00001058    00000048     rtsv7M4_T_le_v4SPD16_eabi.lib : boot.obj (.text)
                  000010a0    00000044     main.obj (.text:retain)
                  000010e4    00000044     rtsv7M4_T_le_v4SPD16_eabi.lib : exit.obj (.text)
                  00001128    00000042     driverlib-cm4f.lib : uart.obj (.text:UARTConfigSetExpClk)
                  0000116a    00000042     rtsv7M4_T_le_v4SPD16_eabi.lib : u_divt2.obj (.text)
                  000011ac    0000002e     driverlib-cm4f.lib : gpio.obj (.text:GPIODirModeSet)
                  000011da    0000002a                        : adc.obj (.text:ADCSequenceConfigure)
                  00001204    00000028                        : timer.obj (.text:TimerConfigure)
                  0000122c    00000020                        : adc.obj (.text:ADCSequenceDataGet)
                  0000124c    00000020                        : sysctl.obj (.text:SysCtlADCSpeedSet)
                  0000126c    0000001c                        : uart.obj (.text:UARTDisable)
                  00001288    00000018                        : timer.obj (.text:TimerControlTrigger)
                  000012a0    00000018     rtsv7M4_T_le_v4SPD16_eabi.lib : _lock.obj (.text)
                  000012b8    00000018                                   : args_main.obj (.text)
                  000012d0    00000014     driverlib-cm4f.lib : uart.obj (.text:UARTEnable)
                  000012e4    00000012                        : gpio.obj (.text:GPIOPinTypeADC)
                  000012f6    00000012                        : gpio.obj (.text:GPIOPinTypeTimer)
                  00001308    00000012                        : gpio.obj (.text:GPIOPinTypeUART)
                  0000131a    00000012                        : timer.obj (.text:TimerLoadSet)
                  0000132c    00000012     rtsv7M4_T_le_v4SPD16_eabi.lib : copy_zero_init.obj (.text:decompress:ZI)
                  0000133e    00000010     driverlib-cm4f.lib : adc.obj (.text:ADCIntEnable)
                  0000134e    0000000e                        : adc.obj (.text:ADCSequenceDisable)
                  0000135c    0000000e                        : adc.obj (.text:ADCSequenceEnable)
                  0000136a    0000000e                        : timer.obj (.text:TimerEnable)
                  00001378    0000000e     rtsv7M4_T_le_v4SPD16_eabi.lib : copy_decompress_none.obj (.text:decompress:none)
                  00001386    0000000c     driverlib-cm4f.lib : cpu.obj (.text:CPUcpsie)
                  00001392    0000000c     startup_ccs.obj (.text)
                  0000139e    0000000a     driverlib-cm4f.lib : adc.obj (.text:ADCIntClear)
                  000013a8    0000000a                        : interrupt.obj (.text:IntMasterEnable)
                  000013b2    0000000a                        : uart.obj (.text:UARTCharGet)
                  000013bc    0000000a                        : uart.obj (.text:UARTCharPut)
                  000013c6    00000006                        : sysctl.obj (.text:SysCtlDelay)
                  000013cc    00000006     rtsv7M4_T_le_v4SPD16_eabi.lib : copy_decompress_rle.obj (.text:decompress:rle24)

.const     0    000013d4    000001c2     
                  000013d4    00000078     driverlib-cm4f.lib : gpio.obj (.const:g_pulGPIOBaseAddrs)
                  0000144c    00000070                        : interrupt.obj (.const)
                  000014bc    0000006c                        : sysctl.obj (.const:g_pulXtals)
                  00001528    00000040                        : sysctl.obj (.const)
                  00001568    0000001c     uartstdio.obj (.const)
                  00001584    00000012     uartstdio.obj (.const:.string)

.cinit     0    00001598    00000038     
                  00001598    0000000f     (.cinit..data.load) [load image, compression = rle]
                  000015a7    00000001     --HOLE-- [fill = 0]
                  000015a8    0000000c     (__TI_handler_table)
                  000015b4    00000004     --HOLE-- [fill = 0]
                  000015b8    00000008     (.cinit..bss.load) [load image, compression = zero_init]
                  000015c0    00000010     (__TI_cinit_table)

.stack     0    20000000    00000100     UNINITIALIZED
                  20000000    00000100     --HOLE--

.data      0    20000100    0000001c     
                  20000100    00000008     rtsv7M4_T_le_v4SPD16_eabi.lib : _lock.obj (.data)
                  20000108    00000008                                   : exit.obj (.data)
                  20000110    00000005     uartstdio.obj (.data)
                  20000115    00000003     --HOLE--
                  20000118    00000004     rtsv7M4_T_le_v4SPD16_eabi.lib : stkdepth_vars.obj (.data)

.bss       0    2000011c    00000004     UNINITIALIZED
                  2000011c    00000004     main.obj (.bss)


LINKER GENERATED COPY TABLES

__TI_cinit_table @ 000015c0 records: 2, size/record: 8, table size: 16
	.data: load addr=00001598, load size=0000000f bytes, run addr=20000100, run size=0000001c bytes, compression=rle
	.bss: load addr=000015b8, load size=00000008 bytes, run addr=2000011c, run size=00000004 bytes, compression=zero_init


LINKER GENERATED HANDLER TABLE

__TI_handler_table @ 000015a8 records: 3, size/record: 4, table size: 12
	index: 0, handler: __TI_decompress_rle24
	index: 1, handler: __TI_decompress_none
	index: 2, handler: __TI_zero_init


GLOBAL SYMBOLS: SORTED ALPHABETICALLY BY Name 

address    name
--------   ----
000010a1   ADC0IntHandler
0000139f   ADCIntClear
0000133f   ADCIntEnable
000011db   ADCSequenceConfigure
0000122d   ADCSequenceDataGet
0000134f   ADCSequenceDisable
0000135d   ADCSequenceEnable
00000e3d   ADCSequenceStepConfigure
000010e5   C$$EXIT
00001387   CPUcpsie
000011ad   GPIODirModeSet
00000b0d   GPIOPadConfigSet
00001011   GPIOPinConfigure
000012e5   GPIOPinTypeADC
000012f7   GPIOPinTypeTimer
00001309   GPIOPinTypeUART
00000ea9   IntEnable
000013a9   IntMasterEnable
000009fd   PortFunctionInit
00001393   ResetISR
UNDEFED    SHT$$INIT_ARRAY$$Base
UNDEFED    SHT$$INIT_ARRAY$$Limit
0000124d   SysCtlADCSpeedSet
000006e9   SysCtlClockGet
000008c1   SysCtlClockSet
000013c7   SysCtlDelay
00000f6d   SysCtlPeripheralEnable
00000dc5   SysCtlPeripheralPresent
00001205   TimerConfigure
00001289   TimerControlTrigger
0000136b   TimerEnable
0000131b   TimerLoadSet
000013b3   UARTCharGet
000013bd   UARTCharPut
00001129   UARTConfigSetExpClk
0000126d   UARTDisable
000012d1   UARTEnable
0000026d   UARTStdioConfig
000002b3   UARTStdioInit
000002c9   UARTStdioInitExpClk
000003dd   UARTgetc
00000325   UARTgets
00000405   UARTprintf
000002df   UARTwrite
20000100   __STACK_END
00000100   __STACK_SIZE
20000100   __STACK_TOP
000015c0   __TI_CINIT_Base
000015d0   __TI_CINIT_Limit
000015a8   __TI_Handler_Table_Base
000015b4   __TI_Handler_Table_Limit
00000001   __TI_args_main
00000d31   __TI_auto_init
00001379   __TI_decompress_none
000013cd   __TI_decompress_rle24
00000000   __TI_static_base__
0000132d   __TI_zero_init
00000c95   __aeabi_memcpy
00000c95   __aeabi_memcpy4
00000c95   __aeabi_memcpy8
0000116b   __aeabi_uidivmod
ffffffff   __binit__
ffffffff   __c_args__
20000000   __stack
000012b9   _args_main
00001059   _c_int00
20000108   _cleanup_ptr
2000010c   _dtors_ptr
20000100   _lock
000012ad   _nop
000012a7   _register_lock
000012a1   _register_unlock
20000104   _unlock
000010e9   abort
ffffffff   binit
00000fc5   copy_in
000010f1   exit
00000000   g_pfnVectors
00000bd5   main
20000118   main_func_sp
00000c95   memcpy
2000011c   ulCurrent


GLOBAL SYMBOLS: SORTED BY Symbol Address 

address    name
--------   ----
00000000   __TI_static_base__
00000000   g_pfnVectors
00000001   __TI_args_main
00000100   __STACK_SIZE
0000026d   UARTStdioConfig
000002b3   UARTStdioInit
000002c9   UARTStdioInitExpClk
000002df   UARTwrite
00000325   UARTgets
000003dd   UARTgetc
00000405   UARTprintf
000006e9   SysCtlClockGet
000008c1   SysCtlClockSet
000009fd   PortFunctionInit
00000b0d   GPIOPadConfigSet
00000bd5   main
00000c95   __aeabi_memcpy
00000c95   __aeabi_memcpy4
00000c95   __aeabi_memcpy8
00000c95   memcpy
00000d31   __TI_auto_init
00000dc5   SysCtlPeripheralPresent
00000e3d   ADCSequenceStepConfigure
00000ea9   IntEnable
00000f6d   SysCtlPeripheralEnable
00000fc5   copy_in
00001011   GPIOPinConfigure
00001059   _c_int00
000010a1   ADC0IntHandler
000010e5   C$$EXIT
000010e9   abort
000010f1   exit
00001129   UARTConfigSetExpClk
0000116b   __aeabi_uidivmod
000011ad   GPIODirModeSet
000011db   ADCSequenceConfigure
00001205   TimerConfigure
0000122d   ADCSequenceDataGet
0000124d   SysCtlADCSpeedSet
0000126d   UARTDisable
00001289   TimerControlTrigger
000012a1   _register_unlock
000012a7   _register_lock
000012ad   _nop
000012b9   _args_main
000012d1   UARTEnable
000012e5   GPIOPinTypeADC
000012f7   GPIOPinTypeTimer
00001309   GPIOPinTypeUART
0000131b   TimerLoadSet
0000132d   __TI_zero_init
0000133f   ADCIntEnable
0000134f   ADCSequenceDisable
0000135d   ADCSequenceEnable
0000136b   TimerEnable
00001379   __TI_decompress_none
00001387   CPUcpsie
00001393   ResetISR
0000139f   ADCIntClear
000013a9   IntMasterEnable
000013b3   UARTCharGet
000013bd   UARTCharPut
000013c7   SysCtlDelay
000013cd   __TI_decompress_rle24
000015a8   __TI_Handler_Table_Base
000015b4   __TI_Handler_Table_Limit
000015c0   __TI_CINIT_Base
000015d0   __TI_CINIT_Limit
20000000   __stack
20000100   __STACK_END
20000100   __STACK_TOP
20000100   _lock
20000104   _unlock
20000108   _cleanup_ptr
2000010c   _dtors_ptr
20000118   main_func_sp
2000011c   ulCurrent
ffffffff   __binit__
ffffffff   __c_args__
ffffffff   binit
UNDEFED    SHT$$INIT_ARRAY$$Base
UNDEFED    SHT$$INIT_ARRAY$$Limit

[82 symbols]
