******************************************************************************
                  TMS470 Linker PC v4.9.5                      
******************************************************************************
>> Linked Tue Apr 02 21:17:00 2013

OUTPUT FILE NAME:   <ADCSampler.out>
ENTRY POINT SYMBOL: "_c_int00"  address: 00001059


MEMORY CONFIGURATION

         name            origin    length      used     unused   attr    fill
----------------------  --------  ---------  --------  --------  ----  --------
  FLASH                 00000000   00040000  000015a2  0003ea5e  R  X
  SRAM                  20000000   00008000  00000124  00007edc  RW X


SEGMENT ALLOCATION MAP

run origin  load origin   length   init length attrs members
----------  ----------- ---------- ----------- ----- -------
00000000    00000000    000015a4   000015a4    r-x
  00000000    00000000    0000026c   0000026c    r-- .intvecs
  0000026c    0000026c    00001150   00001150    r-x .text
  000013bc    000013bc    000001c2   000001c2    r-- .const
  00001580    00001580    00000024   00000024    r-- .cinit
20000000    20000000    00000100   00000000    rw-
  20000000    20000000    00000100   00000000    rw- .stack
20000100    20000100    00000024   00000024    rw-
  20000100    20000100    00000024   00000024    rw- .data


SECTION ALLOCATION MAP

 output                                  attributes/
section   page    origin      length       input sections
--------  ----  ----------  ----------   ----------------
.intvecs   0    00000000    0000026c     
                  00000000    0000026c     startup_ccs.obj (.intvecs)

.text      0    0000026c    00001150     
                  0000026c    0000047c     uartstdio.obj (.text)
                  000006e8    000001d8     driverlib-cm4f.lib : sysctl.obj (.text:SysCtlClockGet)
                  000008c0    0000013c                        : sysctl.obj (.text:SysCtlClockSet)
                  000009fc    00000110     pins.obj (.text)
                  00000b0c    000000c8     driverlib-cm4f.lib : gpio.obj (.text:GPIOPadConfigSet)
                  00000bd4    000000c0     main.obj (.text)
                  00000c94    0000009c     rtsv7M4_T_le_v4SPD16_eabi.lib : memcpy_t2.obj (.text)
                  00000d30    00000094                                   : auto_init.obj (.text)
                  00000dc4    00000078     driverlib-cm4f.lib : sysctl.obj (.text:SysCtlPeripheralPresent)
                  00000e3c    0000006c                        : adc.obj (.text:ADCSequenceStepConfigure)
                  00000ea8    00000064                        : interrupt.obj (.text:IntEnable)
                  00000f0c    0000005e     rtsv7M4_T_le_v4SPD16_eabi.lib : copy_decompress_rle.obj (.text)
                  00000f6a    00000002     --HOLE-- [fill = 0]
                  00000f6c    00000058     driverlib-cm4f.lib : sysctl.obj (.text:SysCtlPeripheralEnable)
                  00000fc4    0000004c     rtsv7M4_T_le_v4SPD16_eabi.lib : cpy_tbl.obj (.text)
                  00001010    00000048     driverlib-cm4f.lib : gpio.obj (.text:GPIOPinConfigure)
                  00001058    00000048     rtsv7M4_T_le_v4SPD16_eabi.lib : boot.obj (.text)
                  000010a0    00000044                                   : exit.obj (.text)
                  000010e4    00000042     driverlib-cm4f.lib : uart.obj (.text:UARTConfigSetExpClk)
                  00001126    00000042     rtsv7M4_T_le_v4SPD16_eabi.lib : u_divt2.obj (.text)
                  00001168    00000040     main.obj (.text:retain)
                  000011a8    0000002e     driverlib-cm4f.lib : gpio.obj (.text:GPIODirModeSet)
                  000011d6    0000002a                        : adc.obj (.text:ADCSequenceConfigure)
                  00001200    00000028                        : timer.obj (.text:TimerConfigure)
                  00001228    00000020                        : adc.obj (.text:ADCSequenceDataGet)
                  00001248    00000020                        : sysctl.obj (.text:SysCtlADCSpeedSet)
                  00001268    0000001c                        : uart.obj (.text:UARTDisable)
                  00001284    00000018                        : timer.obj (.text:TimerControlTrigger)
                  0000129c    00000018     rtsv7M4_T_le_v4SPD16_eabi.lib : _lock.obj (.text)
                  000012b4    00000018                                   : args_main.obj (.text)
                  000012cc    00000014     driverlib-cm4f.lib : uart.obj (.text:UARTEnable)
                  000012e0    00000012                        : gpio.obj (.text:GPIOPinTypeADC)
                  000012f2    00000012                        : gpio.obj (.text:GPIOPinTypeTimer)
                  00001304    00000012                        : gpio.obj (.text:GPIOPinTypeUART)
                  00001316    00000012                        : timer.obj (.text:TimerLoadSet)
                  00001328    00000010                        : adc.obj (.text:ADCIntEnable)
                  00001338    0000000e                        : adc.obj (.text:ADCSequenceDisable)
                  00001346    0000000e                        : adc.obj (.text:ADCSequenceEnable)
                  00001354    0000000e                        : timer.obj (.text:TimerEnable)
                  00001362    0000000e     rtsv7M4_T_le_v4SPD16_eabi.lib : copy_decompress_none.obj (.text:decompress:none)
                  00001370    0000000c     driverlib-cm4f.lib : cpu.obj (.text:CPUcpsie)
                  0000137c    0000000c     startup_ccs.obj (.text)
                  00001388    0000000a     driverlib-cm4f.lib : adc.obj (.text:ADCIntClear)
                  00001392    0000000a                        : interrupt.obj (.text:IntMasterEnable)
                  0000139c    0000000a                        : uart.obj (.text:UARTCharGet)
                  000013a6    0000000a                        : uart.obj (.text:UARTCharPut)
                  000013b0    00000006                        : sysctl.obj (.text:SysCtlDelay)
                  000013b6    00000006     rtsv7M4_T_le_v4SPD16_eabi.lib : copy_decompress_rle.obj (.text:decompress:rle24)

.const     0    000013bc    000001c2     
                  000013bc    00000078     driverlib-cm4f.lib : gpio.obj (.const:g_pulGPIOBaseAddrs)
                  00001434    00000070                        : interrupt.obj (.const)
                  000014a4    0000006c                        : sysctl.obj (.const:g_pulXtals)
                  00001510    00000040                        : sysctl.obj (.const)
                  00001550    0000001c     uartstdio.obj (.const)
                  0000156c    00000012     uartstdio.obj (.const:.string)

.cinit     0    00001580    00000024     
                  00001580    00000012     (.cinit..data.load) [load image, compression = rle]
                  00001592    00000002     --HOLE-- [fill = 0]
                  00001594    00000008     (__TI_handler_table)
                  0000159c    00000008     (__TI_cinit_table)

.stack     0    20000000    00000100     UNINITIALIZED
                  20000000    00000100     --HOLE--

.data      0    20000100    00000024     
                  20000100    00000008     main.obj (.data)
                  20000108    00000008     rtsv7M4_T_le_v4SPD16_eabi.lib : _lock.obj (.data)
                  20000110    00000008                                   : exit.obj (.data)
                  20000118    00000005     uartstdio.obj (.data)
                  2000011d    00000003     --HOLE--
                  20000120    00000004     rtsv7M4_T_le_v4SPD16_eabi.lib : stkdepth_vars.obj (.data)


LINKER GENERATED COPY TABLES

__TI_cinit_table @ 0000159c records: 1, size/record: 8, table size: 8
	.data: load addr=00001580, load size=00000012 bytes, run addr=20000100, run size=00000024 bytes, compression=rle


LINKER GENERATED HANDLER TABLE

__TI_handler_table @ 00001594 records: 2, size/record: 4, table size: 8
	index: 0, handler: __TI_decompress_rle24
	index: 1, handler: __TI_decompress_none


GLOBAL SYMBOLS: SORTED ALPHABETICALLY BY Name 

address    name
--------   ----
00001169   ADC0IntHandler
00001389   ADCIntClear
00001329   ADCIntEnable
000011d7   ADCSequenceConfigure
00001229   ADCSequenceDataGet
00001339   ADCSequenceDisable
00001347   ADCSequenceEnable
00000e3d   ADCSequenceStepConfigure
000010a1   C$$EXIT
00001371   CPUcpsie
000011a9   GPIODirModeSet
00000b0d   GPIOPadConfigSet
00001011   GPIOPinConfigure
000012e1   GPIOPinTypeADC
000012f3   GPIOPinTypeTimer
00001305   GPIOPinTypeUART
00000ea9   IntEnable
00001393   IntMasterEnable
000009fd   PortFunctionInit
0000137d   ResetISR
UNDEFED    SHT$$INIT_ARRAY$$Base
UNDEFED    SHT$$INIT_ARRAY$$Limit
00001249   SysCtlADCSpeedSet
000006e9   SysCtlClockGet
000008c1   SysCtlClockSet
000013b1   SysCtlDelay
00000f6d   SysCtlPeripheralEnable
00000dc5   SysCtlPeripheralPresent
00001201   TimerConfigure
00001285   TimerControlTrigger
00001355   TimerEnable
00001317   TimerLoadSet
0000139d   UARTCharGet
000013a7   UARTCharPut
000010e5   UARTConfigSetExpClk
00001269   UARTDisable
000012cd   UARTEnable
0000026d   UARTStdioConfig
000002b3   UARTStdioInit
000002c9   UARTStdioInitExpClk
000003dd   UARTgetc
00000325   UARTgets
00000405   UARTprintf
000002df   UARTwrite
20000100   __STACK_END
00000100   __STACK_SIZE
20000100   __STACK_TOP
0000159c   __TI_CINIT_Base
000015a4   __TI_CINIT_Limit
00001594   __TI_Handler_Table_Base
0000159c   __TI_Handler_Table_Limit
00000001   __TI_args_main
00000d31   __TI_auto_init
00001363   __TI_decompress_none
000013b7   __TI_decompress_rle24
00000000   __TI_static_base__
00000c95   __aeabi_memcpy
00000c95   __aeabi_memcpy4
00000c95   __aeabi_memcpy8
00001127   __aeabi_uidivmod
ffffffff   __binit__
ffffffff   __c_args__
20000000   __stack
000012b5   _args_main
00001059   _c_int00
20000110   _cleanup_ptr
20000114   _dtors_ptr
20000108   _lock
000012a9   _nop
000012a3   _register_lock
0000129d   _register_unlock
2000010c   _unlock
000010a5   abort
ffffffff   binit
00000fc5   copy_in
000010ad   exit
00000000   g_pfnVectors
00000bd5   main
20000120   main_func_sp
00000c95   memcpy
20000100   ulCurrent
20000104   ulLVDT


GLOBAL SYMBOLS: SORTED BY Symbol Address 

address    name
--------   ----
00000000   __TI_static_base__
00000000   g_pfnVectors
00000001   __TI_args_main
00000100   __STACK_SIZE
0000026d   UARTStdioConfig
000002b3   UARTStdioInit
000002c9   UARTStdioInitExpClk
000002df   UARTwrite
00000325   UARTgets
000003dd   UARTgetc
00000405   UARTprintf
000006e9   SysCtlClockGet
000008c1   SysCtlClockSet
000009fd   PortFunctionInit
00000b0d   GPIOPadConfigSet
00000bd5   main
00000c95   __aeabi_memcpy
00000c95   __aeabi_memcpy4
00000c95   __aeabi_memcpy8
00000c95   memcpy
00000d31   __TI_auto_init
00000dc5   SysCtlPeripheralPresent
00000e3d   ADCSequenceStepConfigure
00000ea9   IntEnable
00000f6d   SysCtlPeripheralEnable
00000fc5   copy_in
00001011   GPIOPinConfigure
00001059   _c_int00
000010a1   C$$EXIT
000010a5   abort
000010ad   exit
000010e5   UARTConfigSetExpClk
00001127   __aeabi_uidivmod
00001169   ADC0IntHandler
000011a9   GPIODirModeSet
000011d7   ADCSequenceConfigure
00001201   TimerConfigure
00001229   ADCSequenceDataGet
00001249   SysCtlADCSpeedSet
00001269   UARTDisable
00001285   TimerControlTrigger
0000129d   _register_unlock
000012a3   _register_lock
000012a9   _nop
000012b5   _args_main
000012cd   UARTEnable
000012e1   GPIOPinTypeADC
000012f3   GPIOPinTypeTimer
00001305   GPIOPinTypeUART
00001317   TimerLoadSet
00001329   ADCIntEnable
00001339   ADCSequenceDisable
00001347   ADCSequenceEnable
00001355   TimerEnable
00001363   __TI_decompress_none
00001371   CPUcpsie
0000137d   ResetISR
00001389   ADCIntClear
00001393   IntMasterEnable
0000139d   UARTCharGet
000013a7   UARTCharPut
000013b1   SysCtlDelay
000013b7   __TI_decompress_rle24
00001594   __TI_Handler_Table_Base
0000159c   __TI_CINIT_Base
0000159c   __TI_Handler_Table_Limit
000015a4   __TI_CINIT_Limit
20000000   __stack
20000100   __STACK_END
20000100   __STACK_TOP
20000100   ulCurrent
20000104   ulLVDT
20000108   _lock
2000010c   _unlock
20000110   _cleanup_ptr
20000114   _dtors_ptr
20000120   main_func_sp
ffffffff   __binit__
ffffffff   __c_args__
ffffffff   binit
UNDEFED    SHT$$INIT_ARRAY$$Base
UNDEFED    SHT$$INIT_ARRAY$$Limit

[82 symbols]
