******************************************************************************
                  TMS470 Linker PC v4.9.5                      
******************************************************************************
>> Linked Tue Apr 02 21:59:03 2013

OUTPUT FILE NAME:   <ADCSampler.out>
ENTRY POINT SYMBOL: "_c_int00"  address: 00001141


MEMORY CONFIGURATION

         name            origin    length      used     unused   attr    fill
----------------------  --------  ---------  --------  --------  ----  --------
  FLASH                 00000000   00040000  0000164a  0003e9b6  R  X
  SRAM                  20000000   00008000  00000124  00007edc  RW X


SEGMENT ALLOCATION MAP

run origin  load origin   length   init length attrs members
----------  ----------- ---------- ----------- ----- -------
00000000    00000000    0000164c   0000164c    r-x
  00000000    00000000    0000026c   0000026c    r-- .intvecs
  0000026c    0000026c    000011f8   000011f8    r-x .text
  00001464    00001464    000001c2   000001c2    r-- .const
  00001628    00001628    00000024   00000024    r-- .cinit
20000000    20000000    00000100   00000000    rw-
  20000000    20000000    00000100   00000000    rw- .stack
20000100    20000100    00000024   00000024    rw-
  20000100    20000100    00000024   00000024    rw- .data


SECTION ALLOCATION MAP

 output                                  attributes/
section   page    origin      length       input sections
--------  ----  ----------  ----------   ----------------
.intvecs   0    00000000    0000026c     
                  00000000    0000026c     startup_ccs.obj (.intvecs)

.text      0    0000026c    000011f8     
                  0000026c    0000047c     uartstdio.obj (.text)
                  000006e8    000001d8     driverlib-cm4f.lib : sysctl.obj (.text:SysCtlClockGet)
                  000008c0    0000013c                        : sysctl.obj (.text:SysCtlClockSet)
                  000009fc    00000128     main.obj (.text)
                  00000b24    00000110     pins.obj (.text)
                  00000c34    000000c8     driverlib-cm4f.lib : gpio.obj (.text:GPIOPadConfigSet)
                  00000cfc    0000009c     rtsv7M4_T_le_v4SPD16_eabi.lib : memcpy_t2.obj (.text)
                  00000d98    00000094                                   : auto_init.obj (.text)
                  00000e2c    00000080     main.obj (.text:retain)
                  00000eac    00000078     driverlib-cm4f.lib : sysctl.obj (.text:SysCtlPeripheralPresent)
                  00000f24    0000006c                        : adc.obj (.text:ADCSequenceStepConfigure)
                  00000f90    00000064                        : interrupt.obj (.text:IntEnable)
                  00000ff4    0000005e     rtsv7M4_T_le_v4SPD16_eabi.lib : copy_decompress_rle.obj (.text)
                  00001052    00000002     --HOLE-- [fill = 0]
                  00001054    00000058     driverlib-cm4f.lib : sysctl.obj (.text:SysCtlPeripheralEnable)
                  000010ac    0000004c     rtsv7M4_T_le_v4SPD16_eabi.lib : cpy_tbl.obj (.text)
                  000010f8    00000048     driverlib-cm4f.lib : gpio.obj (.text:GPIOPinConfigure)
                  00001140    00000048     rtsv7M4_T_le_v4SPD16_eabi.lib : boot.obj (.text)
                  00001188    00000044                                   : exit.obj (.text)
                  000011cc    00000042     driverlib-cm4f.lib : uart.obj (.text:UARTConfigSetExpClk)
                  0000120e    00000042     rtsv7M4_T_le_v4SPD16_eabi.lib : u_divt2.obj (.text)
                  00001250    0000002e     driverlib-cm4f.lib : gpio.obj (.text:GPIODirModeSet)
                  0000127e    0000002a                        : adc.obj (.text:ADCSequenceConfigure)
                  000012a8    00000028                        : timer.obj (.text:TimerConfigure)
                  000012d0    00000020                        : adc.obj (.text:ADCSequenceDataGet)
                  000012f0    00000020                        : sysctl.obj (.text:SysCtlADCSpeedSet)
                  00001310    0000001c                        : uart.obj (.text:UARTDisable)
                  0000132c    00000018                        : timer.obj (.text:TimerControlTrigger)
                  00001344    00000018     rtsv7M4_T_le_v4SPD16_eabi.lib : _lock.obj (.text)
                  0000135c    00000018                                   : args_main.obj (.text)
                  00001374    00000014     driverlib-cm4f.lib : uart.obj (.text:UARTEnable)
                  00001388    00000012                        : gpio.obj (.text:GPIOPinTypeADC)
                  0000139a    00000012                        : gpio.obj (.text:GPIOPinTypeTimer)
                  000013ac    00000012                        : gpio.obj (.text:GPIOPinTypeUART)
                  000013be    00000012                        : timer.obj (.text:TimerLoadSet)
                  000013d0    00000010                        : adc.obj (.text:ADCIntEnable)
                  000013e0    0000000e                        : adc.obj (.text:ADCSequenceDisable)
                  000013ee    0000000e                        : adc.obj (.text:ADCSequenceEnable)
                  000013fc    0000000e                        : timer.obj (.text:TimerEnable)
                  0000140a    0000000e     rtsv7M4_T_le_v4SPD16_eabi.lib : copy_decompress_none.obj (.text:decompress:none)
                  00001418    0000000c     driverlib-cm4f.lib : cpu.obj (.text:CPUcpsie)
                  00001424    0000000c     startup_ccs.obj (.text)
                  00001430    0000000a     driverlib-cm4f.lib : adc.obj (.text:ADCIntClear)
                  0000143a    0000000a                        : interrupt.obj (.text:IntMasterEnable)
                  00001444    0000000a                        : uart.obj (.text:UARTCharGet)
                  0000144e    0000000a                        : uart.obj (.text:UARTCharPut)
                  00001458    00000006                        : sysctl.obj (.text:SysCtlDelay)
                  0000145e    00000006     rtsv7M4_T_le_v4SPD16_eabi.lib : copy_decompress_rle.obj (.text:decompress:rle24)

.const     0    00001464    000001c2     
                  00001464    00000078     driverlib-cm4f.lib : gpio.obj (.const:g_pulGPIOBaseAddrs)
                  000014dc    00000070                        : interrupt.obj (.const)
                  0000154c    0000006c                        : sysctl.obj (.const:g_pulXtals)
                  000015b8    00000040                        : sysctl.obj (.const)
                  000015f8    0000001c     uartstdio.obj (.const)
                  00001614    00000012     uartstdio.obj (.const:.string)

.cinit     0    00001628    00000024     
                  00001628    00000012     (.cinit..data.load) [load image, compression = rle]
                  0000163a    00000002     --HOLE-- [fill = 0]
                  0000163c    00000008     (__TI_handler_table)
                  00001644    00000008     (__TI_cinit_table)

.stack     0    20000000    00000100     UNINITIALIZED
                  20000000    00000100     --HOLE--

.data      0    20000100    00000024     
                  20000100    00000008     main.obj (.data)
                  20000108    00000008     rtsv7M4_T_le_v4SPD16_eabi.lib : _lock.obj (.data)
                  20000110    00000008                                   : exit.obj (.data)
                  20000118    00000005     uartstdio.obj (.data)
                  2000011d    00000003     --HOLE--
                  20000120    00000004     rtsv7M4_T_le_v4SPD16_eabi.lib : stkdepth_vars.obj (.data)


LINKER GENERATED COPY TABLES

__TI_cinit_table @ 00001644 records: 1, size/record: 8, table size: 8
	.data: load addr=00001628, load size=00000012 bytes, run addr=20000100, run size=00000024 bytes, compression=rle


LINKER GENERATED HANDLER TABLE

__TI_handler_table @ 0000163c records: 2, size/record: 4, table size: 8
	index: 0, handler: __TI_decompress_rle24
	index: 1, handler: __TI_decompress_none


GLOBAL SYMBOLS: SORTED ALPHABETICALLY BY Name 

address    name
--------   ----
00000e2d   ADC0IntHandler
00000e53   ADC1IntHandler
00001431   ADCIntClear
000013d1   ADCIntEnable
0000127f   ADCSequenceConfigure
000012d1   ADCSequenceDataGet
000013e1   ADCSequenceDisable
000013ef   ADCSequenceEnable
00000f25   ADCSequenceStepConfigure
00001189   C$$EXIT
00001419   CPUcpsie
00001251   GPIODirModeSet
00000c35   GPIOPadConfigSet
000010f9   GPIOPinConfigure
00001389   GPIOPinTypeADC
0000139b   GPIOPinTypeTimer
000013ad   GPIOPinTypeUART
00000f91   IntEnable
0000143b   IntMasterEnable
00000b25   PortFunctionInit
00001425   ResetISR
UNDEFED    SHT$$INIT_ARRAY$$Base
UNDEFED    SHT$$INIT_ARRAY$$Limit
000012f1   SysCtlADCSpeedSet
000006e9   SysCtlClockGet
000008c1   SysCtlClockSet
00001459   SysCtlDelay
00001055   SysCtlPeripheralEnable
00000ead   SysCtlPeripheralPresent
000012a9   TimerConfigure
0000132d   TimerControlTrigger
000013fd   TimerEnable
000013bf   TimerLoadSet
00001445   UARTCharGet
0000144f   UARTCharPut
000011cd   UARTConfigSetExpClk
00001311   UARTDisable
00001375   UARTEnable
0000026d   UARTStdioConfig
000002b3   UARTStdioInit
000002c9   UARTStdioInitExpClk
000003dd   UARTgetc
00000325   UARTgets
00000405   UARTprintf
000002df   UARTwrite
20000100   __STACK_END
00000100   __STACK_SIZE
20000100   __STACK_TOP
00001644   __TI_CINIT_Base
0000164c   __TI_CINIT_Limit
0000163c   __TI_Handler_Table_Base
00001644   __TI_Handler_Table_Limit
00000001   __TI_args_main
00000d99   __TI_auto_init
0000140b   __TI_decompress_none
0000145f   __TI_decompress_rle24
00000000   __TI_static_base__
00000cfd   __aeabi_memcpy
00000cfd   __aeabi_memcpy4
00000cfd   __aeabi_memcpy8
0000120f   __aeabi_uidivmod
ffffffff   __binit__
ffffffff   __c_args__
20000000   __stack
0000135d   _args_main
00001141   _c_int00
20000110   _cleanup_ptr
20000114   _dtors_ptr
20000108   _lock
00001351   _nop
0000134b   _register_lock
00001345   _register_unlock
2000010c   _unlock
0000118d   abort
ffffffff   binit
000010ad   copy_in
00001195   exit
00000000   g_pfnVectors
000009fd   main
20000120   main_func_sp
00000cfd   memcpy
20000100   ulCurrent
20000104   ulLVDT


GLOBAL SYMBOLS: SORTED BY Symbol Address 

address    name
--------   ----
00000000   __TI_static_base__
00000000   g_pfnVectors
00000001   __TI_args_main
00000100   __STACK_SIZE
0000026d   UARTStdioConfig
000002b3   UARTStdioInit
000002c9   UARTStdioInitExpClk
000002df   UARTwrite
00000325   UARTgets
000003dd   UARTgetc
00000405   UARTprintf
000006e9   SysCtlClockGet
000008c1   SysCtlClockSet
000009fd   main
00000b25   PortFunctionInit
00000c35   GPIOPadConfigSet
00000cfd   __aeabi_memcpy
00000cfd   __aeabi_memcpy4
00000cfd   __aeabi_memcpy8
00000cfd   memcpy
00000d99   __TI_auto_init
00000e2d   ADC0IntHandler
00000e53   ADC1IntHandler
00000ead   SysCtlPeripheralPresent
00000f25   ADCSequenceStepConfigure
00000f91   IntEnable
00001055   SysCtlPeripheralEnable
000010ad   copy_in
000010f9   GPIOPinConfigure
00001141   _c_int00
00001189   C$$EXIT
0000118d   abort
00001195   exit
000011cd   UARTConfigSetExpClk
0000120f   __aeabi_uidivmod
00001251   GPIODirModeSet
0000127f   ADCSequenceConfigure
000012a9   TimerConfigure
000012d1   ADCSequenceDataGet
000012f1   SysCtlADCSpeedSet
00001311   UARTDisable
0000132d   TimerControlTrigger
00001345   _register_unlock
0000134b   _register_lock
00001351   _nop
0000135d   _args_main
00001375   UARTEnable
00001389   GPIOPinTypeADC
0000139b   GPIOPinTypeTimer
000013ad   GPIOPinTypeUART
000013bf   TimerLoadSet
000013d1   ADCIntEnable
000013e1   ADCSequenceDisable
000013ef   ADCSequenceEnable
000013fd   TimerEnable
0000140b   __TI_decompress_none
00001419   CPUcpsie
00001425   ResetISR
00001431   ADCIntClear
0000143b   IntMasterEnable
00001445   UARTCharGet
0000144f   UARTCharPut
00001459   SysCtlDelay
0000145f   __TI_decompress_rle24
0000163c   __TI_Handler_Table_Base
00001644   __TI_CINIT_Base
00001644   __TI_Handler_Table_Limit
0000164c   __TI_CINIT_Limit
20000000   __stack
20000100   __STACK_END
20000100   __STACK_TOP
20000100   ulCurrent
20000104   ulLVDT
20000108   _lock
2000010c   _unlock
20000110   _cleanup_ptr
20000114   _dtors_ptr
20000120   main_func_sp
ffffffff   __binit__
ffffffff   __c_args__
ffffffff   binit
UNDEFED    SHT$$INIT_ARRAY$$Base
UNDEFED    SHT$$INIT_ARRAY$$Limit

[83 symbols]
