******************************************************************************
                  TMS470 Linker PC v4.9.5                      
******************************************************************************
>> Linked Tue Apr 02 22:27:11 2013

OUTPUT FILE NAME:   <ADCSampler.out>
ENTRY POINT SYMBOL: "_c_int00"  address: 00001139


MEMORY CONFIGURATION

         name            origin    length      used     unused   attr    fill
----------------------  --------  ---------  --------  --------  ----  --------
  FLASH                 00000000   00040000  00001642  0003e9be  R  X
  SRAM                  20000000   00008000  00000124  00007edc  RW X


SEGMENT ALLOCATION MAP

run origin  load origin   length   init length attrs members
----------  ----------- ---------- ----------- ----- -------
00000000    00000000    00001644   00001644    r-x
  00000000    00000000    0000026c   0000026c    r-- .intvecs
  0000026c    0000026c    000011f0   000011f0    r-x .text
  0000145c    0000145c    000001c2   000001c2    r-- .const
  00001620    00001620    00000024   00000024    r-- .cinit
20000000    20000000    00000100   00000000    rw-
  20000000    20000000    00000100   00000000    rw- .stack
20000100    20000100    00000024   00000024    rw-
  20000100    20000100    00000024   00000024    rw- .data


SECTION ALLOCATION MAP

 output                                  attributes/
section   page    origin      length       input sections
--------  ----  ----------  ----------   ----------------
.intvecs   0    00000000    0000026c     
                  00000000    0000026c     startup_ccs.obj (.intvecs)

.text      0    0000026c    000011f0     
                  0000026c    0000047c     uartstdio.obj (.text)
                  000006e8    000001d8     driverlib-cm4f.lib : sysctl.obj (.text:SysCtlClockGet)
                  000008c0    0000013c                        : sysctl.obj (.text:SysCtlClockSet)
                  000009fc    00000128     main.obj (.text)
                  00000b24    00000110     pins.obj (.text)
                  00000c34    000000c8     driverlib-cm4f.lib : gpio.obj (.text:GPIOPadConfigSet)
                  00000cfc    0000009c     rtsv7M4_T_le_v4SPD16_eabi.lib : memcpy_t2.obj (.text)
                  00000d98    00000094                                   : auto_init.obj (.text)
                  00000e2c    00000078     driverlib-cm4f.lib : sysctl.obj (.text:SysCtlPeripheralPresent)
                  00000ea4    00000078     main.obj (.text:retain)
                  00000f1c    0000006c     driverlib-cm4f.lib : adc.obj (.text:ADCSequenceStepConfigure)
                  00000f88    00000064                        : interrupt.obj (.text:IntEnable)
                  00000fec    0000005e     rtsv7M4_T_le_v4SPD16_eabi.lib : copy_decompress_rle.obj (.text)
                  0000104a    00000002     --HOLE-- [fill = 0]
                  0000104c    00000058     driverlib-cm4f.lib : sysctl.obj (.text:SysCtlPeripheralEnable)
                  000010a4    0000004c     rtsv7M4_T_le_v4SPD16_eabi.lib : cpy_tbl.obj (.text)
                  000010f0    00000048     driverlib-cm4f.lib : gpio.obj (.text:GPIOPinConfigure)
                  00001138    00000048     rtsv7M4_T_le_v4SPD16_eabi.lib : boot.obj (.text)
                  00001180    00000044                                   : exit.obj (.text)
                  000011c4    00000042     driverlib-cm4f.lib : uart.obj (.text:UARTConfigSetExpClk)
                  00001206    00000042     rtsv7M4_T_le_v4SPD16_eabi.lib : u_divt2.obj (.text)
                  00001248    0000002e     driverlib-cm4f.lib : gpio.obj (.text:GPIODirModeSet)
                  00001276    0000002a                        : adc.obj (.text:ADCSequenceConfigure)
                  000012a0    00000028                        : timer.obj (.text:TimerConfigure)
                  000012c8    00000020                        : adc.obj (.text:ADCSequenceDataGet)
                  000012e8    00000020                        : sysctl.obj (.text:SysCtlADCSpeedSet)
                  00001308    0000001c                        : uart.obj (.text:UARTDisable)
                  00001324    00000018                        : timer.obj (.text:TimerControlTrigger)
                  0000133c    00000018     rtsv7M4_T_le_v4SPD16_eabi.lib : _lock.obj (.text)
                  00001354    00000018                                   : args_main.obj (.text)
                  0000136c    00000014     driverlib-cm4f.lib : uart.obj (.text:UARTEnable)
                  00001380    00000012                        : gpio.obj (.text:GPIOPinTypeADC)
                  00001392    00000012                        : gpio.obj (.text:GPIOPinTypeTimer)
                  000013a4    00000012                        : gpio.obj (.text:GPIOPinTypeUART)
                  000013b6    00000012                        : timer.obj (.text:TimerLoadSet)
                  000013c8    00000010                        : adc.obj (.text:ADCIntEnable)
                  000013d8    0000000e                        : adc.obj (.text:ADCSequenceDisable)
                  000013e6    0000000e                        : adc.obj (.text:ADCSequenceEnable)
                  000013f4    0000000e                        : timer.obj (.text:TimerEnable)
                  00001402    0000000e     rtsv7M4_T_le_v4SPD16_eabi.lib : copy_decompress_none.obj (.text:decompress:none)
                  00001410    0000000c     driverlib-cm4f.lib : cpu.obj (.text:CPUcpsie)
                  0000141c    0000000c     startup_ccs.obj (.text)
                  00001428    0000000a     driverlib-cm4f.lib : adc.obj (.text:ADCIntClear)
                  00001432    0000000a                        : interrupt.obj (.text:IntMasterEnable)
                  0000143c    0000000a                        : uart.obj (.text:UARTCharGet)
                  00001446    0000000a                        : uart.obj (.text:UARTCharPut)
                  00001450    00000006                        : sysctl.obj (.text:SysCtlDelay)
                  00001456    00000006     rtsv7M4_T_le_v4SPD16_eabi.lib : copy_decompress_rle.obj (.text:decompress:rle24)

.const     0    0000145c    000001c2     
                  0000145c    00000078     driverlib-cm4f.lib : gpio.obj (.const:g_pulGPIOBaseAddrs)
                  000014d4    00000070                        : interrupt.obj (.const)
                  00001544    0000006c                        : sysctl.obj (.const:g_pulXtals)
                  000015b0    00000040                        : sysctl.obj (.const)
                  000015f0    0000001c     uartstdio.obj (.const)
                  0000160c    00000012     uartstdio.obj (.const:.string)

.cinit     0    00001620    00000024     
                  00001620    00000012     (.cinit..data.load) [load image, compression = rle]
                  00001632    00000002     --HOLE-- [fill = 0]
                  00001634    00000008     (__TI_handler_table)
                  0000163c    00000008     (__TI_cinit_table)

.stack     0    20000000    00000100     UNINITIALIZED
                  20000000    00000100     --HOLE--

.data      0    20000100    00000024     
                  20000100    00000008     main.obj (.data)
                  20000108    00000008     rtsv7M4_T_le_v4SPD16_eabi.lib : _lock.obj (.data)
                  20000110    00000008                                   : exit.obj (.data)
                  20000118    00000005     uartstdio.obj (.data)
                  2000011d    00000003     --HOLE--
                  20000120    00000004     rtsv7M4_T_le_v4SPD16_eabi.lib : stkdepth_vars.obj (.data)


LINKER GENERATED COPY TABLES

__TI_cinit_table @ 0000163c records: 1, size/record: 8, table size: 8
	.data: load addr=00001620, load size=00000012 bytes, run addr=20000100, run size=00000024 bytes, compression=rle


LINKER GENERATED HANDLER TABLE

__TI_handler_table @ 00001634 records: 2, size/record: 4, table size: 8
	index: 0, handler: __TI_decompress_rle24
	index: 1, handler: __TI_decompress_none


GLOBAL SYMBOLS: SORTED ALPHABETICALLY BY Name 

address    name
--------   ----
00000ea5   ADC0IntHandler
00000ecb   ADC1IntHandler
00001429   ADCIntClear
000013c9   ADCIntEnable
00001277   ADCSequenceConfigure
000012c9   ADCSequenceDataGet
000013d9   ADCSequenceDisable
000013e7   ADCSequenceEnable
00000f1d   ADCSequenceStepConfigure
00001181   C$$EXIT
00001411   CPUcpsie
00001249   GPIODirModeSet
00000c35   GPIOPadConfigSet
000010f1   GPIOPinConfigure
00001381   GPIOPinTypeADC
00001393   GPIOPinTypeTimer
000013a5   GPIOPinTypeUART
00000f89   IntEnable
00001433   IntMasterEnable
00000b25   PortFunctionInit
0000141d   ResetISR
UNDEFED    SHT$$INIT_ARRAY$$Base
UNDEFED    SHT$$INIT_ARRAY$$Limit
000012e9   SysCtlADCSpeedSet
000006e9   SysCtlClockGet
000008c1   SysCtlClockSet
00001451   SysCtlDelay
0000104d   SysCtlPeripheralEnable
00000e2d   SysCtlPeripheralPresent
000012a1   TimerConfigure
00001325   TimerControlTrigger
000013f5   TimerEnable
000013b7   TimerLoadSet
0000143d   UARTCharGet
00001447   UARTCharPut
000011c5   UARTConfigSetExpClk
00001309   UARTDisable
0000136d   UARTEnable
0000026d   UARTStdioConfig
000002b3   UARTStdioInit
000002c9   UARTStdioInitExpClk
000003dd   UARTgetc
00000325   UARTgets
00000405   UARTprintf
000002df   UARTwrite
20000100   __STACK_END
00000100   __STACK_SIZE
20000100   __STACK_TOP
0000163c   __TI_CINIT_Base
00001644   __TI_CINIT_Limit
00001634   __TI_Handler_Table_Base
0000163c   __TI_Handler_Table_Limit
00000001   __TI_args_main
00000d99   __TI_auto_init
00001403   __TI_decompress_none
00001457   __TI_decompress_rle24
00000000   __TI_static_base__
00000cfd   __aeabi_memcpy
00000cfd   __aeabi_memcpy4
00000cfd   __aeabi_memcpy8
00001207   __aeabi_uidivmod
ffffffff   __binit__
ffffffff   __c_args__
20000000   __stack
00001355   _args_main
00001139   _c_int00
20000110   _cleanup_ptr
20000114   _dtors_ptr
20000108   _lock
00001349   _nop
00001343   _register_lock
0000133d   _register_unlock
2000010c   _unlock
00001185   abort
ffffffff   binit
000010a5   copy_in
0000118d   exit
00000000   g_pfnVectors
000009fd   main
20000120   main_func_sp
00000cfd   memcpy
20000100   ulCurrent
20000104   ulLVDT


GLOBAL SYMBOLS: SORTED BY Symbol Address 

address    name
--------   ----
00000000   __TI_static_base__
00000000   g_pfnVectors
00000001   __TI_args_main
00000100   __STACK_SIZE
0000026d   UARTStdioConfig
000002b3   UARTStdioInit
000002c9   UARTStdioInitExpClk
000002df   UARTwrite
00000325   UARTgets
000003dd   UARTgetc
00000405   UARTprintf
000006e9   SysCtlClockGet
000008c1   SysCtlClockSet
000009fd   main
00000b25   PortFunctionInit
00000c35   GPIOPadConfigSet
00000cfd   __aeabi_memcpy
00000cfd   __aeabi_memcpy4
00000cfd   __aeabi_memcpy8
00000cfd   memcpy
00000d99   __TI_auto_init
00000e2d   SysCtlPeripheralPresent
00000ea5   ADC0IntHandler
00000ecb   ADC1IntHandler
00000f1d   ADCSequenceStepConfigure
00000f89   IntEnable
0000104d   SysCtlPeripheralEnable
000010a5   copy_in
000010f1   GPIOPinConfigure
00001139   _c_int00
00001181   C$$EXIT
00001185   abort
0000118d   exit
000011c5   UARTConfigSetExpClk
00001207   __aeabi_uidivmod
00001249   GPIODirModeSet
00001277   ADCSequenceConfigure
000012a1   TimerConfigure
000012c9   ADCSequenceDataGet
000012e9   SysCtlADCSpeedSet
00001309   UARTDisable
00001325   TimerControlTrigger
0000133d   _register_unlock
00001343   _register_lock
00001349   _nop
00001355   _args_main
0000136d   UARTEnable
00001381   GPIOPinTypeADC
00001393   GPIOPinTypeTimer
000013a5   GPIOPinTypeUART
000013b7   TimerLoadSet
000013c9   ADCIntEnable
000013d9   ADCSequenceDisable
000013e7   ADCSequenceEnable
000013f5   TimerEnable
00001403   __TI_decompress_none
00001411   CPUcpsie
0000141d   ResetISR
00001429   ADCIntClear
00001433   IntMasterEnable
0000143d   UARTCharGet
00001447   UARTCharPut
00001451   SysCtlDelay
00001457   __TI_decompress_rle24
00001634   __TI_Handler_Table_Base
0000163c   __TI_CINIT_Base
0000163c   __TI_Handler_Table_Limit
00001644   __TI_CINIT_Limit
20000000   __stack
20000100   __STACK_END
20000100   __STACK_TOP
20000100   ulCurrent
20000104   ulLVDT
20000108   _lock
2000010c   _unlock
20000110   _cleanup_ptr
20000114   _dtors_ptr
20000120   main_func_sp
ffffffff   __binit__
ffffffff   __c_args__
ffffffff   binit
UNDEFED    SHT$$INIT_ARRAY$$Base
UNDEFED    SHT$$INIT_ARRAY$$Limit

[83 symbols]
