******************************************************************************
                  TMS470 Linker PC v4.9.5                      
******************************************************************************
>> Linked Wed Mar 27 15:57:27 2013

OUTPUT FILE NAME:   <ADCSampler.out>
ENTRY POINT SYMBOL: "_c_int00"  address: 000008e5


MEMORY CONFIGURATION

         name            origin    length      used     unused   attr    fill
----------------------  --------  ---------  --------  --------  ----  --------
  FLASH                 00000000   00040000  00000b68  0003f498  R  X
  SRAM                  20000000   00008000  00000114  00007eec  RW X


SEGMENT ALLOCATION MAP

run origin  load origin   length   init length attrs members
----------  ----------- ---------- ----------- ----- -------
00000000    00000000    00000b68   00000b68    r-x
  00000000    00000000    0000026c   0000026c    r-- .intvecs
  0000026c    0000026c    00000824   00000824    r-x .text
  00000a90    00000a90    000000b8   000000b8    r-- .const
  00000b48    00000b48    00000020   00000020    r-- .cinit
20000000    20000000    00000100   00000000    rw-
  20000000    20000000    00000100   00000000    rw- .stack
20000100    20000100    00000014   00000014    rw-
  20000100    20000100    00000014   00000014    rw- .data


SECTION ALLOCATION MAP

 output                                  attributes/
section   page    origin      length       input sections
--------  ----  ----------  ----------   ----------------
.intvecs   0    00000000    0000026c     
                  00000000    0000026c     startup_ccs.obj (.intvecs)

.text      0    0000026c    00000824     
                  0000026c    0000013c     driverlib-cm4f.lib : sysctl.obj (.text:SysCtlClockSet)
                  000003a8    00000110     pins.obj (.text)
                  000004b8    000000c8     driverlib-cm4f.lib : gpio.obj (.text:GPIOPadConfigSet)
                  00000580    0000009c     rtsv7M4_T_le_v4SPD16_eabi.lib : memcpy_t2.obj (.text)
                  0000061c    00000094                                   : auto_init.obj (.text)
                  000006b0    0000007c     main.obj (.text)
                  0000072c    0000006c     driverlib-cm4f.lib : adc.obj (.text:ADCSequenceStepConfigure)
                  00000798    0000005e     rtsv7M4_T_le_v4SPD16_eabi.lib : copy_decompress_rle.obj (.text)
                  000007f6    00000002     --HOLE-- [fill = 0]
                  000007f8    00000058     driverlib-cm4f.lib : sysctl.obj (.text:SysCtlPeripheralEnable)
                  00000850    0000004c     rtsv7M4_T_le_v4SPD16_eabi.lib : cpy_tbl.obj (.text)
                  0000089c    00000048     driverlib-cm4f.lib : gpio.obj (.text:GPIOPinConfigure)
                  000008e4    00000048     rtsv7M4_T_le_v4SPD16_eabi.lib : boot.obj (.text)
                  0000092c    00000044                                   : exit.obj (.text)
                  00000970    0000002e     driverlib-cm4f.lib : gpio.obj (.text:GPIODirModeSet)
                  0000099e    0000002a                        : adc.obj (.text:ADCSequenceConfigure)
                  000009c8    00000020                        : sysctl.obj (.text:SysCtlADCSpeedSet)
                  000009e8    00000018     rtsv7M4_T_le_v4SPD16_eabi.lib : _lock.obj (.text)
                  00000a00    00000018                                   : args_main.obj (.text)
                  00000a18    00000012     driverlib-cm4f.lib : gpio.obj (.text:GPIOPinTypeADC)
                  00000a2a    00000012                        : gpio.obj (.text:GPIOPinTypeTimer)
                  00000a3c    00000012                        : gpio.obj (.text:GPIOPinTypeUART)
                  00000a4e    0000000e                        : adc.obj (.text:ADCSequenceDisable)
                  00000a5c    0000000e                        : adc.obj (.text:ADCSequenceEnable)
                  00000a6a    0000000e     rtsv7M4_T_le_v4SPD16_eabi.lib : copy_decompress_none.obj (.text:decompress:none)
                  00000a78    0000000c     startup_ccs.obj (.text)
                  00000a84    00000006     driverlib-cm4f.lib : sysctl.obj (.text:SysCtlDelay)
                  00000a8a    00000006     rtsv7M4_T_le_v4SPD16_eabi.lib : copy_decompress_rle.obj (.text:decompress:rle24)

.const     0    00000a90    000000b8     
                  00000a90    00000078     driverlib-cm4f.lib : gpio.obj (.const:g_pulGPIOBaseAddrs)
                  00000b08    00000040                        : sysctl.obj (.const)

.cinit     0    00000b48    00000020     
                  00000b48    0000000f     (.cinit..data.load) [load image, compression = rle]
                  00000b57    00000001     --HOLE-- [fill = 0]
                  00000b58    00000008     (__TI_handler_table)
                  00000b60    00000008     (__TI_cinit_table)

.stack     0    20000000    00000100     UNINITIALIZED
                  20000000    00000100     --HOLE--

.data      0    20000100    00000014     
                  20000100    00000008     rtsv7M4_T_le_v4SPD16_eabi.lib : _lock.obj (.data)
                  20000108    00000008                                   : exit.obj (.data)
                  20000110    00000004                                   : stkdepth_vars.obj (.data)


LINKER GENERATED COPY TABLES

__TI_cinit_table @ 00000b60 records: 1, size/record: 8, table size: 8
	.data: load addr=00000b48, load size=0000000f bytes, run addr=20000100, run size=00000014 bytes, compression=rle


LINKER GENERATED HANDLER TABLE

__TI_handler_table @ 00000b58 records: 2, size/record: 4, table size: 8
	index: 0, handler: __TI_decompress_rle24
	index: 1, handler: __TI_decompress_none


GLOBAL SYMBOLS: SORTED ALPHABETICALLY BY Name 

address    name
--------   ----
0000099f   ADCSequenceConfigure
00000a4f   ADCSequenceDisable
00000a5d   ADCSequenceEnable
0000072d   ADCSequenceStepConfigure
0000092d   C$$EXIT
00000971   GPIODirModeSet
000004b9   GPIOPadConfigSet
0000089d   GPIOPinConfigure
00000a19   GPIOPinTypeADC
00000a2b   GPIOPinTypeTimer
00000a3d   GPIOPinTypeUART
000003a9   PortFunctionInit
00000a79   ResetISR
UNDEFED    SHT$$INIT_ARRAY$$Base
UNDEFED    SHT$$INIT_ARRAY$$Limit
000009c9   SysCtlADCSpeedSet
0000026d   SysCtlClockSet
00000a85   SysCtlDelay
000007f9   SysCtlPeripheralEnable
20000100   __STACK_END
00000100   __STACK_SIZE
20000100   __STACK_TOP
00000b60   __TI_CINIT_Base
00000b68   __TI_CINIT_Limit
00000b58   __TI_Handler_Table_Base
00000b60   __TI_Handler_Table_Limit
00000001   __TI_args_main
0000061d   __TI_auto_init
00000a6b   __TI_decompress_none
00000a8b   __TI_decompress_rle24
00000000   __TI_static_base__
00000581   __aeabi_memcpy
00000581   __aeabi_memcpy4
00000581   __aeabi_memcpy8
ffffffff   __binit__
ffffffff   __c_args__
20000000   __stack
00000a01   _args_main
000008e5   _c_int00
20000108   _cleanup_ptr
2000010c   _dtors_ptr
20000100   _lock
000009f5   _nop
000009ef   _register_lock
000009e9   _register_unlock
20000104   _unlock
00000931   abort
ffffffff   binit
00000851   copy_in
00000939   exit
00000000   g_pfnVectors
000006b1   main
20000110   main_func_sp
00000581   memcpy


GLOBAL SYMBOLS: SORTED BY Symbol Address 

address    name
--------   ----
00000000   __TI_static_base__
00000000   g_pfnVectors
00000001   __TI_args_main
00000100   __STACK_SIZE
0000026d   SysCtlClockSet
000003a9   PortFunctionInit
000004b9   GPIOPadConfigSet
00000581   __aeabi_memcpy
00000581   __aeabi_memcpy4
00000581   __aeabi_memcpy8
00000581   memcpy
0000061d   __TI_auto_init
000006b1   main
0000072d   ADCSequenceStepConfigure
000007f9   SysCtlPeripheralEnable
00000851   copy_in
0000089d   GPIOPinConfigure
000008e5   _c_int00
0000092d   C$$EXIT
00000931   abort
00000939   exit
00000971   GPIODirModeSet
0000099f   ADCSequenceConfigure
000009c9   SysCtlADCSpeedSet
000009e9   _register_unlock
000009ef   _register_lock
000009f5   _nop
00000a01   _args_main
00000a19   GPIOPinTypeADC
00000a2b   GPIOPinTypeTimer
00000a3d   GPIOPinTypeUART
00000a4f   ADCSequenceDisable
00000a5d   ADCSequenceEnable
00000a6b   __TI_decompress_none
00000a79   ResetISR
00000a85   SysCtlDelay
00000a8b   __TI_decompress_rle24
00000b58   __TI_Handler_Table_Base
00000b60   __TI_CINIT_Base
00000b60   __TI_Handler_Table_Limit
00000b68   __TI_CINIT_Limit
20000000   __stack
20000100   __STACK_END
20000100   __STACK_TOP
20000100   _lock
20000104   _unlock
20000108   _cleanup_ptr
2000010c   _dtors_ptr
20000110   main_func_sp
ffffffff   __binit__
ffffffff   __c_args__
ffffffff   binit
UNDEFED    SHT$$INIT_ARRAY$$Base
UNDEFED    SHT$$INIT_ARRAY$$Limit

[54 symbols]
