******************************************************************************
                  TMS470 Linker PC v4.9.7                      
******************************************************************************
>> Linked Sat May 04 18:23:10 2013

OUTPUT FILE NAME:   <Combined.out>
ENTRY POINT SYMBOL: "_c_int00"  address: 00001c25


MEMORY CONFIGURATION

         name            origin    length      used     unused   attr    fill
----------------------  --------  ---------  --------  --------  ----  --------
  FLASH                 00000000   00040000  00002314  0003dcec  R  X
  SRAM                  20000000   00008000  00000610  000079f0  RW X


SEGMENT ALLOCATION MAP

run origin  load origin   length   init length attrs members
----------  ----------- ---------- ----------- ----- -------
00000000    00000000    00002318   00002318    r-x
  00000000    00000000    0000026c   0000026c    r-- .intvecs
  0000026c    0000026c    00001df6   00001df6    r-x .text
  00002064    00002064    0000026a   0000026a    r-- .const
  000022d0    000022d0    00000048   00000048    r-- .cinit
20000000    20000000    000005b4   00000000    rw-
  20000000    20000000    000004b4   00000000    rw- .bss
  200004b4    200004b4    00000100   00000000    rw- .stack
200005b4    200005b4    0000005c   0000005c    rw-
  200005b4    200005b4    0000005c   0000005c    rw- .data


SECTION ALLOCATION MAP

 output                                  attributes/
section   page    origin      length       input sections
--------  ----  ----------  ----------   ----------------
.intvecs   0    00000000    0000026c     
                  00000000    0000026c     startup_ccs.obj (.intvecs)

.text      0    0000026c    00001df6     
                  0000026c    00000848     uartstdio.obj (.text)
                  00000ab4    000001d8     driverlib-cm4f.lib : sysctl.obj (.text:SysCtlClockGet)
                  00000c8c    00000190     PID.obj (.text:retain)
                  00000e1c    00000164     main.obj (.text)
                  00000f80    00000158     newpins.obj (.text)
                  000010d8    00000144     PID.obj (.text)
                  0000121c    0000013c     driverlib-cm4f.lib : sysctl.obj (.text:SysCtlClockSet)
                  00001358    00000136     rtsv7M4_T_le_v4SPD16_eabi.lib : fd_div_t2.obj (.text)
                  0000148e    00000002     --HOLE-- [fill = 0]
                  00001490    00000134     ADCSetup.obj (.text)
                  000015c4    000000dc     PWMSetup.obj (.text)
                  000016a0    000000c8     driverlib-cm4f.lib : gpio.obj (.text:GPIOPadConfigSet)
                  00001768    0000009c     rtsv7M4_T_le_v4SPD16_eabi.lib : memcpy_t2.obj (.text)
                  00001804    00000094                                   : auto_init.obj (.text)
                  00001898    00000078     driverlib-cm4f.lib : sysctl.obj (.text:SysCtlPeripheralPresent)
                  00001910    0000006c                        : adc.obj (.text:ADCSequenceStepConfigure)
                  0000197c    00000064                        : interrupt.obj (.text:IntDisable)
                  000019e0    00000064                        : interrupt.obj (.text:IntEnable)
                  00001a44    0000005e     rtsv7M4_T_le_v4SPD16_eabi.lib : copy_decompress_rle.obj (.text)
                  00001aa2    00000002     --HOLE-- [fill = 0]
                  00001aa4    00000058     driverlib-cm4f.lib : sysctl.obj (.text:SysCtlPeripheralEnable)
                  00001afc    0000004c     rtsv7M4_T_le_v4SPD16_eabi.lib : cpy_tbl.obj (.text)
                  00001b48    0000004a                                   : fd_tos_t2.obj (.text)
                  00001b92    00000002     --HOLE-- [fill = 0]
                  00001b94    00000048     driverlib-cm4f.lib : gpio.obj (.text:GPIOPinConfigure)
                  00001bdc    00000048     ADCSetup.obj (.text:retain)
                  00001c24    00000048     rtsv7M4_T_le_v4SPD16_eabi.lib : boot.obj (.text)
                  00001c6c    00000044                                   : exit.obj (.text)
                  00001cb0    00000042     driverlib-cm4f.lib : uart.obj (.text:UARTConfigSetExpClk)
                  00001cf2    00000042     rtsv7M4_T_le_v4SPD16_eabi.lib : u_divt2.obj (.text)
                  00001d34    00000038                                   : fs_tod_t2.obj (.text)
                  00001d6c    0000002e     driverlib-cm4f.lib : gpio.obj (.text:GPIODirModeSet)
                  00001d9a    0000002a                        : adc.obj (.text:ADCSequenceConfigure)
                  00001dc4    00000028                        : timer.obj (.text:TimerConfigure)
                  00001dec    00000024                        : interrupt.obj (.text:IntPrioritySet)
                  00001e10    00000020                        : adc.obj (.text:ADCSequenceDataGet)
                  00001e30    00000020                        : sysctl.obj (.text:SysCtlADCSpeedSet)
                  00001e50    0000001c                        : uart.obj (.text:UARTDisable)
                  00001e6c    00000018                        : timer.obj (.text:TimerControlTrigger)
                  00001e84    00000018     rtsv7M4_T_le_v4SPD16_eabi.lib : _lock.obj (.text)
                  00001e9c    00000018                                   : args_main.obj (.text)
                  00001eb4    00000014     driverlib-cm4f.lib : uart.obj (.text:UARTEnable)
                  00001ec8    00000012                        : adc.obj (.text:ADCHardwareOversampleConfigure)
                  00001eda    00000012                        : gpio.obj (.text:GPIOPinTypeADC)
                  00001eec    00000012                        : gpio.obj (.text:GPIOPinTypeGPIOOutput)
                  00001efe    00000012                        : gpio.obj (.text:GPIOPinTypeTimer)
                  00001f10    00000012                        : gpio.obj (.text:GPIOPinTypeUART)
                  00001f22    00000012                        : timer.obj (.text:TimerLoadSet)
                  00001f34    00000012                        : timer.obj (.text:TimerMatchSet)
                  00001f46    00000012     rtsv7M4_T_le_v4SPD16_eabi.lib : copy_zero_init.obj (.text:decompress:ZI)
                  00001f58    00000010     driverlib-cm4f.lib : adc.obj (.text:ADCIntEnable)
                  00001f68    00000010                        : uart.obj (.text:UARTCharGetNonBlocking)
                  00001f78    00000010                        : uart.obj (.text:UARTCharPutNonBlocking)
                  00001f88    0000000e                        : adc.obj (.text:ADCSequenceDisable)
                  00001f96    0000000e                        : adc.obj (.text:ADCSequenceEnable)
                  00001fa4    0000000e                        : timer.obj (.text:TimerEnable)
                  00001fb2    0000000e     rtsv7M4_T_le_v4SPD16_eabi.lib : copy_decompress_none.obj (.text:decompress:none)
                  00001fc0    0000000c     driverlib-cm4f.lib : cpu.obj (.text:CPUcpsid)
                  00001fcc    0000000c                        : cpu.obj (.text:CPUcpsie)
                  00001fd8    0000000c                        : uart.obj (.text:UARTCharsAvail)
                  00001fe4    0000000c                        : uart.obj (.text:UARTSpaceAvail)
                  00001ff0    0000000c     startup_ccs.obj (.text)
                  00001ffc    0000000a     driverlib-cm4f.lib : adc.obj (.text:ADCIntClear)
                  00002006    0000000a                        : gpio.obj (.text:GPIOPinWrite)
                  00002010    0000000a                        : interrupt.obj (.text:IntMasterDisable)
                  0000201a    0000000a                        : interrupt.obj (.text:IntMasterEnable)
                  00002024    0000000a                        : uart.obj (.text:UARTIntDisable)
                  0000202e    0000000a                        : uart.obj (.text:UARTIntStatus)
                  00002038    00000008                        : timer.obj (.text:TimerIntEnable)
                  00002040    00000008                        : uart.obj (.text:UARTIntEnable)
                  00002048    00000006                        : sysctl.obj (.text:SysCtlDelay)
                  0000204e    00000006                        : uart.obj (.text:UARTFIFOLevelSet)
                  00002054    00000006     rtsv7M4_T_le_v4SPD16_eabi.lib : copy_decompress_rle.obj (.text:decompress:rle24)
                  0000205a    00000004     driverlib-cm4f.lib : timer.obj (.text:TimerIntClear)
                  0000205e    00000004                        : uart.obj (.text:UARTIntClear)

.const     0    00002064    0000026a     
                  00002064    0000009c     driverlib-cm4f.lib : interrupt.obj (.const:g_pulRegs)
                  00002100    00000078                        : gpio.obj (.const:g_pulGPIOBaseAddrs)
                  00002178    00000070                        : interrupt.obj (.const)
                  000021e8    0000006c                        : sysctl.obj (.const:g_pulXtals)
                  00002254    00000040                        : sysctl.obj (.const)
                  00002294    00000028     uartstdio.obj (.const)
                  000022bc    00000012     uartstdio.obj (.const:.string)

.cinit     0    000022d0    00000048     
                  000022d0    0000001d     (.cinit..data.load) [load image, compression = rle]
                  000022ed    00000003     --HOLE-- [fill = 0]
                  000022f0    0000000c     (__TI_handler_table)
                  000022fc    00000004     --HOLE-- [fill = 0]
                  00002300    00000008     (.cinit..bss.load) [load image, compression = zero_init]
                  00002308    00000010     (__TI_cinit_table)

.bss       0    20000000    000004b4     UNINITIALIZED
                  20000000    00000400     uartstdio.obj (.bss:g_pcUARTTxBuffer)
                  20000400    00000080     uartstdio.obj (.bss:g_pcUARTRxBuffer)
                  20000480    00000024     PID.obj (.bss:LVDTController)
                  200004a4    00000008     main.obj (.bss)
                  200004ac    00000008     uartstdio.obj (.bss)

.stack     0    200004b4    00000100     UNINITIALIZED
                  200004b4    00000100     --HOLE--

.data      0    200005b4    0000005c     
                  200005b4    0000001c     PID.obj (.data)
                  200005d0    00000015     uartstdio.obj (.data)
                  200005e5    00000003     --HOLE--
                  200005e8    00000014     main.obj (.data)
                  200005fc    00000008     rtsv7M4_T_le_v4SPD16_eabi.lib : _lock.obj (.data)
                  20000604    00000008                                   : exit.obj (.data)
                  2000060c    00000004                                   : stkdepth_vars.obj (.data)


LINKER GENERATED COPY TABLES

__TI_cinit_table @ 00002308 records: 2, size/record: 8, table size: 16
	.data: load addr=000022d0, load size=0000001d bytes, run addr=200005b4, run size=0000005c bytes, compression=rle
	.bss: load addr=00002300, load size=00000008 bytes, run addr=20000000, run size=000004b4 bytes, compression=zero_init


LINKER GENERATED HANDLER TABLE

__TI_handler_table @ 000022f0 records: 3, size/record: 4, table size: 12
	index: 0, handler: __TI_decompress_rle24
	index: 1, handler: __TI_decompress_none
	index: 2, handler: __TI_zero_init


GLOBAL SYMBOLS: SORTED ALPHABETICALLY BY Name 

address    name
--------   ----
00001bdd   ADC0IntHandler
00001bf9   ADC1IntHandler
00001ec9   ADCHardwareOversampleConfigure
00001ffd   ADCIntClear
00001f59   ADCIntEnable
00001d9b   ADCSequenceConfigure
00001e11   ADCSequenceDataGet
00001f89   ADCSequenceDisable
00001f97   ADCSequenceEnable
00001911   ADCSequenceStepConfigure
00001491   ADCSetup
00001c6d   C$$EXIT
00001fc1   CPUcpsid
00001fcd   CPUcpsie
00001d6d   GPIODirModeSet
000016a1   GPIOPadConfigSet
00001b95   GPIOPinConfigure
00001edb   GPIOPinTypeADC
00001eed   GPIOPinTypeGPIOOutput
00001eff   GPIOPinTypeTimer
00001f11   GPIOPinTypeUART
00002007   GPIOPinWrite
0000197d   IntDisable
000019e1   IntEnable
00002011   IntMasterDisable
0000201b   IntMasterEnable
00001ded   IntPrioritySet
200005c8   Kd
200005c4   Ki
200005c0   Kp
20000480   LVDTController
00001123   LVDTPIDInit
200005b4   LVDTPIDOutput
00000c8d   PIDIntHandlerLVDT
00000f81   PortFunctionInit
00001ff1   ResetISR
UNDEFED    SHT$$INIT_ARRAY$$Base
UNDEFED    SHT$$INIT_ARRAY$$Limit
00001e31   SysCtlADCSpeedSet
00000ab5   SysCtlClockGet
0000121d   SysCtlClockSet
00002049   SysCtlDelay
00001aa5   SysCtlPeripheralEnable
00001899   SysCtlPeripheralPresent
00001dc5   TimerConfigure
00001e6d   TimerControlTrigger
00001fa5   TimerEnable
0000205b   TimerIntClear
00002039   TimerIntEnable
00001f23   TimerLoadSet
00001f35   TimerMatchSet
00001f69   UARTCharGetNonBlocking
00001f79   UARTCharPutNonBlocking
00001fd9   UARTCharsAvail
00001cb1   UARTConfigSetExpClk
00001e51   UARTDisable
0000092d   UARTEchoSet
00001eb5   UARTEnable
0000204f   UARTFIFOLevelSet
000008d5   UARTFlushRx
000008f7   UARTFlushTx
0000205f   UARTIntClear
00002025   UARTIntDisable
00002041   UARTIntEnable
0000202f   UARTIntStatus
0000087b   UARTPeek
00000859   UARTRxBytesAvail
00001fe5   UARTSpaceAvail
0000035b   UARTStdioConfig
000003e1   UARTStdioInit
000003f7   UARTStdioInitExpClk
00000959   UARTStdioIntHandler
00000867   UARTTxBytesFree
00000529   UARTgetc
000004ad   UARTgets
00000585   UARTprintf
0000040d   UARTwrite
200005b4   __STACK_END
00000100   __STACK_SIZE
200005b4   __STACK_TOP
00002308   __TI_CINIT_Base
00002318   __TI_CINIT_Limit
000022f0   __TI_Handler_Table_Base
000022fc   __TI_Handler_Table_Limit
00000001   __TI_args_main
00001805   __TI_auto_init
00001fb3   __TI_decompress_none
00002055   __TI_decompress_rle24
00000000   __TI_static_base__
00001f47   __TI_zero_init
00001b49   __aeabi_d2f
00001359   __aeabi_ddiv
00001d35   __aeabi_f2d
00001769   __aeabi_memcpy
00001769   __aeabi_memcpy4
00001769   __aeabi_memcpy8
00001cf3   __aeabi_uidivmod
ffffffff   __binit__
ffffffff   __c_args__
200004b4   __stack
00001e9d   _args_main
00001c25   _c_int00
20000604   _cleanup_ptr
20000608   _dtors_ptr
200005fc   _lock
00001e91   _nop
00001e8b   _register_lock
00001e85   _register_unlock
20000600   _unlock
00001c71   abort
ffffffff   binit
00001afd   copy_in
200005f0   dutyCycle
00001c79   exit
00000000   g_pfnVectors
00000e1d   main
2000060c   main_func_sp
200005cc   maxSumError
00001769   memcpy
200005f4   pwmPeriod
000015ff   pwmSetDuty
000015c5   pwmSetup
000010d9   round
200005f8   setPoint
200004a4   str
200005bc   sumError
200005e8   ulCurrent
200005ec   ulLVDT
200005b8   yLast


GLOBAL SYMBOLS: SORTED BY Symbol Address 

address    name
--------   ----
00000000   __TI_static_base__
00000000   g_pfnVectors
00000001   __TI_args_main
00000100   __STACK_SIZE
0000035b   UARTStdioConfig
000003e1   UARTStdioInit
000003f7   UARTStdioInitExpClk
0000040d   UARTwrite
000004ad   UARTgets
00000529   UARTgetc
00000585   UARTprintf
00000859   UARTRxBytesAvail
00000867   UARTTxBytesFree
0000087b   UARTPeek
000008d5   UARTFlushRx
000008f7   UARTFlushTx
0000092d   UARTEchoSet
00000959   UARTStdioIntHandler
00000ab5   SysCtlClockGet
00000c8d   PIDIntHandlerLVDT
00000e1d   main
00000f81   PortFunctionInit
000010d9   round
00001123   LVDTPIDInit
0000121d   SysCtlClockSet
00001359   __aeabi_ddiv
00001491   ADCSetup
000015c5   pwmSetup
000015ff   pwmSetDuty
000016a1   GPIOPadConfigSet
00001769   __aeabi_memcpy
00001769   __aeabi_memcpy4
00001769   __aeabi_memcpy8
00001769   memcpy
00001805   __TI_auto_init
00001899   SysCtlPeripheralPresent
00001911   ADCSequenceStepConfigure
0000197d   IntDisable
000019e1   IntEnable
00001aa5   SysCtlPeripheralEnable
00001afd   copy_in
00001b49   __aeabi_d2f
00001b95   GPIOPinConfigure
00001bdd   ADC0IntHandler
00001bf9   ADC1IntHandler
00001c25   _c_int00
00001c6d   C$$EXIT
00001c71   abort
00001c79   exit
00001cb1   UARTConfigSetExpClk
00001cf3   __aeabi_uidivmod
00001d35   __aeabi_f2d
00001d6d   GPIODirModeSet
00001d9b   ADCSequenceConfigure
00001dc5   TimerConfigure
00001ded   IntPrioritySet
00001e11   ADCSequenceDataGet
00001e31   SysCtlADCSpeedSet
00001e51   UARTDisable
00001e6d   TimerControlTrigger
00001e85   _register_unlock
00001e8b   _register_lock
00001e91   _nop
00001e9d   _args_main
00001eb5   UARTEnable
00001ec9   ADCHardwareOversampleConfigure
00001edb   GPIOPinTypeADC
00001eed   GPIOPinTypeGPIOOutput
00001eff   GPIOPinTypeTimer
00001f11   GPIOPinTypeUART
00001f23   TimerLoadSet
00001f35   TimerMatchSet
00001f47   __TI_zero_init
00001f59   ADCIntEnable
00001f69   UARTCharGetNonBlocking
00001f79   UARTCharPutNonBlocking
00001f89   ADCSequenceDisable
00001f97   ADCSequenceEnable
00001fa5   TimerEnable
00001fb3   __TI_decompress_none
00001fc1   CPUcpsid
00001fcd   CPUcpsie
00001fd9   UARTCharsAvail
00001fe5   UARTSpaceAvail
00001ff1   ResetISR
00001ffd   ADCIntClear
00002007   GPIOPinWrite
00002011   IntMasterDisable
0000201b   IntMasterEnable
00002025   UARTIntDisable
0000202f   UARTIntStatus
00002039   TimerIntEnable
00002041   UARTIntEnable
00002049   SysCtlDelay
0000204f   UARTFIFOLevelSet
00002055   __TI_decompress_rle24
0000205b   TimerIntClear
0000205f   UARTIntClear
000022f0   __TI_Handler_Table_Base
000022fc   __TI_Handler_Table_Limit
00002308   __TI_CINIT_Base
00002318   __TI_CINIT_Limit
20000480   LVDTController
200004a4   str
200004b4   __stack
200005b4   LVDTPIDOutput
200005b4   __STACK_END
200005b4   __STACK_TOP
200005b8   yLast
200005bc   sumError
200005c0   Kp
200005c4   Ki
200005c8   Kd
200005cc   maxSumError
200005e8   ulCurrent
200005ec   ulLVDT
200005f0   dutyCycle
200005f4   pwmPeriod
200005f8   setPoint
200005fc   _lock
20000600   _unlock
20000604   _cleanup_ptr
20000608   _dtors_ptr
2000060c   main_func_sp
ffffffff   __binit__
ffffffff   __c_args__
ffffffff   binit
UNDEFED    SHT$$INIT_ARRAY$$Base
UNDEFED    SHT$$INIT_ARRAY$$Limit

[129 symbols]
