******************************************************************************
                  TMS470 Linker PC v4.9.7                      
******************************************************************************
>> Linked Fri May 24 17:47:07 2013

OUTPUT FILE NAME:   <Combined.out>
ENTRY POINT SYMBOL: "_c_int00"  address: 00003265


MEMORY CONFIGURATION

         name            origin    length      used     unused   attr    fill
----------------------  --------  ---------  --------  --------  ----  --------
  FLASH                 00000000   00040000  00003ccc  0003c334  R  X
  SRAM                  20000000   00008000  0000084c  000077b4  RW X


SEGMENT ALLOCATION MAP

run origin  load origin   length   init length attrs members
----------  ----------- ---------- ----------- ----- -------
00000000    00000000    00003cd8   00003cd8    r-x
  00000000    00000000    0000026c   0000026c    r-- .intvecs
  0000026c    0000026c    000035de   000035de    r-x .text
  00003850    00003850    000003ba   000003ba    r-- .const
  00003c10    00003c10    000000c8   000000c8    r-- .cinit
20000000    20000000    00000550   00000000    rw-
  20000000    20000000    00000550   00000000    rw- .bss
20000550    20000550    000002fc   000001fc    rw-
  20000550    20000550    000001fc   000001fc    rw- .data
  2000074c    2000074c    00000100   00000000    rw- .stack


SECTION ALLOCATION MAP

 output                                  attributes/
section   page    origin      length       input sections
--------  ----  ----------  ----------   ----------------
.intvecs   0    00000000    0000026c     
                  00000000    0000026c     startup_ccs.obj (.intvecs)

.text      0    0000026c    000035de     
                  0000026c    00000a18     ustdlib.obj (.text)
                  00000c84    00000848     uartstdio.obj (.text)
                  000014cc    000002c4     rtsv7M4_T_le_v4SPD16_eabi.lib : xsin.obj (.text)
                  00001790    000002a0     PID.obj (.text:retain)
                  00001a30    000001d8     driverlib-cm4f.lib : sysctl.obj (.text:SysCtlClockGet)
                  00001c08    000001b6     rtsv7M4_T_le_v4SPD16_eabi.lib : fd_add_t2.obj (.text)
                  00001dbe    00000002     accel.obj (.text:retain)
                  00001dc0    000001ac     app_commands.obj (.text)
                  00001f6c    0000017c     rtsv7M4_T_le_v4SPD16_eabi.lib : fmod.obj (.text)
                  000020e8    00000144     newpins.obj (.text)
                  0000222c    0000013c     driverlib-cm4f.lib : sysctl.obj (.text:SysCtlClockSet)
                  00002368    00000138     main.obj (.text)
                  000024a0    00000136     rtsv7M4_T_le_v4SPD16_eabi.lib : fd_div_t2.obj (.text)
                  000025d6    00000002     --HOLE-- [fill = 0]
                  000025d8    00000134     ADCSetup.obj (.text)
                  0000270c    00000114     PID.obj (.text)
                  00002820    00000108     rtsv7M4_T_le_v4SPD16_eabi.lib : xdscale.obj (.text)
                  00002928    000000fc                                   : fd_mul_t2.obj (.text)
                  00002a24    000000dc     PWMSetup.obj (.text)
                  00002b00    000000c8     driverlib-cm4f.lib : gpio.obj (.text:GPIOPadConfigSet)
                  00002bc8    000000be     rtsv7M4_T_le_v4SPD16_eabi.lib : xdnorm.obj (.text)
                  00002c86    00000002     --HOLE-- [fill = 0]
                  00002c88    000000a0     cmdline.obj (.text)
                  00002d28    0000009c     rtsv7M4_T_le_v4SPD16_eabi.lib : memcpy_t2.obj (.text)
                  00002dc4    00000094                                   : auto_init.obj (.text)
                  00002e58    0000007e                                   : fd_cmp_t2.obj (.text)
                  00002ed6    00000002     --HOLE-- [fill = 0]
                  00002ed8    00000078     driverlib-cm4f.lib : sysctl.obj (.text:SysCtlPeripheralPresent)
                  00002f50    0000006c                        : adc.obj (.text:ADCSequenceStepConfigure)
                  00002fbc    00000064                        : interrupt.obj (.text:IntDisable)
                  00003020    00000064                        : interrupt.obj (.text:IntEnable)
                  00003084    0000005e     rtsv7M4_T_le_v4SPD16_eabi.lib : copy_decompress_rle.obj (.text)
                  000030e2    00000002     --HOLE-- [fill = 0]
                  000030e4    00000058     driverlib-cm4f.lib : sysctl.obj (.text:SysCtlPeripheralEnable)
                  0000313c    0000004c     rtsv7M4_T_le_v4SPD16_eabi.lib : cpy_tbl.obj (.text)
                  00003188    0000004a                                   : fd_tos_t2.obj (.text)
                  000031d2    00000002     --HOLE-- [fill = 0]
                  000031d4    00000048     driverlib-cm4f.lib : gpio.obj (.text:GPIOPinConfigure)
                  0000321c    00000048     ADCSetup.obj (.text:retain)
                  00003264    00000048     rtsv7M4_T_le_v4SPD16_eabi.lib : boot.obj (.text)
                  000032ac    00000048                                   : fd_toi_t2.obj (.text)
                  000032f4    00000044                                   : exit.obj (.text)
                  00003338    00000044                                   : xdtest.obj (.text)
                  0000337c    00000042     driverlib-cm4f.lib : uart.obj (.text:UARTConfigSetExpClk)
                  000033be    00000042     rtsv7M4_T_le_v4SPD16_eabi.lib : u_divt2.obj (.text)
                  00003400    00000040                                   : signal.obj (.text)
                  00003440    00000034                                   : feraiseexcept.obj (.text)
                  00003474    00000030                                   : xferaise.obj (.text)
                  000034a4    0000002e     driverlib-cm4f.lib : gpio.obj (.text:GPIODirModeSet)
                  000034d2    0000002e     rtsv7M4_T_le_v4SPD16_eabi.lib : i_tofd_t2.obj (.text)
                  00003500    0000002e                                   : raise.obj (.text)
                  0000352e    0000002a     driverlib-cm4f.lib : adc.obj (.text:ADCSequenceConfigure)
                  00003558    00000028                        : timer.obj (.text:TimerConfigure)
                  00003580    00000024                        : interrupt.obj (.text:IntPrioritySet)
                  000035a4    00000020                        : adc.obj (.text:ADCSequenceDataGet)
                  000035c4    00000020                        : sysctl.obj (.text:SysCtlADCSpeedSet)
                  000035e4    00000020     rtsv7M4_T_le_v4SPD16_eabi.lib : u_tofd_t2.obj (.text)
                  00003604    0000001c     driverlib-cm4f.lib : uart.obj (.text:UARTDisable)
                  00003620    0000001a     rtsv7M4_T_le_v4SPD16_eabi.lib : sin.obj (.text)
                  0000363a    00000018     driverlib-cm4f.lib : timer.obj (.text:TimerControlTrigger)
                  00003652    00000002     --HOLE-- [fill = 0]
                  00003654    00000018     rtsv7M4_T_le_v4SPD16_eabi.lib : _lock.obj (.text)
                  0000366c    00000018                                   : args_main.obj (.text)
                  00003684    00000018                                   : strcmp.obj (.text)
                  0000369c    00000014     driverlib-cm4f.lib : uart.obj (.text:UARTEnable)
                  000036b0    00000012                        : adc.obj (.text:ADCHardwareOversampleConfigure)
                  000036c2    00000012                        : gpio.obj (.text:GPIOPinTypeADC)
                  000036d4    00000012                        : gpio.obj (.text:GPIOPinTypeGPIOOutput)
                  000036e6    00000012                        : gpio.obj (.text:GPIOPinTypeTimer)
                  000036f8    00000012                        : gpio.obj (.text:GPIOPinTypeUART)
                  0000370a    00000012                        : timer.obj (.text:TimerLoadSet)
                  0000371c    00000012                        : timer.obj (.text:TimerMatchSet)
                  0000372e    00000012     rtsv7M4_T_le_v4SPD16_eabi.lib : copy_zero_init.obj (.text:decompress:ZI)
                  00003740    00000010     driverlib-cm4f.lib : adc.obj (.text:ADCIntEnable)
                  00003750    00000010                        : uart.obj (.text:UARTCharGetNonBlocking)
                  00003760    00000010                        : uart.obj (.text:UARTCharPutNonBlocking)
                  00003770    0000000e                        : adc.obj (.text:ADCSequenceDisable)
                  0000377e    0000000e                        : adc.obj (.text:ADCSequenceEnable)
                  0000378c    0000000e                        : timer.obj (.text:TimerEnable)
                  0000379a    0000000e     rtsv7M4_T_le_v4SPD16_eabi.lib : copy_decompress_none.obj (.text:decompress:none)
                  000037a8    0000000c     driverlib-cm4f.lib : cpu.obj (.text:CPUcpsid)
                  000037b4    0000000c                        : cpu.obj (.text:CPUcpsie)
                  000037c0    0000000c                        : uart.obj (.text:UARTCharsAvail)
                  000037cc    0000000c                        : uart.obj (.text:UARTSpaceAvail)
                  000037d8    0000000c     startup_ccs.obj (.text)
                  000037e4    0000000a     driverlib-cm4f.lib : adc.obj (.text:ADCIntClear)
                  000037ee    0000000a                        : gpio.obj (.text:GPIOPinWrite)
                  000037f8    0000000a                        : interrupt.obj (.text:IntMasterDisable)
                  00003802    0000000a                        : interrupt.obj (.text:IntMasterEnable)
                  0000380c    0000000a                        : uart.obj (.text:UARTIntDisable)
                  00003816    0000000a                        : uart.obj (.text:UARTIntStatus)
                  00003820    00000008                        : timer.obj (.text:TimerIntEnable)
                  00003828    00000008                        : uart.obj (.text:UARTIntEnable)
                  00003830    00000006                        : sysctl.obj (.text:SysCtlDelay)
                  00003836    00000006                        : uart.obj (.text:UARTFIFOLevelSet)
                  0000383c    00000006     rtsv7M4_T_le_v4SPD16_eabi.lib : copy_decompress_rle.obj (.text:decompress:rle24)
                  00003842    00000004     driverlib-cm4f.lib : timer.obj (.text:TimerIntClear)
                  00003846    00000004                        : uart.obj (.text:UARTIntClear)

.const     0    00003850    000003ba     
                  00003850    000000ba     app_commands.obj (.const:.string)
                  0000390a    00000002     --HOLE-- [fill = 0]
                  0000390c    0000009c     driverlib-cm4f.lib : interrupt.obj (.const:g_pulRegs)
                  000039a8    00000078                        : gpio.obj (.const:g_pulGPIOBaseAddrs)
                  00003a20    00000070                        : interrupt.obj (.const)
                  00003a90    0000006c                        : sysctl.obj (.const:g_pulXtals)
                  00003afc    00000040                        : sysctl.obj (.const)
                  00003b3c    00000004     app_commands.obj (.const)
                  00003b40    00000030     rtsv7M4_T_le_v4SPD16_eabi.lib : xsin.obj (.const:c)
                  00003b70    00000030                                   : xsin.obj (.const:s)
                  00003ba0    00000028     uartstdio.obj (.const)
                  00003bc8    0000001c     ustdlib.obj (.const)
                  00003be4    00000012     uartstdio.obj (.const:.string)
                  00003bf6    00000002     --HOLE-- [fill = 0]
                  00003bf8    00000012     ustdlib.obj (.const:.string)

.cinit     0    00003c10    000000c8     
                  00003c10    000000a1     (.cinit..data.load) [load image, compression = rle]
                  00003cb1    00000003     --HOLE-- [fill = 0]
                  00003cb4    0000000c     (__TI_handler_table)
                  00003cc0    00000008     (.cinit..bss.load) [load image, compression = zero_init]
                  00003cc8    00000010     (__TI_cinit_table)

.bss       0    20000000    00000550     UNINITIALIZED
                  20000000    00000400     uartstdio.obj (.bss:g_pcUARTTxBuffer)
                  20000400    00000080     main.obj (.bss:g_cInput)
                  20000480    00000080     uartstdio.obj (.bss:g_pcUARTRxBuffer)
                  20000500    00000024     PID.obj (.bss:LVDTController)
                  20000524    00000024     cmdline.obj (.bss:argv$1)
                  20000548    00000008     uartstdio.obj (.bss)

.data      0    20000550    000001fc     
                  20000550    000000b0     rtsv7M4_T_le_v4SPD16_eabi.lib : signal.obj (.data:sigtable)
                  20000600    00000080                                   : xvalues.obj (.data)
                  20000680    00000054     app_commands.obj (.data:g_sCmdTable)
                  200006d4    00000024     PID.obj (.data)
                  200006f8    00000018     main.obj (.data)
                  20000710    00000015     uartstdio.obj (.data)
                  20000725    00000003     --HOLE--
                  20000728    00000008     rtsv7M4_T_le_v4SPD16_eabi.lib : _lock.obj (.data)
                  20000730    00000008                                   : exit.obj (.data)
                  20000738    00000008                                   : feraiseexcept.obj (.data)
                  20000740    00000004                                   : errno.obj (.data)
                  20000744    00000004                                   : stkdepth_vars.obj (.data)
                  20000748    00000004     ustdlib.obj (.data)

.stack     0    2000074c    00000100     UNINITIALIZED
                  2000074c    00000100     --HOLE--


LINKER GENERATED COPY TABLES

__TI_cinit_table @ 00003cc8 records: 2, size/record: 8, table size: 16
	.data: load addr=00003c10, load size=000000a1 bytes, run addr=20000550, run size=000001fc bytes, compression=rle
	.bss: load addr=00003cc0, load size=00000008 bytes, run addr=20000000, run size=00000550 bytes, compression=zero_init


LINKER GENERATED HANDLER TABLE

__TI_handler_table @ 00003cb4 records: 3, size/record: 4, table size: 12
	index: 0, handler: __TI_decompress_rle24
	index: 1, handler: __TI_decompress_none
	index: 2, handler: __TI_zero_init


GLOBAL SYMBOLS: SORTED ALPHABETICALLY BY Name 

address    name
--------   ----
0000321d   ADC0IntHandler
00003239   ADC1IntHandler
000036b1   ADCHardwareOversampleConfigure
000037e5   ADCIntClear
00003741   ADCIntEnable
0000352f   ADCSequenceConfigure
000035a5   ADCSequenceDataGet
00003771   ADCSequenceDisable
0000377f   ADCSequenceEnable
00002f51   ADCSequenceStepConfigure
000025d9   ADCSetup
20000700   Accel
000032f5   C$$EXIT
00001dc1   CMD_help
00001e77   CMD_setDuty
00001eb7   CMD_setFreq
00001e13   CMD_setTrajectory
00001e57   CMD_start
00001e67   CMD_stop
000037a9   CPUcpsid
000037b5   CPUcpsie
00002c89   CmdLineProcess
000034a5   GPIODirModeSet
00002b01   GPIOPadConfigSet
000031d5   GPIOPinConfigure
000036c3   GPIOPinTypeADC
000036d5   GPIOPinTypeGPIOOutput
000036e7   GPIOPinTypeTimer
000036f9   GPIOPinTypeUART
000037ef   GPIOPinWrite
00002fbd   IntDisable
00003021   IntEnable
000037f9   IntMasterDisable
00003803   IntMasterEnable
00003581   IntPrioritySet
200006e8   Kd
200006e4   Ki
200006e0   Kp
20000500   LVDTController
00002757   LVDTPIDInit
200006d4   LVDTPIDOutput
00003b3c   NUM_CMD
00001791   PIDIntHandlerLVDT
000020e9   PortFunctionInit
000037d9   ResetISR
UNDEFED    SHT$$INIT_ARRAY$$Base
UNDEFED    SHT$$INIT_ARRAY$$Limit
000035c5   SysCtlADCSpeedSet
00001a31   SysCtlClockGet
0000222d   SysCtlClockSet
00003831   SysCtlDelay
000030e5   SysCtlPeripheralEnable
00002ed9   SysCtlPeripheralPresent
00003559   TimerConfigure
0000363b   TimerControlTrigger
0000378d   TimerEnable
00003843   TimerIntClear
00003821   TimerIntEnable
0000370b   TimerLoadSet
0000371d   TimerMatchSet
00003751   UARTCharGetNonBlocking
00003761   UARTCharPutNonBlocking
000037c1   UARTCharsAvail
0000337d   UARTConfigSetExpClk
00003605   UARTDisable
00001345   UARTEchoSet
0000369d   UARTEnable
00003837   UARTFIFOLevelSet
000012ed   UARTFlushRx
0000130f   UARTFlushTx
00003847   UARTIntClear
0000380d   UARTIntDisable
00003829   UARTIntEnable
00003817   UARTIntStatus
00001293   UARTPeek
00001271   UARTRxBytesAvail
000037cd   UARTSpaceAvail
00000d73   UARTStdioConfig
00000df9   UARTStdioInit
00000e0f   UARTStdioInitExpClk
00001371   UARTStdioIntHandler
0000127f   UARTTxBytesFree
00000f41   UARTgetc
00000ec5   UARTgets
00000f9d   UARTprintf
00000e25   UARTwrite
20000600   _Denorm
00002bc9   _Dnorm
00002821   _Dscale
00003339   _Dtest
20000610   _Eps
20000740   _Errno
20000738   _Fenv
00003475   _Feraise
20000620   _Hugeval
20000630   _Inf
20000640   _Nan
20000660   _Rteps
000014cd   _Sin
20000650   _Snan
2000073c   _Tls_setup__Fenv
20000670   _Xbig
20000678   _Zero
2000084c   __STACK_END
00000100   __STACK_SIZE
2000084c   __STACK_TOP
00003cc8   __TI_CINIT_Base
00003cd8   __TI_CINIT_Limit
00003cb4   __TI_Handler_Table_Base
00003cc0   __TI_Handler_Table_Limit
00000001   __TI_args_main
00002dc5   __TI_auto_init
0000379b   __TI_decompress_none
0000383d   __TI_decompress_rle24
00000000   __TI_static_base__
0000372f   __TI_zero_init
00002e59   __aeabi_cdcmpeq
00002e59   __aeabi_cdcmple
00003189   __aeabi_d2f
000032ad   __aeabi_d2iz
00001c13   __aeabi_dadd
000024a1   __aeabi_ddiv
00002929   __aeabi_dmul
00001c09   __aeabi_dsub
000034d3   __aeabi_i2d
00002d29   __aeabi_memcpy
00002d29   __aeabi_memcpy4
00002d29   __aeabi_memcpy8
000035e5   __aeabi_ui2d
000033bf   __aeabi_uidivmod
ffffffff   __binit__
ffffffff   __c_args__
2000074c   __stack
0000366d   _args_main
00003265   _c_int00
20000730   _cleanup_ptr
20000734   _dtors_ptr
20000728   _lock
00003661   _nop
0000365b   _register_lock
00003655   _register_unlock
2000072c   _unlock
000032f9   abort
00001dbf   accelInt
ffffffff   binit
0000313d   copy_in
20000704   dutyCycle
00003301   exit
00003441   feraiseexcept
00001f6d   fmod
200006f4   freq
00000000   g_pfnVectors
20000680   g_sCmdTable
00002369   main
20000744   main_func_sp
200006ec   maxSumError
00002d29   memcpy
20000708   pwmPeriod
00002a5f   pwmSetDuty
00002a25   pwmSetup
00003501   raise
0000270d   roundNum
2000070c   setPoint
00003401   signal
00003621   sin
00003685   strcmp
200006dc   sumError
200006f0   t
200006f8   ulCurrent
200006fc   ulLVDT
00000725   ulocaltime
00000925   umktime
00000c61   urand
000006ef   usnprintf
000006bd   usprintf
00000c51   usrand
00000bc9   ustrcasecmp
00000c3d   ustrcmp
00000ad5   ustrlen
00000bdd   ustrncmp
0000026d   ustrncpy
00000b29   ustrnicmp
00000af7   ustrstr
0000099d   ustrtoul
000002c5   uvsnprintf
200006d8   yLast


GLOBAL SYMBOLS: SORTED BY Symbol Address 

address    name
--------   ----
00000000   __TI_static_base__
00000000   g_pfnVectors
00000001   __TI_args_main
00000100   __STACK_SIZE
0000026d   ustrncpy
000002c5   uvsnprintf
000006bd   usprintf
000006ef   usnprintf
00000725   ulocaltime
00000925   umktime
0000099d   ustrtoul
00000ad5   ustrlen
00000af7   ustrstr
00000b29   ustrnicmp
00000bc9   ustrcasecmp
00000bdd   ustrncmp
00000c3d   ustrcmp
00000c51   usrand
00000c61   urand
00000d73   UARTStdioConfig
00000df9   UARTStdioInit
00000e0f   UARTStdioInitExpClk
00000e25   UARTwrite
00000ec5   UARTgets
00000f41   UARTgetc
00000f9d   UARTprintf
00001271   UARTRxBytesAvail
0000127f   UARTTxBytesFree
00001293   UARTPeek
000012ed   UARTFlushRx
0000130f   UARTFlushTx
00001345   UARTEchoSet
00001371   UARTStdioIntHandler
000014cd   _Sin
00001791   PIDIntHandlerLVDT
00001a31   SysCtlClockGet
00001c09   __aeabi_dsub
00001c13   __aeabi_dadd
00001dbf   accelInt
00001dc1   CMD_help
00001e13   CMD_setTrajectory
00001e57   CMD_start
00001e67   CMD_stop
00001e77   CMD_setDuty
00001eb7   CMD_setFreq
00001f6d   fmod
000020e9   PortFunctionInit
0000222d   SysCtlClockSet
00002369   main
000024a1   __aeabi_ddiv
000025d9   ADCSetup
0000270d   roundNum
00002757   LVDTPIDInit
00002821   _Dscale
00002929   __aeabi_dmul
00002a25   pwmSetup
00002a5f   pwmSetDuty
00002b01   GPIOPadConfigSet
00002bc9   _Dnorm
00002c89   CmdLineProcess
00002d29   __aeabi_memcpy
00002d29   __aeabi_memcpy4
00002d29   __aeabi_memcpy8
00002d29   memcpy
00002dc5   __TI_auto_init
00002e59   __aeabi_cdcmpeq
00002e59   __aeabi_cdcmple
00002ed9   SysCtlPeripheralPresent
00002f51   ADCSequenceStepConfigure
00002fbd   IntDisable
00003021   IntEnable
000030e5   SysCtlPeripheralEnable
0000313d   copy_in
00003189   __aeabi_d2f
000031d5   GPIOPinConfigure
0000321d   ADC0IntHandler
00003239   ADC1IntHandler
00003265   _c_int00
000032ad   __aeabi_d2iz
000032f5   C$$EXIT
000032f9   abort
00003301   exit
00003339   _Dtest
0000337d   UARTConfigSetExpClk
000033bf   __aeabi_uidivmod
00003401   signal
00003441   feraiseexcept
00003475   _Feraise
000034a5   GPIODirModeSet
000034d3   __aeabi_i2d
00003501   raise
0000352f   ADCSequenceConfigure
00003559   TimerConfigure
00003581   IntPrioritySet
000035a5   ADCSequenceDataGet
000035c5   SysCtlADCSpeedSet
000035e5   __aeabi_ui2d
00003605   UARTDisable
00003621   sin
0000363b   TimerControlTrigger
00003655   _register_unlock
0000365b   _register_lock
00003661   _nop
0000366d   _args_main
00003685   strcmp
0000369d   UARTEnable
000036b1   ADCHardwareOversampleConfigure
000036c3   GPIOPinTypeADC
000036d5   GPIOPinTypeGPIOOutput
000036e7   GPIOPinTypeTimer
000036f9   GPIOPinTypeUART
0000370b   TimerLoadSet
0000371d   TimerMatchSet
0000372f   __TI_zero_init
00003741   ADCIntEnable
00003751   UARTCharGetNonBlocking
00003761   UARTCharPutNonBlocking
00003771   ADCSequenceDisable
0000377f   ADCSequenceEnable
0000378d   TimerEnable
0000379b   __TI_decompress_none
000037a9   CPUcpsid
000037b5   CPUcpsie
000037c1   UARTCharsAvail
000037cd   UARTSpaceAvail
000037d9   ResetISR
000037e5   ADCIntClear
000037ef   GPIOPinWrite
000037f9   IntMasterDisable
00003803   IntMasterEnable
0000380d   UARTIntDisable
00003817   UARTIntStatus
00003821   TimerIntEnable
00003829   UARTIntEnable
00003831   SysCtlDelay
00003837   UARTFIFOLevelSet
0000383d   __TI_decompress_rle24
00003843   TimerIntClear
00003847   UARTIntClear
00003b3c   NUM_CMD
00003cb4   __TI_Handler_Table_Base
00003cc0   __TI_Handler_Table_Limit
00003cc8   __TI_CINIT_Base
00003cd8   __TI_CINIT_Limit
20000500   LVDTController
20000600   _Denorm
20000610   _Eps
20000620   _Hugeval
20000630   _Inf
20000640   _Nan
20000650   _Snan
20000660   _Rteps
20000670   _Xbig
20000678   _Zero
20000680   g_sCmdTable
200006d4   LVDTPIDOutput
200006d8   yLast
200006dc   sumError
200006e0   Kp
200006e4   Ki
200006e8   Kd
200006ec   maxSumError
200006f0   t
200006f4   freq
200006f8   ulCurrent
200006fc   ulLVDT
20000700   Accel
20000704   dutyCycle
20000708   pwmPeriod
2000070c   setPoint
20000728   _lock
2000072c   _unlock
20000730   _cleanup_ptr
20000734   _dtors_ptr
20000738   _Fenv
2000073c   _Tls_setup__Fenv
20000740   _Errno
20000744   main_func_sp
2000074c   __stack
2000084c   __STACK_END
2000084c   __STACK_TOP
ffffffff   __binit__
ffffffff   __c_args__
ffffffff   binit
UNDEFED    SHT$$INIT_ARRAY$$Base
UNDEFED    SHT$$INIT_ARRAY$$Limit

[186 symbols]
