******************************************************************************
                  TMS470 Linker PC v4.9.7                      
******************************************************************************
>> Linked Fri May 03 17:58:07 2013

OUTPUT FILE NAME:   <Combined.out>
ENTRY POINT SYMBOL: "_c_int00"  address: 00001999


MEMORY CONFIGURATION

         name            origin    length      used     unused   attr    fill
----------------------  --------  ---------  --------  --------  ----  --------
  FLASH                 00000000   00040000  00002050  0003dfb0  R  X
  SRAM                  20000000   00008000  00000604  000079fc  RW X


SEGMENT ALLOCATION MAP

run origin  load origin   length   init length attrs members
----------  ----------- ---------- ----------- ----- -------
00000000    00000000    00002058   00002058    r-x
  00000000    00000000    0000026c   0000026c    r-- .intvecs
  0000026c    0000026c    00001b32   00001b32    r-x .text
  00001da0    00001da0    0000026a   0000026a    r-- .const
  00002010    00002010    00000048   00000048    r-- .cinit
20000000    20000000    000005ac   00000000    rw-
  20000000    20000000    000004ac   00000000    rw- .bss
  200004ac    200004ac    00000100   00000000    rw- .stack
200005ac    200005ac    00000058   00000058    rw-
  200005ac    200005ac    00000058   00000058    rw- .data


SECTION ALLOCATION MAP

 output                                  attributes/
section   page    origin      length       input sections
--------  ----  ----------  ----------   ----------------
.intvecs   0    00000000    0000026c     
                  00000000    0000026c     startup_ccs.obj (.intvecs)

.text      0    0000026c    00001b32     
                  0000026c    00000848     uartstdio.obj (.text)
                  00000ab4    000001d8     driverlib-cm4f.lib : sysctl.obj (.text:SysCtlClockGet)
                  00000c8c    00000164     main.obj (.text)
                  00000df0    00000158     newpins.obj (.text)
                  00000f48    0000013c     driverlib-cm4f.lib : sysctl.obj (.text:SysCtlClockSet)
                  00001084    00000134     ADCSetup.obj (.text)
                  000011b8    000000ec     PID.obj (.text)
                  000012a4    000000e0     PID.obj (.text:retain)
                  00001384    000000dc     PWMSetup.obj (.text)
                  00001460    000000c8     driverlib-cm4f.lib : gpio.obj (.text:GPIOPadConfigSet)
                  00001528    0000009c     rtsv7M4_T_le_v4SPD16_eabi.lib : memcpy_t2.obj (.text)
                  000015c4    00000094                                   : auto_init.obj (.text)
                  00001658    00000078     driverlib-cm4f.lib : sysctl.obj (.text:SysCtlPeripheralPresent)
                  000016d0    0000006c                        : adc.obj (.text:ADCSequenceStepConfigure)
                  0000173c    00000064                        : interrupt.obj (.text:IntDisable)
                  000017a0    00000064                        : interrupt.obj (.text:IntEnable)
                  00001804    0000005e     rtsv7M4_T_le_v4SPD16_eabi.lib : copy_decompress_rle.obj (.text)
                  00001862    00000002     --HOLE-- [fill = 0]
                  00001864    00000058     driverlib-cm4f.lib : sysctl.obj (.text:SysCtlPeripheralEnable)
                  000018bc    0000004c     rtsv7M4_T_le_v4SPD16_eabi.lib : cpy_tbl.obj (.text)
                  00001908    00000048     driverlib-cm4f.lib : gpio.obj (.text:GPIOPinConfigure)
                  00001950    00000048     ADCSetup.obj (.text:retain)
                  00001998    00000048     rtsv7M4_T_le_v4SPD16_eabi.lib : boot.obj (.text)
                  000019e0    00000044                                   : exit.obj (.text)
                  00001a24    00000042     driverlib-cm4f.lib : uart.obj (.text:UARTConfigSetExpClk)
                  00001a66    00000042     rtsv7M4_T_le_v4SPD16_eabi.lib : u_divt2.obj (.text)
                  00001aa8    0000002e     driverlib-cm4f.lib : gpio.obj (.text:GPIODirModeSet)
                  00001ad6    0000002a                        : adc.obj (.text:ADCSequenceConfigure)
                  00001b00    00000028                        : timer.obj (.text:TimerConfigure)
                  00001b28    00000024                        : interrupt.obj (.text:IntPrioritySet)
                  00001b4c    00000020                        : adc.obj (.text:ADCSequenceDataGet)
                  00001b6c    00000020                        : sysctl.obj (.text:SysCtlADCSpeedSet)
                  00001b8c    0000001c                        : uart.obj (.text:UARTDisable)
                  00001ba8    00000018                        : timer.obj (.text:TimerControlTrigger)
                  00001bc0    00000018     rtsv7M4_T_le_v4SPD16_eabi.lib : _lock.obj (.text)
                  00001bd8    00000018                                   : args_main.obj (.text)
                  00001bf0    00000014     driverlib-cm4f.lib : uart.obj (.text:UARTEnable)
                  00001c04    00000012                        : adc.obj (.text:ADCHardwareOversampleConfigure)
                  00001c16    00000012                        : gpio.obj (.text:GPIOPinTypeADC)
                  00001c28    00000012                        : gpio.obj (.text:GPIOPinTypeGPIOOutput)
                  00001c3a    00000012                        : gpio.obj (.text:GPIOPinTypeTimer)
                  00001c4c    00000012                        : gpio.obj (.text:GPIOPinTypeUART)
                  00001c5e    00000012                        : timer.obj (.text:TimerLoadSet)
                  00001c70    00000012                        : timer.obj (.text:TimerMatchSet)
                  00001c82    00000012     rtsv7M4_T_le_v4SPD16_eabi.lib : copy_zero_init.obj (.text:decompress:ZI)
                  00001c94    00000010     driverlib-cm4f.lib : adc.obj (.text:ADCIntEnable)
                  00001ca4    00000010                        : uart.obj (.text:UARTCharGetNonBlocking)
                  00001cb4    00000010                        : uart.obj (.text:UARTCharPutNonBlocking)
                  00001cc4    0000000e                        : adc.obj (.text:ADCSequenceDisable)
                  00001cd2    0000000e                        : adc.obj (.text:ADCSequenceEnable)
                  00001ce0    0000000e                        : timer.obj (.text:TimerEnable)
                  00001cee    0000000e     rtsv7M4_T_le_v4SPD16_eabi.lib : copy_decompress_none.obj (.text:decompress:none)
                  00001cfc    0000000c     driverlib-cm4f.lib : cpu.obj (.text:CPUcpsid)
                  00001d08    0000000c                        : cpu.obj (.text:CPUcpsie)
                  00001d14    0000000c                        : uart.obj (.text:UARTCharsAvail)
                  00001d20    0000000c                        : uart.obj (.text:UARTSpaceAvail)
                  00001d2c    0000000c     startup_ccs.obj (.text)
                  00001d38    0000000a     driverlib-cm4f.lib : adc.obj (.text:ADCIntClear)
                  00001d42    0000000a                        : gpio.obj (.text:GPIOPinWrite)
                  00001d4c    0000000a                        : interrupt.obj (.text:IntMasterDisable)
                  00001d56    0000000a                        : interrupt.obj (.text:IntMasterEnable)
                  00001d60    0000000a                        : uart.obj (.text:UARTIntDisable)
                  00001d6a    0000000a                        : uart.obj (.text:UARTIntStatus)
                  00001d74    00000008                        : timer.obj (.text:TimerIntEnable)
                  00001d7c    00000008                        : uart.obj (.text:UARTIntEnable)
                  00001d84    00000006                        : sysctl.obj (.text:SysCtlDelay)
                  00001d8a    00000006                        : uart.obj (.text:UARTFIFOLevelSet)
                  00001d90    00000006     rtsv7M4_T_le_v4SPD16_eabi.lib : copy_decompress_rle.obj (.text:decompress:rle24)
                  00001d96    00000004     driverlib-cm4f.lib : timer.obj (.text:TimerIntClear)
                  00001d9a    00000004                        : uart.obj (.text:UARTIntClear)

.const     0    00001da0    0000026a     
                  00001da0    0000009c     driverlib-cm4f.lib : interrupt.obj (.const:g_pulRegs)
                  00001e3c    00000078                        : gpio.obj (.const:g_pulGPIOBaseAddrs)
                  00001eb4    00000070                        : interrupt.obj (.const)
                  00001f24    0000006c                        : sysctl.obj (.const:g_pulXtals)
                  00001f90    00000040                        : sysctl.obj (.const)
                  00001fd0    00000028     uartstdio.obj (.const)
                  00001ff8    00000012     uartstdio.obj (.const:.string)

.cinit     0    00002010    00000048     
                  00002010    0000001d     (.cinit..data.load) [load image, compression = rle]
                  0000202d    00000003     --HOLE-- [fill = 0]
                  00002030    0000000c     (__TI_handler_table)
                  0000203c    00000004     --HOLE-- [fill = 0]
                  00002040    00000008     (.cinit..bss.load) [load image, compression = zero_init]
                  00002048    00000010     (__TI_cinit_table)

.bss       0    20000000    000004ac     UNINITIALIZED
                  20000000    00000400     uartstdio.obj (.bss:g_pcUARTTxBuffer)
                  20000400    00000080     uartstdio.obj (.bss:g_pcUARTRxBuffer)
                  20000480    0000001c     PID.obj (.bss)
                  2000049c    00000008     main.obj (.bss)
                  200004a4    00000008     uartstdio.obj (.bss)

.stack     0    200004ac    00000100     UNINITIALIZED
                  200004ac    00000100     --HOLE--

.data      0    200005ac    00000058     
                  200005ac    00000020     main.obj (.data)
                  200005cc    00000015     uartstdio.obj (.data)
                  200005e1    00000003     --HOLE--
                  200005e4    0000000c     PID.obj (.data)
                  200005f0    00000008     rtsv7M4_T_le_v4SPD16_eabi.lib : _lock.obj (.data)
                  200005f8    00000008                                   : exit.obj (.data)
                  20000600    00000004                                   : stkdepth_vars.obj (.data)


LINKER GENERATED COPY TABLES

__TI_cinit_table @ 00002048 records: 2, size/record: 8, table size: 16
	.data: load addr=00002010, load size=0000001d bytes, run addr=200005ac, run size=00000058 bytes, compression=rle
	.bss: load addr=00002040, load size=00000008 bytes, run addr=20000000, run size=000004ac bytes, compression=zero_init


LINKER GENERATED HANDLER TABLE

__TI_handler_table @ 00002030 records: 3, size/record: 4, table size: 12
	index: 0, handler: __TI_decompress_rle24
	index: 1, handler: __TI_decompress_none
	index: 2, handler: __TI_zero_init


GLOBAL SYMBOLS: SORTED ALPHABETICALLY BY Name 

address    name
--------   ----
00001951   ADC0IntHandler
0000196d   ADC1IntHandler
00001c05   ADCHardwareOversampleConfigure
00001d39   ADCIntClear
00001c95   ADCIntEnable
00001ad7   ADCSequenceConfigure
00001b4d   ADCSequenceDataGet
00001cc5   ADCSequenceDisable
00001cd3   ADCSequenceEnable
000016d1   ADCSequenceStepConfigure
00001085   ADCSetup
000019e1   C$$EXIT
00001cfd   CPUcpsid
00001d09   CPUcpsie
00001aa9   GPIODirModeSet
00001461   GPIOPadConfigSet
00001909   GPIOPinConfigure
00001c17   GPIOPinTypeADC
00001c29   GPIOPinTypeGPIOOutput
00001c3b   GPIOPinTypeTimer
00001c4d   GPIOPinTypeUART
00001d43   GPIOPinWrite
0000173d   IntDisable
000017a1   IntEnable
00001d4d   IntMasterDisable
00001d57   IntMasterEnable
00001b29   IntPrioritySet
200005c8   Kd
200005c4   Ki
200005c0   Kp
20000480   LVDTController
00001203   LVDTPIDInit
200005e4   LVDTPIDOutput
000012a5   PIDIntHandlerLVDT
00000df1   PortFunctionInit
00001d2d   ResetISR
UNDEFED    SHT$$INIT_ARRAY$$Base
UNDEFED    SHT$$INIT_ARRAY$$Limit
00001b6d   SysCtlADCSpeedSet
00000ab5   SysCtlClockGet
00000f49   SysCtlClockSet
00001d85   SysCtlDelay
00001865   SysCtlPeripheralEnable
00001659   SysCtlPeripheralPresent
00001b01   TimerConfigure
00001ba9   TimerControlTrigger
00001ce1   TimerEnable
00001d97   TimerIntClear
00001d75   TimerIntEnable
00001c5f   TimerLoadSet
00001c71   TimerMatchSet
00001ca5   UARTCharGetNonBlocking
00001cb5   UARTCharPutNonBlocking
00001d15   UARTCharsAvail
00001a25   UARTConfigSetExpClk
00001b8d   UARTDisable
0000092d   UARTEchoSet
00001bf1   UARTEnable
00001d8b   UARTFIFOLevelSet
000008d5   UARTFlushRx
000008f7   UARTFlushTx
00001d9b   UARTIntClear
00001d61   UARTIntDisable
00001d7d   UARTIntEnable
00001d6b   UARTIntStatus
0000087b   UARTPeek
00000859   UARTRxBytesAvail
00001d21   UARTSpaceAvail
0000035b   UARTStdioConfig
000003e1   UARTStdioInit
000003f7   UARTStdioInitExpClk
00000959   UARTStdioIntHandler
00000867   UARTTxBytesFree
00000529   UARTgetc
000004ad   UARTgets
00000585   UARTprintf
0000040d   UARTwrite
200005ac   __STACK_END
00000100   __STACK_SIZE
200005ac   __STACK_TOP
00002048   __TI_CINIT_Base
00002058   __TI_CINIT_Limit
00002030   __TI_Handler_Table_Base
0000203c   __TI_Handler_Table_Limit
00000001   __TI_args_main
000015c5   __TI_auto_init
00001cef   __TI_decompress_none
00001d91   __TI_decompress_rle24
00000000   __TI_static_base__
00001c83   __TI_zero_init
00001529   __aeabi_memcpy
00001529   __aeabi_memcpy4
00001529   __aeabi_memcpy8
00001a67   __aeabi_uidivmod
ffffffff   __binit__
ffffffff   __c_args__
200004ac   __stack
00001bd9   _args_main
00001999   _c_int00
200005f8   _cleanup_ptr
200005fc   _dtors_ptr
200005f0   _lock
00001bcd   _nop
00001bc7   _register_lock
00001bc1   _register_unlock
200005f4   _unlock
000019e5   abort
200005ec   arrayIndex
ffffffff   binit
000018bd   copy_in
200005b4   dutyCycle
000019ed   exit
00000000   g_pfnVectors
00000c8d   main
20000600   main_func_sp
00001529   memcpy
200005b8   pwmPeriod
000013bf   pwmSetDuty
00001385   pwmSetup
000011b9   round
200005bc   setPoint
2000049c   str
200005ac   ulCurrent
200005b0   ulLVDT
200005e8   yLast


GLOBAL SYMBOLS: SORTED BY Symbol Address 

address    name
--------   ----
00000000   __TI_static_base__
00000000   g_pfnVectors
00000001   __TI_args_main
00000100   __STACK_SIZE
0000035b   UARTStdioConfig
000003e1   UARTStdioInit
000003f7   UARTStdioInitExpClk
0000040d   UARTwrite
000004ad   UARTgets
00000529   UARTgetc
00000585   UARTprintf
00000859   UARTRxBytesAvail
00000867   UARTTxBytesFree
0000087b   UARTPeek
000008d5   UARTFlushRx
000008f7   UARTFlushTx
0000092d   UARTEchoSet
00000959   UARTStdioIntHandler
00000ab5   SysCtlClockGet
00000c8d   main
00000df1   PortFunctionInit
00000f49   SysCtlClockSet
00001085   ADCSetup
000011b9   round
00001203   LVDTPIDInit
000012a5   PIDIntHandlerLVDT
00001385   pwmSetup
000013bf   pwmSetDuty
00001461   GPIOPadConfigSet
00001529   __aeabi_memcpy
00001529   __aeabi_memcpy4
00001529   __aeabi_memcpy8
00001529   memcpy
000015c5   __TI_auto_init
00001659   SysCtlPeripheralPresent
000016d1   ADCSequenceStepConfigure
0000173d   IntDisable
000017a1   IntEnable
00001865   SysCtlPeripheralEnable
000018bd   copy_in
00001909   GPIOPinConfigure
00001951   ADC0IntHandler
0000196d   ADC1IntHandler
00001999   _c_int00
000019e1   C$$EXIT
000019e5   abort
000019ed   exit
00001a25   UARTConfigSetExpClk
00001a67   __aeabi_uidivmod
00001aa9   GPIODirModeSet
00001ad7   ADCSequenceConfigure
00001b01   TimerConfigure
00001b29   IntPrioritySet
00001b4d   ADCSequenceDataGet
00001b6d   SysCtlADCSpeedSet
00001b8d   UARTDisable
00001ba9   TimerControlTrigger
00001bc1   _register_unlock
00001bc7   _register_lock
00001bcd   _nop
00001bd9   _args_main
00001bf1   UARTEnable
00001c05   ADCHardwareOversampleConfigure
00001c17   GPIOPinTypeADC
00001c29   GPIOPinTypeGPIOOutput
00001c3b   GPIOPinTypeTimer
00001c4d   GPIOPinTypeUART
00001c5f   TimerLoadSet
00001c71   TimerMatchSet
00001c83   __TI_zero_init
00001c95   ADCIntEnable
00001ca5   UARTCharGetNonBlocking
00001cb5   UARTCharPutNonBlocking
00001cc5   ADCSequenceDisable
00001cd3   ADCSequenceEnable
00001ce1   TimerEnable
00001cef   __TI_decompress_none
00001cfd   CPUcpsid
00001d09   CPUcpsie
00001d15   UARTCharsAvail
00001d21   UARTSpaceAvail
00001d2d   ResetISR
00001d39   ADCIntClear
00001d43   GPIOPinWrite
00001d4d   IntMasterDisable
00001d57   IntMasterEnable
00001d61   UARTIntDisable
00001d6b   UARTIntStatus
00001d75   TimerIntEnable
00001d7d   UARTIntEnable
00001d85   SysCtlDelay
00001d8b   UARTFIFOLevelSet
00001d91   __TI_decompress_rle24
00001d97   TimerIntClear
00001d9b   UARTIntClear
00002030   __TI_Handler_Table_Base
0000203c   __TI_Handler_Table_Limit
00002048   __TI_CINIT_Base
00002058   __TI_CINIT_Limit
20000480   LVDTController
2000049c   str
200004ac   __stack
200005ac   __STACK_END
200005ac   __STACK_TOP
200005ac   ulCurrent
200005b0   ulLVDT
200005b4   dutyCycle
200005b8   pwmPeriod
200005bc   setPoint
200005c0   Kp
200005c4   Ki
200005c8   Kd
200005e4   LVDTPIDOutput
200005e8   yLast
200005ec   arrayIndex
200005f0   _lock
200005f4   _unlock
200005f8   _cleanup_ptr
200005fc   _dtors_ptr
20000600   main_func_sp
ffffffff   __binit__
ffffffff   __c_args__
ffffffff   binit
UNDEFED    SHT$$INIT_ARRAY$$Base
UNDEFED    SHT$$INIT_ARRAY$$Limit

[125 symbols]
