******************************************************************************
                  TMS470 Linker PC v4.9.7                      
******************************************************************************
>> Linked Wed May 22 20:01:15 2013

OUTPUT FILE NAME:   <Combined.out>
ENTRY POINT SYMBOL: "_c_int00"  address: 00003249


MEMORY CONFIGURATION

         name            origin    length      used     unused   attr    fill
----------------------  --------  ---------  --------  --------  ----  --------
  FLASH                 00000000   00040000  00003cc6  0003c33a  R  X
  SRAM                  20000000   00008000  0000084c  000077b4  RW X


SEGMENT ALLOCATION MAP

run origin  load origin   length   init length attrs members
----------  ----------- ---------- ----------- ----- -------
00000000    00000000    00003cc8   00003cc8    r-x
  00000000    00000000    0000026c   0000026c    r-- .intvecs
  0000026c    0000026c    000035c2   000035c2    r-x .text
  00003830    00003830    000003d0   000003d0    r-- .const
  00003c00    00003c00    000000c8   000000c8    r-- .cinit
20000000    20000000    00000550   00000000    rw-
  20000000    20000000    00000550   00000000    rw- .bss
20000550    20000550    000002fc   000001fc    rw-
  20000550    20000550    000001fc   000001fc    rw- .data
  2000074c    2000074c    00000100   00000000    rw- .stack


SECTION ALLOCATION MAP

 output                                  attributes/
section   page    origin      length       input sections
--------  ----  ----------  ----------   ----------------
.intvecs   0    00000000    0000026c     
                  00000000    0000026c     startup_ccs.obj (.intvecs)

.text      0    0000026c    000035c2     
                  0000026c    00000a18     ustdlib.obj (.text)
                  00000c84    00000848     uartstdio.obj (.text)
                  000014cc    000002c4     rtsv7M4_T_le_v4SPD16_eabi.lib : xsin.obj (.text)
                  00001790    00000298     PID.obj (.text:retain)
                  00001a28    000001d8     driverlib-cm4f.lib : sysctl.obj (.text:SysCtlClockGet)
                  00001c00    000001b6     rtsv7M4_T_le_v4SPD16_eabi.lib : fd_add_t2.obj (.text)
                  00001db6    00000002     accel.obj (.text:retain)
                  00001db8    00000198     app_commands.obj (.text)
                  00001f50    0000017c     rtsv7M4_T_le_v4SPD16_eabi.lib : fmod.obj (.text)
                  000020cc    00000144     newpins.obj (.text)
                  00002210    0000013c     driverlib-cm4f.lib : sysctl.obj (.text:SysCtlClockSet)
                  0000234c    00000138     main.obj (.text)
                  00002484    00000136     rtsv7M4_T_le_v4SPD16_eabi.lib : fd_div_t2.obj (.text)
                  000025ba    00000002     --HOLE-- [fill = 0]
                  000025bc    00000134     ADCSetup.obj (.text)
                  000026f0    00000114     PID.obj (.text)
                  00002804    00000108     rtsv7M4_T_le_v4SPD16_eabi.lib : xdscale.obj (.text)
                  0000290c    000000fc                                   : fd_mul_t2.obj (.text)
                  00002a08    000000dc     PWMSetup.obj (.text)
                  00002ae4    000000c8     driverlib-cm4f.lib : gpio.obj (.text:GPIOPadConfigSet)
                  00002bac    000000be     rtsv7M4_T_le_v4SPD16_eabi.lib : xdnorm.obj (.text)
                  00002c6a    00000002     --HOLE-- [fill = 0]
                  00002c6c    000000a0     cmdline.obj (.text)
                  00002d0c    0000009c     rtsv7M4_T_le_v4SPD16_eabi.lib : memcpy_t2.obj (.text)
                  00002da8    00000094                                   : auto_init.obj (.text)
                  00002e3c    0000007e                                   : fd_cmp_t2.obj (.text)
                  00002eba    00000002     --HOLE-- [fill = 0]
                  00002ebc    00000078     driverlib-cm4f.lib : sysctl.obj (.text:SysCtlPeripheralPresent)
                  00002f34    0000006c                        : adc.obj (.text:ADCSequenceStepConfigure)
                  00002fa0    00000064                        : interrupt.obj (.text:IntDisable)
                  00003004    00000064                        : interrupt.obj (.text:IntEnable)
                  00003068    0000005e     rtsv7M4_T_le_v4SPD16_eabi.lib : copy_decompress_rle.obj (.text)
                  000030c6    00000002     --HOLE-- [fill = 0]
                  000030c8    00000058     driverlib-cm4f.lib : sysctl.obj (.text:SysCtlPeripheralEnable)
                  00003120    0000004c     rtsv7M4_T_le_v4SPD16_eabi.lib : cpy_tbl.obj (.text)
                  0000316c    0000004a                                   : fd_tos_t2.obj (.text)
                  000031b6    00000002     --HOLE-- [fill = 0]
                  000031b8    00000048     driverlib-cm4f.lib : gpio.obj (.text:GPIOPinConfigure)
                  00003200    00000048     ADCSetup.obj (.text:retain)
                  00003248    00000048     rtsv7M4_T_le_v4SPD16_eabi.lib : boot.obj (.text)
                  00003290    00000048                                   : fd_toi_t2.obj (.text)
                  000032d8    00000044                                   : exit.obj (.text)
                  0000331c    00000044                                   : xdtest.obj (.text)
                  00003360    00000042     driverlib-cm4f.lib : uart.obj (.text:UARTConfigSetExpClk)
                  000033a2    00000042     rtsv7M4_T_le_v4SPD16_eabi.lib : u_divt2.obj (.text)
                  000033e4    00000040                                   : signal.obj (.text)
                  00003424    00000034                                   : feraiseexcept.obj (.text)
                  00003458    00000030                                   : xferaise.obj (.text)
                  00003488    0000002e     driverlib-cm4f.lib : gpio.obj (.text:GPIODirModeSet)
                  000034b6    0000002e     rtsv7M4_T_le_v4SPD16_eabi.lib : i_tofd_t2.obj (.text)
                  000034e4    0000002e                                   : raise.obj (.text)
                  00003512    0000002a     driverlib-cm4f.lib : adc.obj (.text:ADCSequenceConfigure)
                  0000353c    00000028                        : timer.obj (.text:TimerConfigure)
                  00003564    00000024                        : interrupt.obj (.text:IntPrioritySet)
                  00003588    00000020                        : adc.obj (.text:ADCSequenceDataGet)
                  000035a8    00000020                        : sysctl.obj (.text:SysCtlADCSpeedSet)
                  000035c8    00000020     rtsv7M4_T_le_v4SPD16_eabi.lib : u_tofd_t2.obj (.text)
                  000035e8    0000001c     driverlib-cm4f.lib : uart.obj (.text:UARTDisable)
                  00003604    0000001a     rtsv7M4_T_le_v4SPD16_eabi.lib : sin.obj (.text)
                  0000361e    00000018     driverlib-cm4f.lib : timer.obj (.text:TimerControlTrigger)
                  00003636    00000002     --HOLE-- [fill = 0]
                  00003638    00000018     rtsv7M4_T_le_v4SPD16_eabi.lib : _lock.obj (.text)
                  00003650    00000018                                   : args_main.obj (.text)
                  00003668    00000018                                   : strcmp.obj (.text)
                  00003680    00000014     driverlib-cm4f.lib : uart.obj (.text:UARTEnable)
                  00003694    00000012                        : adc.obj (.text:ADCHardwareOversampleConfigure)
                  000036a6    00000012                        : gpio.obj (.text:GPIOPinTypeADC)
                  000036b8    00000012                        : gpio.obj (.text:GPIOPinTypeGPIOOutput)
                  000036ca    00000012                        : gpio.obj (.text:GPIOPinTypeTimer)
                  000036dc    00000012                        : gpio.obj (.text:GPIOPinTypeUART)
                  000036ee    00000012                        : timer.obj (.text:TimerLoadSet)
                  00003700    00000012                        : timer.obj (.text:TimerMatchSet)
                  00003712    00000012     rtsv7M4_T_le_v4SPD16_eabi.lib : copy_zero_init.obj (.text:decompress:ZI)
                  00003724    00000010     driverlib-cm4f.lib : adc.obj (.text:ADCIntEnable)
                  00003734    00000010                        : uart.obj (.text:UARTCharGetNonBlocking)
                  00003744    00000010                        : uart.obj (.text:UARTCharPutNonBlocking)
                  00003754    0000000e                        : adc.obj (.text:ADCSequenceDisable)
                  00003762    0000000e                        : adc.obj (.text:ADCSequenceEnable)
                  00003770    0000000e                        : timer.obj (.text:TimerEnable)
                  0000377e    0000000e     rtsv7M4_T_le_v4SPD16_eabi.lib : copy_decompress_none.obj (.text:decompress:none)
                  0000378c    0000000c     driverlib-cm4f.lib : cpu.obj (.text:CPUcpsid)
                  00003798    0000000c                        : cpu.obj (.text:CPUcpsie)
                  000037a4    0000000c                        : uart.obj (.text:UARTCharsAvail)
                  000037b0    0000000c                        : uart.obj (.text:UARTSpaceAvail)
                  000037bc    0000000c     startup_ccs.obj (.text)
                  000037c8    0000000a     driverlib-cm4f.lib : adc.obj (.text:ADCIntClear)
                  000037d2    0000000a                        : gpio.obj (.text:GPIOPinWrite)
                  000037dc    0000000a                        : interrupt.obj (.text:IntMasterDisable)
                  000037e6    0000000a                        : interrupt.obj (.text:IntMasterEnable)
                  000037f0    0000000a                        : uart.obj (.text:UARTIntDisable)
                  000037fa    0000000a                        : uart.obj (.text:UARTIntStatus)
                  00003804    00000008                        : timer.obj (.text:TimerIntEnable)
                  0000380c    00000008                        : uart.obj (.text:UARTIntEnable)
                  00003814    00000006                        : sysctl.obj (.text:SysCtlDelay)
                  0000381a    00000006                        : uart.obj (.text:UARTFIFOLevelSet)
                  00003820    00000006     rtsv7M4_T_le_v4SPD16_eabi.lib : copy_decompress_rle.obj (.text:decompress:rle24)
                  00003826    00000004     driverlib-cm4f.lib : timer.obj (.text:TimerIntClear)
                  0000382a    00000004                        : uart.obj (.text:UARTIntClear)

.const     0    00003830    000003d0     
                  00003830    000000ce     app_commands.obj (.const:.string)
                  000038fe    00000002     --HOLE-- [fill = 0]
                  00003900    0000009c     driverlib-cm4f.lib : interrupt.obj (.const:g_pulRegs)
                  0000399c    00000078                        : gpio.obj (.const:g_pulGPIOBaseAddrs)
                  00003a14    00000070                        : interrupt.obj (.const)
                  00003a84    0000006c                        : sysctl.obj (.const:g_pulXtals)
                  00003af0    00000040                        : sysctl.obj (.const)
                  00003b30    00000030     rtsv7M4_T_le_v4SPD16_eabi.lib : xsin.obj (.const:c)
                  00003b60    00000030                                   : xsin.obj (.const:s)
                  00003b90    00000028     uartstdio.obj (.const)
                  00003bb8    0000001c     ustdlib.obj (.const)
                  00003bd4    00000012     uartstdio.obj (.const:.string)
                  00003be6    00000002     --HOLE-- [fill = 0]
                  00003be8    00000012     ustdlib.obj (.const:.string)
                  00003bfa    00000002     --HOLE-- [fill = 0]
                  00003bfc    00000004     app_commands.obj (.const)

.cinit     0    00003c00    000000c8     
                  00003c00    0000009d     (.cinit..data.load) [load image, compression = rle]
                  00003c9d    00000003     --HOLE-- [fill = 0]
                  00003ca0    0000000c     (__TI_handler_table)
                  00003cac    00000004     --HOLE-- [fill = 0]
                  00003cb0    00000008     (.cinit..bss.load) [load image, compression = zero_init]
                  00003cb8    00000010     (__TI_cinit_table)

.bss       0    20000000    00000550     UNINITIALIZED
                  20000000    00000400     uartstdio.obj (.bss:g_pcUARTTxBuffer)
                  20000400    00000080     main.obj (.bss:g_cInput)
                  20000480    00000080     uartstdio.obj (.bss:g_pcUARTRxBuffer)
                  20000500    00000024     PID.obj (.bss:LVDTController)
                  20000524    00000024     cmdline.obj (.bss:argv$1)
                  20000548    00000008     uartstdio.obj (.bss)

.data      0    20000550    000001fc     
                  20000550    000000b0     rtsv7M4_T_le_v4SPD16_eabi.lib : signal.obj (.data:sigtable)
                  20000600    00000080                                   : xvalues.obj (.data)
                  20000680    00000054     app_commands.obj (.data:g_sCmdTable)
                  200006d4    00000024     PID.obj (.data)
                  200006f8    00000018     main.obj (.data)
                  20000710    00000015     uartstdio.obj (.data)
                  20000725    00000003     --HOLE--
                  20000728    00000008     rtsv7M4_T_le_v4SPD16_eabi.lib : _lock.obj (.data)
                  20000730    00000008                                   : exit.obj (.data)
                  20000738    00000008                                   : feraiseexcept.obj (.data)
                  20000740    00000004                                   : errno.obj (.data)
                  20000744    00000004                                   : stkdepth_vars.obj (.data)
                  20000748    00000004     ustdlib.obj (.data)

.stack     0    2000074c    00000100     UNINITIALIZED
                  2000074c    00000100     --HOLE--


LINKER GENERATED COPY TABLES

__TI_cinit_table @ 00003cb8 records: 2, size/record: 8, table size: 16
	.data: load addr=00003c00, load size=0000009d bytes, run addr=20000550, run size=000001fc bytes, compression=rle
	.bss: load addr=00003cb0, load size=00000008 bytes, run addr=20000000, run size=00000550 bytes, compression=zero_init


LINKER GENERATED HANDLER TABLE

__TI_handler_table @ 00003ca0 records: 3, size/record: 4, table size: 12
	index: 0, handler: __TI_decompress_rle24
	index: 1, handler: __TI_decompress_none
	index: 2, handler: __TI_zero_init


GLOBAL SYMBOLS: SORTED ALPHABETICALLY BY Name 

address    name
--------   ----
00003201   ADC0IntHandler
0000321d   ADC1IntHandler
00003695   ADCHardwareOversampleConfigure
000037c9   ADCIntClear
00003725   ADCIntEnable
00003513   ADCSequenceConfigure
00003589   ADCSequenceDataGet
00003755   ADCSequenceDisable
00003763   ADCSequenceEnable
00002f35   ADCSequenceStepConfigure
000025bd   ADCSetup
20000700   Accel
000032d9   C$$EXIT
00001db9   CMD_help
00001e6f   CMD_setDuty
00001ead   CMD_setFreq
00001e0b   CMD_setTrajectory
00001e4f   CMD_start
00001e5f   CMD_stop
0000378d   CPUcpsid
00003799   CPUcpsie
00002c6d   CmdLineProcess
00003489   GPIODirModeSet
00002ae5   GPIOPadConfigSet
000031b9   GPIOPinConfigure
000036a7   GPIOPinTypeADC
000036b9   GPIOPinTypeGPIOOutput
000036cb   GPIOPinTypeTimer
000036dd   GPIOPinTypeUART
000037d3   GPIOPinWrite
00002fa1   IntDisable
00003005   IntEnable
000037dd   IntMasterDisable
000037e7   IntMasterEnable
00003565   IntPrioritySet
200006e8   Kd
200006e4   Ki
200006e0   Kp
20000500   LVDTController
0000273b   LVDTPIDInit
200006d4   LVDTPIDOutput
00003bfc   NUM_CMD
00001791   PIDIntHandlerLVDT
000020cd   PortFunctionInit
000037bd   ResetISR
UNDEFED    SHT$$INIT_ARRAY$$Base
UNDEFED    SHT$$INIT_ARRAY$$Limit
000035a9   SysCtlADCSpeedSet
00001a29   SysCtlClockGet
00002211   SysCtlClockSet
00003815   SysCtlDelay
000030c9   SysCtlPeripheralEnable
00002ebd   SysCtlPeripheralPresent
0000353d   TimerConfigure
0000361f   TimerControlTrigger
00003771   TimerEnable
00003827   TimerIntClear
00003805   TimerIntEnable
000036ef   TimerLoadSet
00003701   TimerMatchSet
00003735   UARTCharGetNonBlocking
00003745   UARTCharPutNonBlocking
000037a5   UARTCharsAvail
00003361   UARTConfigSetExpClk
000035e9   UARTDisable
00001345   UARTEchoSet
00003681   UARTEnable
0000381b   UARTFIFOLevelSet
000012ed   UARTFlushRx
0000130f   UARTFlushTx
0000382b   UARTIntClear
000037f1   UARTIntDisable
0000380d   UARTIntEnable
000037fb   UARTIntStatus
00001293   UARTPeek
00001271   UARTRxBytesAvail
000037b1   UARTSpaceAvail
00000d73   UARTStdioConfig
00000df9   UARTStdioInit
00000e0f   UARTStdioInitExpClk
00001371   UARTStdioIntHandler
0000127f   UARTTxBytesFree
00000f41   UARTgetc
00000ec5   UARTgets
00000f9d   UARTprintf
00000e25   UARTwrite
20000600   _Denorm
00002bad   _Dnorm
00002805   _Dscale
0000331d   _Dtest
20000610   _Eps
20000740   _Errno
20000738   _Fenv
00003459   _Feraise
20000620   _Hugeval
20000630   _Inf
20000640   _Nan
20000660   _Rteps
000014cd   _Sin
20000650   _Snan
2000073c   _Tls_setup__Fenv
20000670   _Xbig
20000678   _Zero
2000084c   __STACK_END
00000100   __STACK_SIZE
2000084c   __STACK_TOP
00003cb8   __TI_CINIT_Base
00003cc8   __TI_CINIT_Limit
00003ca0   __TI_Handler_Table_Base
00003cac   __TI_Handler_Table_Limit
00000001   __TI_args_main
00002da9   __TI_auto_init
0000377f   __TI_decompress_none
00003821   __TI_decompress_rle24
00000000   __TI_static_base__
00003713   __TI_zero_init
00002e3d   __aeabi_cdcmpeq
00002e3d   __aeabi_cdcmple
0000316d   __aeabi_d2f
00003291   __aeabi_d2iz
00001c0b   __aeabi_dadd
00002485   __aeabi_ddiv
0000290d   __aeabi_dmul
00001c01   __aeabi_dsub
000034b7   __aeabi_i2d
00002d0d   __aeabi_memcpy
00002d0d   __aeabi_memcpy4
00002d0d   __aeabi_memcpy8
000035c9   __aeabi_ui2d
000033a3   __aeabi_uidivmod
ffffffff   __binit__
ffffffff   __c_args__
2000074c   __stack
00003651   _args_main
00003249   _c_int00
20000730   _cleanup_ptr
20000734   _dtors_ptr
20000728   _lock
00003645   _nop
0000363f   _register_lock
00003639   _register_unlock
2000072c   _unlock
000032dd   abort
00001db7   accelInt
ffffffff   binit
00003121   copy_in
20000704   dutyCycle
000032e5   exit
00003425   feraiseexcept
00001f51   fmod
200006f4   freq
00000000   g_pfnVectors
20000680   g_sCmdTable
0000234d   main
20000744   main_func_sp
200006ec   maxSumError
00002d0d   memcpy
20000708   pwmPeriod
00002a43   pwmSetDuty
00002a09   pwmSetup
000034e5   raise
000026f1   roundNum
2000070c   setPoint
000033e5   signal
00003605   sin
00003669   strcmp
200006dc   sumError
200006f0   t
200006f8   ulCurrent
200006fc   ulLVDT
00000725   ulocaltime
00000925   umktime
00000c61   urand
000006ef   usnprintf
000006bd   usprintf
00000c51   usrand
00000bc9   ustrcasecmp
00000c3d   ustrcmp
00000ad5   ustrlen
00000bdd   ustrncmp
0000026d   ustrncpy
00000b29   ustrnicmp
00000af7   ustrstr
0000099d   ustrtoul
000002c5   uvsnprintf
200006d8   yLast


GLOBAL SYMBOLS: SORTED BY Symbol Address 

address    name
--------   ----
00000000   __TI_static_base__
00000000   g_pfnVectors
00000001   __TI_args_main
00000100   __STACK_SIZE
0000026d   ustrncpy
000002c5   uvsnprintf
000006bd   usprintf
000006ef   usnprintf
00000725   ulocaltime
00000925   umktime
0000099d   ustrtoul
00000ad5   ustrlen
00000af7   ustrstr
00000b29   ustrnicmp
00000bc9   ustrcasecmp
00000bdd   ustrncmp
00000c3d   ustrcmp
00000c51   usrand
00000c61   urand
00000d73   UARTStdioConfig
00000df9   UARTStdioInit
00000e0f   UARTStdioInitExpClk
00000e25   UARTwrite
00000ec5   UARTgets
00000f41   UARTgetc
00000f9d   UARTprintf
00001271   UARTRxBytesAvail
0000127f   UARTTxBytesFree
00001293   UARTPeek
000012ed   UARTFlushRx
0000130f   UARTFlushTx
00001345   UARTEchoSet
00001371   UARTStdioIntHandler
000014cd   _Sin
00001791   PIDIntHandlerLVDT
00001a29   SysCtlClockGet
00001c01   __aeabi_dsub
00001c0b   __aeabi_dadd
00001db7   accelInt
00001db9   CMD_help
00001e0b   CMD_setTrajectory
00001e4f   CMD_start
00001e5f   CMD_stop
00001e6f   CMD_setDuty
00001ead   CMD_setFreq
00001f51   fmod
000020cd   PortFunctionInit
00002211   SysCtlClockSet
0000234d   main
00002485   __aeabi_ddiv
000025bd   ADCSetup
000026f1   roundNum
0000273b   LVDTPIDInit
00002805   _Dscale
0000290d   __aeabi_dmul
00002a09   pwmSetup
00002a43   pwmSetDuty
00002ae5   GPIOPadConfigSet
00002bad   _Dnorm
00002c6d   CmdLineProcess
00002d0d   __aeabi_memcpy
00002d0d   __aeabi_memcpy4
00002d0d   __aeabi_memcpy8
00002d0d   memcpy
00002da9   __TI_auto_init
00002e3d   __aeabi_cdcmpeq
00002e3d   __aeabi_cdcmple
00002ebd   SysCtlPeripheralPresent
00002f35   ADCSequenceStepConfigure
00002fa1   IntDisable
00003005   IntEnable
000030c9   SysCtlPeripheralEnable
00003121   copy_in
0000316d   __aeabi_d2f
000031b9   GPIOPinConfigure
00003201   ADC0IntHandler
0000321d   ADC1IntHandler
00003249   _c_int00
00003291   __aeabi_d2iz
000032d9   C$$EXIT
000032dd   abort
000032e5   exit
0000331d   _Dtest
00003361   UARTConfigSetExpClk
000033a3   __aeabi_uidivmod
000033e5   signal
00003425   feraiseexcept
00003459   _Feraise
00003489   GPIODirModeSet
000034b7   __aeabi_i2d
000034e5   raise
00003513   ADCSequenceConfigure
0000353d   TimerConfigure
00003565   IntPrioritySet
00003589   ADCSequenceDataGet
000035a9   SysCtlADCSpeedSet
000035c9   __aeabi_ui2d
000035e9   UARTDisable
00003605   sin
0000361f   TimerControlTrigger
00003639   _register_unlock
0000363f   _register_lock
00003645   _nop
00003651   _args_main
00003669   strcmp
00003681   UARTEnable
00003695   ADCHardwareOversampleConfigure
000036a7   GPIOPinTypeADC
000036b9   GPIOPinTypeGPIOOutput
000036cb   GPIOPinTypeTimer
000036dd   GPIOPinTypeUART
000036ef   TimerLoadSet
00003701   TimerMatchSet
00003713   __TI_zero_init
00003725   ADCIntEnable
00003735   UARTCharGetNonBlocking
00003745   UARTCharPutNonBlocking
00003755   ADCSequenceDisable
00003763   ADCSequenceEnable
00003771   TimerEnable
0000377f   __TI_decompress_none
0000378d   CPUcpsid
00003799   CPUcpsie
000037a5   UARTCharsAvail
000037b1   UARTSpaceAvail
000037bd   ResetISR
000037c9   ADCIntClear
000037d3   GPIOPinWrite
000037dd   IntMasterDisable
000037e7   IntMasterEnable
000037f1   UARTIntDisable
000037fb   UARTIntStatus
00003805   TimerIntEnable
0000380d   UARTIntEnable
00003815   SysCtlDelay
0000381b   UARTFIFOLevelSet
00003821   __TI_decompress_rle24
00003827   TimerIntClear
0000382b   UARTIntClear
00003bfc   NUM_CMD
00003ca0   __TI_Handler_Table_Base
00003cac   __TI_Handler_Table_Limit
00003cb8   __TI_CINIT_Base
00003cc8   __TI_CINIT_Limit
20000500   LVDTController
20000600   _Denorm
20000610   _Eps
20000620   _Hugeval
20000630   _Inf
20000640   _Nan
20000650   _Snan
20000660   _Rteps
20000670   _Xbig
20000678   _Zero
20000680   g_sCmdTable
200006d4   LVDTPIDOutput
200006d8   yLast
200006dc   sumError
200006e0   Kp
200006e4   Ki
200006e8   Kd
200006ec   maxSumError
200006f0   t
200006f4   freq
200006f8   ulCurrent
200006fc   ulLVDT
20000700   Accel
20000704   dutyCycle
20000708   pwmPeriod
2000070c   setPoint
20000728   _lock
2000072c   _unlock
20000730   _cleanup_ptr
20000734   _dtors_ptr
20000738   _Fenv
2000073c   _Tls_setup__Fenv
20000740   _Errno
20000744   main_func_sp
2000074c   __stack
2000084c   __STACK_END
2000084c   __STACK_TOP
ffffffff   __binit__
ffffffff   __c_args__
ffffffff   binit
UNDEFED    SHT$$INIT_ARRAY$$Base
UNDEFED    SHT$$INIT_ARRAY$$Limit

[186 symbols]
