******************************************************************************
                  TMS470 Linker PC v4.9.7                      
******************************************************************************
>> Linked Sun May 05 21:10:47 2013

OUTPUT FILE NAME:   <Combined.out>
ENTRY POINT SYMBOL: "_c_int00"  address: 00001a65


MEMORY CONFIGURATION

         name            origin    length      used     unused   attr    fill
----------------------  --------  ---------  --------  --------  ----  --------
  FLASH                 00000000   00040000  0000211c  0003dee4  R  X
  SRAM                  20000000   00008000  00000610  000079f0  RW X


SEGMENT ALLOCATION MAP

run origin  load origin   length   init length attrs members
----------  ----------- ---------- ----------- ----- -------
00000000    00000000    00002120   00002120    r-x
  00000000    00000000    0000026c   0000026c    r-- .intvecs
  0000026c    0000026c    00001bfe   00001bfe    r-x .text
  00001e6c    00001e6c    0000026a   0000026a    r-- .const
  000020d8    000020d8    00000048   00000048    r-- .cinit
20000000    20000000    000005b4   00000000    rw-
  20000000    20000000    000004b4   00000000    rw- .bss
  200004b4    200004b4    00000100   00000000    rw- .stack
200005b4    200005b4    0000005c   0000005c    rw-
  200005b4    200005b4    0000005c   0000005c    rw- .data


SECTION ALLOCATION MAP

 output                                  attributes/
section   page    origin      length       input sections
--------  ----  ----------  ----------   ----------------
.intvecs   0    00000000    0000026c     
                  00000000    0000026c     startup_ccs.obj (.intvecs)

.text      0    0000026c    00001bfe     
                  0000026c    00000848     uartstdio.obj (.text)
                  00000ab4    000001d8     driverlib-cm4f.lib : sysctl.obj (.text:SysCtlClockGet)
                  00000c8c    00000190     PID.obj (.text:retain)
                  00000e1c    00000164     main.obj (.text)
                  00000f80    0000014c     newpins.obj (.text)
                  000010cc    0000013c     driverlib-cm4f.lib : sysctl.obj (.text:SysCtlClockSet)
                  00001208    00000134     ADCSetup.obj (.text)
                  0000133c    00000114     PID.obj (.text)
                  00001450    000000dc     PWMSetup.obj (.text)
                  0000152c    000000c8     driverlib-cm4f.lib : gpio.obj (.text:GPIOPadConfigSet)
                  000015f4    0000009c     rtsv7M4_T_le_v4SPD16_eabi.lib : memcpy_t2.obj (.text)
                  00001690    00000094                                   : auto_init.obj (.text)
                  00001724    00000078     driverlib-cm4f.lib : sysctl.obj (.text:SysCtlPeripheralPresent)
                  0000179c    0000006c                        : adc.obj (.text:ADCSequenceStepConfigure)
                  00001808    00000064                        : interrupt.obj (.text:IntDisable)
                  0000186c    00000064                        : interrupt.obj (.text:IntEnable)
                  000018d0    0000005e     rtsv7M4_T_le_v4SPD16_eabi.lib : copy_decompress_rle.obj (.text)
                  0000192e    00000002     --HOLE-- [fill = 0]
                  00001930    00000058     driverlib-cm4f.lib : sysctl.obj (.text:SysCtlPeripheralEnable)
                  00001988    0000004c     rtsv7M4_T_le_v4SPD16_eabi.lib : cpy_tbl.obj (.text)
                  000019d4    00000048     driverlib-cm4f.lib : gpio.obj (.text:GPIOPinConfigure)
                  00001a1c    00000048     ADCSetup.obj (.text:retain)
                  00001a64    00000048     rtsv7M4_T_le_v4SPD16_eabi.lib : boot.obj (.text)
                  00001aac    00000044                                   : exit.obj (.text)
                  00001af0    00000042     driverlib-cm4f.lib : uart.obj (.text:UARTConfigSetExpClk)
                  00001b32    00000042     rtsv7M4_T_le_v4SPD16_eabi.lib : u_divt2.obj (.text)
                  00001b74    0000002e     driverlib-cm4f.lib : gpio.obj (.text:GPIODirModeSet)
                  00001ba2    0000002a                        : adc.obj (.text:ADCSequenceConfigure)
                  00001bcc    00000028                        : timer.obj (.text:TimerConfigure)
                  00001bf4    00000024                        : interrupt.obj (.text:IntPrioritySet)
                  00001c18    00000020                        : adc.obj (.text:ADCSequenceDataGet)
                  00001c38    00000020                        : sysctl.obj (.text:SysCtlADCSpeedSet)
                  00001c58    0000001c                        : uart.obj (.text:UARTDisable)
                  00001c74    00000018                        : timer.obj (.text:TimerControlTrigger)
                  00001c8c    00000018     rtsv7M4_T_le_v4SPD16_eabi.lib : _lock.obj (.text)
                  00001ca4    00000018                                   : args_main.obj (.text)
                  00001cbc    00000014     driverlib-cm4f.lib : uart.obj (.text:UARTEnable)
                  00001cd0    00000012                        : adc.obj (.text:ADCHardwareOversampleConfigure)
                  00001ce2    00000012                        : gpio.obj (.text:GPIOPinTypeADC)
                  00001cf4    00000012                        : gpio.obj (.text:GPIOPinTypeGPIOOutput)
                  00001d06    00000012                        : gpio.obj (.text:GPIOPinTypeTimer)
                  00001d18    00000012                        : gpio.obj (.text:GPIOPinTypeUART)
                  00001d2a    00000012                        : timer.obj (.text:TimerLoadSet)
                  00001d3c    00000012                        : timer.obj (.text:TimerMatchSet)
                  00001d4e    00000012     rtsv7M4_T_le_v4SPD16_eabi.lib : copy_zero_init.obj (.text:decompress:ZI)
                  00001d60    00000010     driverlib-cm4f.lib : adc.obj (.text:ADCIntEnable)
                  00001d70    00000010                        : uart.obj (.text:UARTCharGetNonBlocking)
                  00001d80    00000010                        : uart.obj (.text:UARTCharPutNonBlocking)
                  00001d90    0000000e                        : adc.obj (.text:ADCSequenceDisable)
                  00001d9e    0000000e                        : adc.obj (.text:ADCSequenceEnable)
                  00001dac    0000000e                        : timer.obj (.text:TimerEnable)
                  00001dba    0000000e     rtsv7M4_T_le_v4SPD16_eabi.lib : copy_decompress_none.obj (.text:decompress:none)
                  00001dc8    0000000c     driverlib-cm4f.lib : cpu.obj (.text:CPUcpsid)
                  00001dd4    0000000c                        : cpu.obj (.text:CPUcpsie)
                  00001de0    0000000c                        : uart.obj (.text:UARTCharsAvail)
                  00001dec    0000000c                        : uart.obj (.text:UARTSpaceAvail)
                  00001df8    0000000c     startup_ccs.obj (.text)
                  00001e04    0000000a     driverlib-cm4f.lib : adc.obj (.text:ADCIntClear)
                  00001e0e    0000000a                        : gpio.obj (.text:GPIOPinWrite)
                  00001e18    0000000a                        : interrupt.obj (.text:IntMasterDisable)
                  00001e22    0000000a                        : interrupt.obj (.text:IntMasterEnable)
                  00001e2c    0000000a                        : uart.obj (.text:UARTIntDisable)
                  00001e36    0000000a                        : uart.obj (.text:UARTIntStatus)
                  00001e40    00000008                        : timer.obj (.text:TimerIntEnable)
                  00001e48    00000008                        : uart.obj (.text:UARTIntEnable)
                  00001e50    00000006                        : sysctl.obj (.text:SysCtlDelay)
                  00001e56    00000006                        : uart.obj (.text:UARTFIFOLevelSet)
                  00001e5c    00000006     rtsv7M4_T_le_v4SPD16_eabi.lib : copy_decompress_rle.obj (.text:decompress:rle24)
                  00001e62    00000004     driverlib-cm4f.lib : timer.obj (.text:TimerIntClear)
                  00001e66    00000004                        : uart.obj (.text:UARTIntClear)

.const     0    00001e6c    0000026a     
                  00001e6c    0000009c     driverlib-cm4f.lib : interrupt.obj (.const:g_pulRegs)
                  00001f08    00000078                        : gpio.obj (.const:g_pulGPIOBaseAddrs)
                  00001f80    00000070                        : interrupt.obj (.const)
                  00001ff0    0000006c                        : sysctl.obj (.const:g_pulXtals)
                  0000205c    00000040                        : sysctl.obj (.const)
                  0000209c    00000028     uartstdio.obj (.const)
                  000020c4    00000012     uartstdio.obj (.const:.string)

.cinit     0    000020d8    00000048     
                  000020d8    0000001d     (.cinit..data.load) [load image, compression = rle]
                  000020f5    00000003     --HOLE-- [fill = 0]
                  000020f8    0000000c     (__TI_handler_table)
                  00002104    00000004     --HOLE-- [fill = 0]
                  00002108    00000008     (.cinit..bss.load) [load image, compression = zero_init]
                  00002110    00000010     (__TI_cinit_table)

.bss       0    20000000    000004b4     UNINITIALIZED
                  20000000    00000400     uartstdio.obj (.bss:g_pcUARTTxBuffer)
                  20000400    00000080     uartstdio.obj (.bss:g_pcUARTRxBuffer)
                  20000480    00000024     PID.obj (.bss:LVDTController)
                  200004a4    00000008     main.obj (.bss)
                  200004ac    00000008     uartstdio.obj (.bss)

.stack     0    200004b4    00000100     UNINITIALIZED
                  200004b4    00000100     --HOLE--

.data      0    200005b4    0000005c     
                  200005b4    0000001c     PID.obj (.data)
                  200005d0    00000015     uartstdio.obj (.data)
                  200005e5    00000003     --HOLE--
                  200005e8    00000014     main.obj (.data)
                  200005fc    00000008     rtsv7M4_T_le_v4SPD16_eabi.lib : _lock.obj (.data)
                  20000604    00000008                                   : exit.obj (.data)
                  2000060c    00000004                                   : stkdepth_vars.obj (.data)


LINKER GENERATED COPY TABLES

__TI_cinit_table @ 00002110 records: 2, size/record: 8, table size: 16
	.data: load addr=000020d8, load size=0000001d bytes, run addr=200005b4, run size=0000005c bytes, compression=rle
	.bss: load addr=00002108, load size=00000008 bytes, run addr=20000000, run size=000004b4 bytes, compression=zero_init


LINKER GENERATED HANDLER TABLE

__TI_handler_table @ 000020f8 records: 3, size/record: 4, table size: 12
	index: 0, handler: __TI_decompress_rle24
	index: 1, handler: __TI_decompress_none
	index: 2, handler: __TI_zero_init


GLOBAL SYMBOLS: SORTED ALPHABETICALLY BY Name 

address    name
--------   ----
00001a1d   ADC0IntHandler
00001a39   ADC1IntHandler
00001cd1   ADCHardwareOversampleConfigure
00001e05   ADCIntClear
00001d61   ADCIntEnable
00001ba3   ADCSequenceConfigure
00001c19   ADCSequenceDataGet
00001d91   ADCSequenceDisable
00001d9f   ADCSequenceEnable
0000179d   ADCSequenceStepConfigure
00001209   ADCSetup
00001aad   C$$EXIT
00001dc9   CPUcpsid
00001dd5   CPUcpsie
00001b75   GPIODirModeSet
0000152d   GPIOPadConfigSet
000019d5   GPIOPinConfigure
00001ce3   GPIOPinTypeADC
00001cf5   GPIOPinTypeGPIOOutput
00001d07   GPIOPinTypeTimer
00001d19   GPIOPinTypeUART
00001e0f   GPIOPinWrite
00001809   IntDisable
0000186d   IntEnable
00001e19   IntMasterDisable
00001e23   IntMasterEnable
00001bf5   IntPrioritySet
200005c8   Kd
200005c4   Ki
200005c0   Kp
20000480   LVDTController
00001387   LVDTPIDInit
200005b4   LVDTPIDOutput
00000c8d   PIDIntHandlerLVDT
00000f81   PortFunctionInit
00001df9   ResetISR
UNDEFED    SHT$$INIT_ARRAY$$Base
UNDEFED    SHT$$INIT_ARRAY$$Limit
00001c39   SysCtlADCSpeedSet
00000ab5   SysCtlClockGet
000010cd   SysCtlClockSet
00001e51   SysCtlDelay
00001931   SysCtlPeripheralEnable
00001725   SysCtlPeripheralPresent
00001bcd   TimerConfigure
00001c75   TimerControlTrigger
00001dad   TimerEnable
00001e63   TimerIntClear
00001e41   TimerIntEnable
00001d2b   TimerLoadSet
00001d3d   TimerMatchSet
00001d71   UARTCharGetNonBlocking
00001d81   UARTCharPutNonBlocking
00001de1   UARTCharsAvail
00001af1   UARTConfigSetExpClk
00001c59   UARTDisable
0000092d   UARTEchoSet
00001cbd   UARTEnable
00001e57   UARTFIFOLevelSet
000008d5   UARTFlushRx
000008f7   UARTFlushTx
00001e67   UARTIntClear
00001e2d   UARTIntDisable
00001e49   UARTIntEnable
00001e37   UARTIntStatus
0000087b   UARTPeek
00000859   UARTRxBytesAvail
00001ded   UARTSpaceAvail
0000035b   UARTStdioConfig
000003e1   UARTStdioInit
000003f7   UARTStdioInitExpClk
00000959   UARTStdioIntHandler
00000867   UARTTxBytesFree
00000529   UARTgetc
000004ad   UARTgets
00000585   UARTprintf
0000040d   UARTwrite
200005b4   __STACK_END
00000100   __STACK_SIZE
200005b4   __STACK_TOP
00002110   __TI_CINIT_Base
00002120   __TI_CINIT_Limit
000020f8   __TI_Handler_Table_Base
00002104   __TI_Handler_Table_Limit
00000001   __TI_args_main
00001691   __TI_auto_init
00001dbb   __TI_decompress_none
00001e5d   __TI_decompress_rle24
00000000   __TI_static_base__
00001d4f   __TI_zero_init
000015f5   __aeabi_memcpy
000015f5   __aeabi_memcpy4
000015f5   __aeabi_memcpy8
00001b33   __aeabi_uidivmod
ffffffff   __binit__
ffffffff   __c_args__
200004b4   __stack
00001ca5   _args_main
00001a65   _c_int00
20000604   _cleanup_ptr
20000608   _dtors_ptr
200005fc   _lock
00001c99   _nop
00001c93   _register_lock
00001c8d   _register_unlock
20000600   _unlock
00001ab1   abort
ffffffff   binit
00001989   copy_in
200005f0   dutyCycle
00001ab9   exit
00000000   g_pfnVectors
00000e1d   main
2000060c   main_func_sp
200005cc   maxSumError
000015f5   memcpy
200005f4   pwmPeriod
0000148b   pwmSetDuty
00001451   pwmSetup
0000133d   round
200005f8   setPoint
200004a4   str
200005bc   sumError
200005e8   ulCurrent
200005ec   ulLVDT
200005b8   yLast


GLOBAL SYMBOLS: SORTED BY Symbol Address 

address    name
--------   ----
00000000   __TI_static_base__
00000000   g_pfnVectors
00000001   __TI_args_main
00000100   __STACK_SIZE
0000035b   UARTStdioConfig
000003e1   UARTStdioInit
000003f7   UARTStdioInitExpClk
0000040d   UARTwrite
000004ad   UARTgets
00000529   UARTgetc
00000585   UARTprintf
00000859   UARTRxBytesAvail
00000867   UARTTxBytesFree
0000087b   UARTPeek
000008d5   UARTFlushRx
000008f7   UARTFlushTx
0000092d   UARTEchoSet
00000959   UARTStdioIntHandler
00000ab5   SysCtlClockGet
00000c8d   PIDIntHandlerLVDT
00000e1d   main
00000f81   PortFunctionInit
000010cd   SysCtlClockSet
00001209   ADCSetup
0000133d   round
00001387   LVDTPIDInit
00001451   pwmSetup
0000148b   pwmSetDuty
0000152d   GPIOPadConfigSet
000015f5   __aeabi_memcpy
000015f5   __aeabi_memcpy4
000015f5   __aeabi_memcpy8
000015f5   memcpy
00001691   __TI_auto_init
00001725   SysCtlPeripheralPresent
0000179d   ADCSequenceStepConfigure
00001809   IntDisable
0000186d   IntEnable
00001931   SysCtlPeripheralEnable
00001989   copy_in
000019d5   GPIOPinConfigure
00001a1d   ADC0IntHandler
00001a39   ADC1IntHandler
00001a65   _c_int00
00001aad   C$$EXIT
00001ab1   abort
00001ab9   exit
00001af1   UARTConfigSetExpClk
00001b33   __aeabi_uidivmod
00001b75   GPIODirModeSet
00001ba3   ADCSequenceConfigure
00001bcd   TimerConfigure
00001bf5   IntPrioritySet
00001c19   ADCSequenceDataGet
00001c39   SysCtlADCSpeedSet
00001c59   UARTDisable
00001c75   TimerControlTrigger
00001c8d   _register_unlock
00001c93   _register_lock
00001c99   _nop
00001ca5   _args_main
00001cbd   UARTEnable
00001cd1   ADCHardwareOversampleConfigure
00001ce3   GPIOPinTypeADC
00001cf5   GPIOPinTypeGPIOOutput
00001d07   GPIOPinTypeTimer
00001d19   GPIOPinTypeUART
00001d2b   TimerLoadSet
00001d3d   TimerMatchSet
00001d4f   __TI_zero_init
00001d61   ADCIntEnable
00001d71   UARTCharGetNonBlocking
00001d81   UARTCharPutNonBlocking
00001d91   ADCSequenceDisable
00001d9f   ADCSequenceEnable
00001dad   TimerEnable
00001dbb   __TI_decompress_none
00001dc9   CPUcpsid
00001dd5   CPUcpsie
00001de1   UARTCharsAvail
00001ded   UARTSpaceAvail
00001df9   ResetISR
00001e05   ADCIntClear
00001e0f   GPIOPinWrite
00001e19   IntMasterDisable
00001e23   IntMasterEnable
00001e2d   UARTIntDisable
00001e37   UARTIntStatus
00001e41   TimerIntEnable
00001e49   UARTIntEnable
00001e51   SysCtlDelay
00001e57   UARTFIFOLevelSet
00001e5d   __TI_decompress_rle24
00001e63   TimerIntClear
00001e67   UARTIntClear
000020f8   __TI_Handler_Table_Base
00002104   __TI_Handler_Table_Limit
00002110   __TI_CINIT_Base
00002120   __TI_CINIT_Limit
20000480   LVDTController
200004a4   str
200004b4   __stack
200005b4   LVDTPIDOutput
200005b4   __STACK_END
200005b4   __STACK_TOP
200005b8   yLast
200005bc   sumError
200005c0   Kp
200005c4   Ki
200005c8   Kd
200005cc   maxSumError
200005e8   ulCurrent
200005ec   ulLVDT
200005f0   dutyCycle
200005f4   pwmPeriod
200005f8   setPoint
200005fc   _lock
20000600   _unlock
20000604   _cleanup_ptr
20000608   _dtors_ptr
2000060c   main_func_sp
ffffffff   __binit__
ffffffff   __c_args__
ffffffff   binit
UNDEFED    SHT$$INIT_ARRAY$$Base
UNDEFED    SHT$$INIT_ARRAY$$Limit

[126 symbols]
