******************************************************************************
                  TMS470 Linker PC v4.9.7                      
******************************************************************************
>> Linked Wed Apr 03 14:01:08 2013

OUTPUT FILE NAME:   <Combined.out>
ENTRY POINT SYMBOL: "_c_int00"  address: 00001205


MEMORY CONFIGURATION

         name            origin    length      used     unused   attr    fill
----------------------  --------  ---------  --------  --------  ----  --------
  FLASH                 00000000   00040000  0000173c  0003e8c4  R  X
  SRAM                  20000000   00008000  0000012c  00007ed4  RW X


SEGMENT ALLOCATION MAP

run origin  load origin   length   init length attrs members
----------  ----------- ---------- ----------- ----- -------
00000000    00000000    00001744   00001744    r-x
  00000000    00000000    0000026c   0000026c    r-- .intvecs
  0000026c    0000026c    000012ea   000012ea    r-x .text
  00001558    00001558    000001c2   000001c2    r-- .const
  00001720    00001720    00000024   00000024    r-- .cinit
20000000    20000000    00000100   00000000    rw-
  20000000    20000000    00000100   00000000    rw- .stack
20000100    20000100    0000002c   0000002c    rw-
  20000100    20000100    0000002c   0000002c    rw- .data


SECTION ALLOCATION MAP

 output                                  attributes/
section   page    origin      length       input sections
--------  ----  ----------  ----------   ----------------
.intvecs   0    00000000    0000026c     
                  00000000    0000026c     startup_ccs.obj (.intvecs)

.text      0    0000026c    000012ea     
                  0000026c    0000047c     uartstdio.obj (.text)
                  000006e8    000001d8     driverlib-cm4f.lib : sysctl.obj (.text:SysCtlClockGet)
                  000008c0    000001c0     main.obj (.text)
                  00000a80    00000144     newpins.obj (.text)
                  00000bc4    0000013c     driverlib-cm4f.lib : sysctl.obj (.text:SysCtlClockSet)
                  00000d00    000000c8                        : gpio.obj (.text:GPIOPadConfigSet)
                  00000dc8    0000009c     rtsv7M4_T_le_v4SPD16_eabi.lib : memcpy_t2.obj (.text)
                  00000e64    00000094                                   : auto_init.obj (.text)
                  00000ef8    00000078     driverlib-cm4f.lib : sysctl.obj (.text:SysCtlPeripheralPresent)
                  00000f70    00000078     main.obj (.text:retain)
                  00000fe8    0000006c     driverlib-cm4f.lib : adc.obj (.text:ADCSequenceStepConfigure)
                  00001054    00000064                        : interrupt.obj (.text:IntEnable)
                  000010b8    0000005e     rtsv7M4_T_le_v4SPD16_eabi.lib : copy_decompress_rle.obj (.text)
                  00001116    00000002     --HOLE-- [fill = 0]
                  00001118    00000058     driverlib-cm4f.lib : sysctl.obj (.text:SysCtlPeripheralEnable)
                  00001170    0000004c     rtsv7M4_T_le_v4SPD16_eabi.lib : cpy_tbl.obj (.text)
                  000011bc    00000048     driverlib-cm4f.lib : gpio.obj (.text:GPIOPinConfigure)
                  00001204    00000048     rtsv7M4_T_le_v4SPD16_eabi.lib : boot.obj (.text)
                  0000124c    00000044                                   : exit.obj (.text)
                  00001290    00000042     driverlib-cm4f.lib : uart.obj (.text:UARTConfigSetExpClk)
                  000012d2    00000042     rtsv7M4_T_le_v4SPD16_eabi.lib : u_divt2.obj (.text)
                  00001314    0000002e     driverlib-cm4f.lib : gpio.obj (.text:GPIODirModeSet)
                  00001342    0000002a                        : adc.obj (.text:ADCSequenceConfigure)
                  0000136c    00000028                        : timer.obj (.text:TimerConfigure)
                  00001394    00000020                        : adc.obj (.text:ADCSequenceDataGet)
                  000013b4    00000020                        : sysctl.obj (.text:SysCtlADCSpeedSet)
                  000013d4    0000001c                        : uart.obj (.text:UARTDisable)
                  000013f0    00000018                        : timer.obj (.text:TimerControlTrigger)
                  00001408    00000018     rtsv7M4_T_le_v4SPD16_eabi.lib : _lock.obj (.text)
                  00001420    00000018                                   : args_main.obj (.text)
                  00001438    00000014     driverlib-cm4f.lib : uart.obj (.text:UARTEnable)
                  0000144c    00000012                        : gpio.obj (.text:GPIOPinTypeADC)
                  0000145e    00000012                        : gpio.obj (.text:GPIOPinTypeGPIOOutput)
                  00001470    00000012                        : gpio.obj (.text:GPIOPinTypeTimer)
                  00001482    00000012                        : gpio.obj (.text:GPIOPinTypeUART)
                  00001494    00000012                        : timer.obj (.text:TimerLoadSet)
                  000014a6    00000012                        : timer.obj (.text:TimerMatchSet)
                  000014b8    00000010                        : adc.obj (.text:ADCIntEnable)
                  000014c8    0000000e                        : adc.obj (.text:ADCSequenceDisable)
                  000014d6    0000000e                        : adc.obj (.text:ADCSequenceEnable)
                  000014e4    0000000e                        : timer.obj (.text:TimerEnable)
                  000014f2    0000000e     rtsv7M4_T_le_v4SPD16_eabi.lib : copy_decompress_none.obj (.text:decompress:none)
                  00001500    0000000c     driverlib-cm4f.lib : cpu.obj (.text:CPUcpsie)
                  0000150c    0000000c     startup_ccs.obj (.text)
                  00001518    0000000a     driverlib-cm4f.lib : adc.obj (.text:ADCIntClear)
                  00001522    0000000a                        : gpio.obj (.text:GPIOPinWrite)
                  0000152c    0000000a                        : interrupt.obj (.text:IntMasterEnable)
                  00001536    0000000a                        : uart.obj (.text:UARTCharGet)
                  00001540    0000000a                        : uart.obj (.text:UARTCharPut)
                  0000154a    00000006                        : sysctl.obj (.text:SysCtlDelay)
                  00001550    00000006     rtsv7M4_T_le_v4SPD16_eabi.lib : copy_decompress_rle.obj (.text:decompress:rle24)

.const     0    00001558    000001c2     
                  00001558    00000078     driverlib-cm4f.lib : gpio.obj (.const:g_pulGPIOBaseAddrs)
                  000015d0    00000070                        : interrupt.obj (.const)
                  00001640    0000006c                        : sysctl.obj (.const:g_pulXtals)
                  000016ac    00000040                        : sysctl.obj (.const)
                  000016ec    0000001c     uartstdio.obj (.const)
                  00001708    00000012     uartstdio.obj (.const:.string)

.cinit     0    00001720    00000024     
                  00001720    00000012     (.cinit..data.load) [load image, compression = rle]
                  00001732    00000002     --HOLE-- [fill = 0]
                  00001734    00000008     (__TI_handler_table)
                  0000173c    00000008     (__TI_cinit_table)

.stack     0    20000000    00000100     UNINITIALIZED
                  20000000    00000100     --HOLE--

.data      0    20000100    0000002c     
                  20000100    00000010     main.obj (.data)
                  20000110    00000008     rtsv7M4_T_le_v4SPD16_eabi.lib : _lock.obj (.data)
                  20000118    00000008                                   : exit.obj (.data)
                  20000120    00000005     uartstdio.obj (.data)
                  20000125    00000003     --HOLE--
                  20000128    00000004     rtsv7M4_T_le_v4SPD16_eabi.lib : stkdepth_vars.obj (.data)


LINKER GENERATED COPY TABLES

__TI_cinit_table @ 0000173c records: 1, size/record: 8, table size: 8
	.data: load addr=00001720, load size=00000012 bytes, run addr=20000100, run size=0000002c bytes, compression=rle


LINKER GENERATED HANDLER TABLE

__TI_handler_table @ 00001734 records: 2, size/record: 4, table size: 8
	index: 0, handler: __TI_decompress_rle24
	index: 1, handler: __TI_decompress_none


GLOBAL SYMBOLS: SORTED ALPHABETICALLY BY Name 

address    name
--------   ----
00000f71   ADC0IntHandler
00000f97   ADC1IntHandler
00001519   ADCIntClear
000014b9   ADCIntEnable
00001343   ADCSequenceConfigure
00001395   ADCSequenceDataGet
000014c9   ADCSequenceDisable
000014d7   ADCSequenceEnable
00000fe9   ADCSequenceStepConfigure
000008c1   ADCSetup
0000124d   C$$EXIT
00001501   CPUcpsie
00001315   GPIODirModeSet
00000d01   GPIOPadConfigSet
000011bd   GPIOPinConfigure
0000144d   GPIOPinTypeADC
0000145f   GPIOPinTypeGPIOOutput
00001471   GPIOPinTypeTimer
00001483   GPIOPinTypeUART
00001523   GPIOPinWrite
00001055   IntEnable
0000152d   IntMasterEnable
00000a81   PortFunctionInit
0000150d   ResetISR
UNDEFED    SHT$$INIT_ARRAY$$Base
UNDEFED    SHT$$INIT_ARRAY$$Limit
000013b5   SysCtlADCSpeedSet
000006e9   SysCtlClockGet
00000bc5   SysCtlClockSet
0000154b   SysCtlDelay
00001119   SysCtlPeripheralEnable
00000ef9   SysCtlPeripheralPresent
0000136d   TimerConfigure
000013f1   TimerControlTrigger
000014e5   TimerEnable
00001495   TimerLoadSet
000014a7   TimerMatchSet
00001537   UARTCharGet
00001541   UARTCharPut
00001291   UARTConfigSetExpClk
000013d5   UARTDisable
00001439   UARTEnable
0000026d   UARTStdioConfig
000002b3   UARTStdioInit
000002c9   UARTStdioInitExpClk
000003dd   UARTgetc
00000325   UARTgets
00000405   UARTprintf
000002df   UARTwrite
20000100   __STACK_END
00000100   __STACK_SIZE
20000100   __STACK_TOP
0000173c   __TI_CINIT_Base
00001744   __TI_CINIT_Limit
00001734   __TI_Handler_Table_Base
0000173c   __TI_Handler_Table_Limit
00000001   __TI_args_main
00000e65   __TI_auto_init
000014f3   __TI_decompress_none
00001551   __TI_decompress_rle24
00000000   __TI_static_base__
00000dc9   __aeabi_memcpy
00000dc9   __aeabi_memcpy4
00000dc9   __aeabi_memcpy8
000012d3   __aeabi_uidivmod
ffffffff   __binit__
ffffffff   __c_args__
20000000   __stack
00001421   _args_main
00001205   _c_int00
20000118   _cleanup_ptr
2000011c   _dtors_ptr
20000110   _lock
00001415   _nop
0000140f   _register_lock
00001409   _register_unlock
20000114   _unlock
00001251   abort
ffffffff   binit
00001171   copy_in
20000108   dutyCycle
00001259   exit
00000000   g_pfnVectors
00000a0f   main
20000128   main_func_sp
00000dc9   memcpy
2000010c   pwmPeriod
000009f3   pwmSetDuty
000009a1   pwmSetup
20000100   ulCurrent
20000104   ulLVDT


GLOBAL SYMBOLS: SORTED BY Symbol Address 

address    name
--------   ----
00000000   __TI_static_base__
00000000   g_pfnVectors
00000001   __TI_args_main
00000100   __STACK_SIZE
0000026d   UARTStdioConfig
000002b3   UARTStdioInit
000002c9   UARTStdioInitExpClk
000002df   UARTwrite
00000325   UARTgets
000003dd   UARTgetc
00000405   UARTprintf
000006e9   SysCtlClockGet
000008c1   ADCSetup
000009a1   pwmSetup
000009f3   pwmSetDuty
00000a0f   main
00000a81   PortFunctionInit
00000bc5   SysCtlClockSet
00000d01   GPIOPadConfigSet
00000dc9   __aeabi_memcpy
00000dc9   __aeabi_memcpy4
00000dc9   __aeabi_memcpy8
00000dc9   memcpy
00000e65   __TI_auto_init
00000ef9   SysCtlPeripheralPresent
00000f71   ADC0IntHandler
00000f97   ADC1IntHandler
00000fe9   ADCSequenceStepConfigure
00001055   IntEnable
00001119   SysCtlPeripheralEnable
00001171   copy_in
000011bd   GPIOPinConfigure
00001205   _c_int00
0000124d   C$$EXIT
00001251   abort
00001259   exit
00001291   UARTConfigSetExpClk
000012d3   __aeabi_uidivmod
00001315   GPIODirModeSet
00001343   ADCSequenceConfigure
0000136d   TimerConfigure
00001395   ADCSequenceDataGet
000013b5   SysCtlADCSpeedSet
000013d5   UARTDisable
000013f1   TimerControlTrigger
00001409   _register_unlock
0000140f   _register_lock
00001415   _nop
00001421   _args_main
00001439   UARTEnable
0000144d   GPIOPinTypeADC
0000145f   GPIOPinTypeGPIOOutput
00001471   GPIOPinTypeTimer
00001483   GPIOPinTypeUART
00001495   TimerLoadSet
000014a7   TimerMatchSet
000014b9   ADCIntEnable
000014c9   ADCSequenceDisable
000014d7   ADCSequenceEnable
000014e5   TimerEnable
000014f3   __TI_decompress_none
00001501   CPUcpsie
0000150d   ResetISR
00001519   ADCIntClear
00001523   GPIOPinWrite
0000152d   IntMasterEnable
00001537   UARTCharGet
00001541   UARTCharPut
0000154b   SysCtlDelay
00001551   __TI_decompress_rle24
00001734   __TI_Handler_Table_Base
0000173c   __TI_CINIT_Base
0000173c   __TI_Handler_Table_Limit
00001744   __TI_CINIT_Limit
20000000   __stack
20000100   __STACK_END
20000100   __STACK_TOP
20000100   ulCurrent
20000104   ulLVDT
20000108   dutyCycle
2000010c   pwmPeriod
20000110   _lock
20000114   _unlock
20000118   _cleanup_ptr
2000011c   _dtors_ptr
20000128   main_func_sp
ffffffff   __binit__
ffffffff   __c_args__
ffffffff   binit
UNDEFED    SHT$$INIT_ARRAY$$Base
UNDEFED    SHT$$INIT_ARRAY$$Limit

[91 symbols]
