******************************************************************************
                  TMS470 Linker PC v4.9.7                      
******************************************************************************
>> Linked Tue May 21 18:10:25 2013

OUTPUT FILE NAME:   <Combined.out>
ENTRY POINT SYMBOL: "_c_int00"  address: 000025e5


MEMORY CONFIGURATION

         name            origin    length      used     unused   attr    fill
----------------------  --------  ---------  --------  --------  ----  --------
  FLASH                 00000000   00040000  00002ef6  0003d10a  R  X
  SRAM                  20000000   00008000  000007cc  00007834  RW X


SEGMENT ALLOCATION MAP

run origin  load origin   length   init length attrs members
----------  ----------- ---------- ----------- ----- -------
00000000    00000000    00002f00   00002f00    r-x
  00000000    00000000    0000026c   0000026c    r-- .intvecs
  0000026c    0000026c    00002958   00002958    r-x .text
  00002bc8    00002bc8    000002ca   000002ca    r-- .const
  00002e98    00002e98    00000068   00000068    r-- .cinit
20000000    20000000    0000052c   00000000    rw-
  20000000    20000000    0000052c   00000000    rw- .bss
20000530    20000530    000002a0   000001a0    rw-
  20000530    20000530    000001a0   000001a0    rw- .data
  200006d0    200006d0    00000100   00000000    rw- .stack


SECTION ALLOCATION MAP

 output                                  attributes/
section   page    origin      length       input sections
--------  ----  ----------  ----------   ----------------
.intvecs   0    00000000    0000026c     
                  00000000    0000026c     startup_ccs.obj (.intvecs)

.text      0    0000026c    00002958     
                  0000026c    00000848     uartstdio.obj (.text)
                  00000ab4    000002c4     rtsv7M4_T_le_v4SPD16_eabi.lib : xsin.obj (.text)
                  00000d78    0000025c     PID.obj (.text:retain)
                  00000fd4    000001d8     driverlib-cm4f.lib : sysctl.obj (.text:SysCtlClockGet)
                  000011ac    000001b6     rtsv7M4_T_le_v4SPD16_eabi.lib : fd_add_t2.obj (.text)
                  00001362    00000002     accel.obj (.text:retain)
                  00001364    000001a4     newpins.obj (.text)
                  00001508    0000017c     rtsv7M4_T_le_v4SPD16_eabi.lib : fmod.obj (.text)
                  00001684    0000014c     main.obj (.text)
                  000017d0    0000013c     driverlib-cm4f.lib : sysctl.obj (.text:SysCtlClockSet)
                  0000190c    00000136     rtsv7M4_T_le_v4SPD16_eabi.lib : fd_div_t2.obj (.text)
                  00001a42    00000002     --HOLE-- [fill = 0]
                  00001a44    00000134     ADCSetup.obj (.text)
                  00001b78    00000114     PID.obj (.text)
                  00001c8c    00000108     rtsv7M4_T_le_v4SPD16_eabi.lib : xdscale.obj (.text)
                  00001d94    000000fc                                   : fd_mul_t2.obj (.text)
                  00001e90    000000dc     PWMSetup.obj (.text)
                  00001f6c    000000c8     driverlib-cm4f.lib : gpio.obj (.text:GPIOPadConfigSet)
                  00002034    000000be     rtsv7M4_T_le_v4SPD16_eabi.lib : xdnorm.obj (.text)
                  000020f2    0000009c                                   : memcpy_t2.obj (.text)
                  0000218e    00000002     --HOLE-- [fill = 0]
                  00002190    00000094                                   : auto_init.obj (.text)
                  00002224    0000007e                                   : fd_cmp_t2.obj (.text)
                  000022a2    00000002     --HOLE-- [fill = 0]
                  000022a4    00000078     driverlib-cm4f.lib : sysctl.obj (.text:SysCtlPeripheralPresent)
                  0000231c    0000006c                        : adc.obj (.text:ADCSequenceStepConfigure)
                  00002388    00000064                        : interrupt.obj (.text:IntDisable)
                  000023ec    00000064                        : interrupt.obj (.text:IntEnable)
                  00002450    0000005e     rtsv7M4_T_le_v4SPD16_eabi.lib : copy_decompress_rle.obj (.text)
                  000024ae    00000002     --HOLE-- [fill = 0]
                  000024b0    00000058     driverlib-cm4f.lib : sysctl.obj (.text:SysCtlPeripheralEnable)
                  00002508    0000004c     rtsv7M4_T_le_v4SPD16_eabi.lib : cpy_tbl.obj (.text)
                  00002554    00000048     driverlib-cm4f.lib : gpio.obj (.text:GPIOPinConfigure)
                  0000259c    00000048     ADCSetup.obj (.text:retain)
                  000025e4    00000048     rtsv7M4_T_le_v4SPD16_eabi.lib : boot.obj (.text)
                  0000262c    00000048                                   : fd_toi_t2.obj (.text)
                  00002674    00000044                                   : exit.obj (.text)
                  000026b8    00000044                                   : xdtest.obj (.text)
                  000026fc    00000042     driverlib-cm4f.lib : uart.obj (.text:UARTConfigSetExpClk)
                  0000273e    00000042     rtsv7M4_T_le_v4SPD16_eabi.lib : u_divt2.obj (.text)
                  00002780    00000040                                   : signal.obj (.text)
                  000027c0    00000034                                   : feraiseexcept.obj (.text)
                  000027f4    00000030                                   : xferaise.obj (.text)
                  00002824    0000002e     driverlib-cm4f.lib : gpio.obj (.text:GPIODirModeSet)
                  00002852    0000002e     rtsv7M4_T_le_v4SPD16_eabi.lib : i_tofd_t2.obj (.text)
                  00002880    0000002e                                   : raise.obj (.text)
                  000028ae    0000002a     driverlib-cm4f.lib : adc.obj (.text:ADCSequenceConfigure)
                  000028d8    00000028                        : timer.obj (.text:TimerConfigure)
                  00002900    00000024                        : interrupt.obj (.text:IntPrioritySet)
                  00002924    00000020                        : adc.obj (.text:ADCSequenceDataGet)
                  00002944    00000020                        : sysctl.obj (.text:SysCtlADCSpeedSet)
                  00002964    00000020     rtsv7M4_T_le_v4SPD16_eabi.lib : u_tofd_t2.obj (.text)
                  00002984    0000001c     driverlib-cm4f.lib : uart.obj (.text:UARTDisable)
                  000029a0    0000001a     rtsv7M4_T_le_v4SPD16_eabi.lib : sin.obj (.text)
                  000029ba    00000018     driverlib-cm4f.lib : timer.obj (.text:TimerControlTrigger)
                  000029d2    00000002     --HOLE-- [fill = 0]
                  000029d4    00000018     rtsv7M4_T_le_v4SPD16_eabi.lib : _lock.obj (.text)
                  000029ec    00000018                                   : args_main.obj (.text)
                  00002a04    00000014     driverlib-cm4f.lib : uart.obj (.text:UARTEnable)
                  00002a18    00000012                        : adc.obj (.text:ADCHardwareOversampleConfigure)
                  00002a2a    00000012                        : gpio.obj (.text:GPIOPinTypeADC)
                  00002a3c    00000012                        : gpio.obj (.text:GPIOPinTypeGPIOOutput)
                  00002a4e    00000012                        : gpio.obj (.text:GPIOPinTypeSSI)
                  00002a60    00000012                        : gpio.obj (.text:GPIOPinTypeTimer)
                  00002a72    00000012                        : gpio.obj (.text:GPIOPinTypeUART)
                  00002a84    00000012                        : timer.obj (.text:TimerLoadSet)
                  00002a96    00000012                        : timer.obj (.text:TimerMatchSet)
                  00002aa8    00000012     rtsv7M4_T_le_v4SPD16_eabi.lib : copy_zero_init.obj (.text:decompress:ZI)
                  00002aba    00000010     driverlib-cm4f.lib : adc.obj (.text:ADCIntEnable)
                  00002aca    00000010                        : uart.obj (.text:UARTCharGetNonBlocking)
                  00002ada    00000010                        : uart.obj (.text:UARTCharPutNonBlocking)
                  00002aea    0000000e                        : adc.obj (.text:ADCSequenceDisable)
                  00002af8    0000000e                        : adc.obj (.text:ADCSequenceEnable)
                  00002b06    0000000e                        : timer.obj (.text:TimerEnable)
                  00002b14    0000000e     rtsv7M4_T_le_v4SPD16_eabi.lib : copy_decompress_none.obj (.text:decompress:none)
                  00002b22    0000000c     driverlib-cm4f.lib : cpu.obj (.text:CPUcpsid)
                  00002b2e    0000000c                        : cpu.obj (.text:CPUcpsie)
                  00002b3a    0000000c                        : uart.obj (.text:UARTCharsAvail)
                  00002b46    0000000c                        : uart.obj (.text:UARTSpaceAvail)
                  00002b52    0000000c     startup_ccs.obj (.text)
                  00002b5e    0000000a     driverlib-cm4f.lib : adc.obj (.text:ADCIntClear)
                  00002b68    0000000a                        : gpio.obj (.text:GPIOPinWrite)
                  00002b72    0000000a                        : interrupt.obj (.text:IntMasterDisable)
                  00002b7c    0000000a                        : interrupt.obj (.text:IntMasterEnable)
                  00002b86    0000000a                        : uart.obj (.text:UARTIntDisable)
                  00002b90    0000000a                        : uart.obj (.text:UARTIntStatus)
                  00002b9a    00000008                        : timer.obj (.text:TimerIntEnable)
                  00002ba2    00000008                        : uart.obj (.text:UARTIntEnable)
                  00002baa    00000006                        : sysctl.obj (.text:SysCtlDelay)
                  00002bb0    00000006                        : uart.obj (.text:UARTFIFOLevelSet)
                  00002bb6    00000006     rtsv7M4_T_le_v4SPD16_eabi.lib : copy_decompress_rle.obj (.text:decompress:rle24)
                  00002bbc    00000004     driverlib-cm4f.lib : timer.obj (.text:TimerIntClear)
                  00002bc0    00000004                        : uart.obj (.text:UARTIntClear)

.const     0    00002bc8    000002ca     
                  00002bc8    0000009c     driverlib-cm4f.lib : interrupt.obj (.const:g_pulRegs)
                  00002c64    00000078                        : gpio.obj (.const:g_pulGPIOBaseAddrs)
                  00002cdc    00000070                        : interrupt.obj (.const)
                  00002d4c    0000006c                        : sysctl.obj (.const:g_pulXtals)
                  00002db8    00000040                        : sysctl.obj (.const)
                  00002df8    00000030     rtsv7M4_T_le_v4SPD16_eabi.lib : xsin.obj (.const:c)
                  00002e28    00000030                                   : xsin.obj (.const:s)
                  00002e58    00000028     uartstdio.obj (.const)
                  00002e80    00000012     uartstdio.obj (.const:.string)

.cinit     0    00002e98    00000068     
                  00002e98    00000043     (.cinit..data.load) [load image, compression = rle]
                  00002edb    00000001     --HOLE-- [fill = 0]
                  00002edc    0000000c     (__TI_handler_table)
                  00002ee8    00000008     (.cinit..bss.load) [load image, compression = zero_init]
                  00002ef0    00000010     (__TI_cinit_table)

.bss       0    20000000    0000052c     UNINITIALIZED
                  20000000    00000400     uartstdio.obj (.bss:g_pcUARTTxBuffer)
                  20000400    00000080     main.obj (.bss:g_cInput)
                  20000480    00000080     uartstdio.obj (.bss:g_pcUARTRxBuffer)
                  20000500    00000024     PID.obj (.bss:LVDTController)
                  20000524    00000008     uartstdio.obj (.bss)

.data      0    20000530    000001a0     
                  20000530    000000b0     rtsv7M4_T_le_v4SPD16_eabi.lib : signal.obj (.data:sigtable)
                  200005e0    00000080                                   : xvalues.obj (.data)
                  20000660    00000020     PID.obj (.data)
                  20000680    00000018     main.obj (.data)
                  20000698    00000015     uartstdio.obj (.data)
                  200006ad    00000003     --HOLE--
                  200006b0    00000008     rtsv7M4_T_le_v4SPD16_eabi.lib : _lock.obj (.data)
                  200006b8    00000008                                   : exit.obj (.data)
                  200006c0    00000008                                   : feraiseexcept.obj (.data)
                  200006c8    00000004                                   : errno.obj (.data)
                  200006cc    00000004                                   : stkdepth_vars.obj (.data)

.stack     0    200006d0    00000100     UNINITIALIZED
                  200006d0    00000100     --HOLE--


LINKER GENERATED COPY TABLES

__TI_cinit_table @ 00002ef0 records: 2, size/record: 8, table size: 16
	.data: load addr=00002e98, load size=00000043 bytes, run addr=20000530, run size=000001a0 bytes, compression=rle
	.bss: load addr=00002ee8, load size=00000008 bytes, run addr=20000000, run size=0000052c bytes, compression=zero_init


LINKER GENERATED HANDLER TABLE

__TI_handler_table @ 00002edc records: 3, size/record: 4, table size: 12
	index: 0, handler: __TI_decompress_rle24
	index: 1, handler: __TI_decompress_none
	index: 2, handler: __TI_zero_init


GLOBAL SYMBOLS: SORTED ALPHABETICALLY BY Name 

address    name
--------   ----
0000259d   ADC0IntHandler
000025b9   ADC1IntHandler
00002a19   ADCHardwareOversampleConfigure
00002b5f   ADCIntClear
00002abb   ADCIntEnable
000028af   ADCSequenceConfigure
00002925   ADCSequenceDataGet
00002aeb   ADCSequenceDisable
00002af9   ADCSequenceEnable
0000231d   ADCSequenceStepConfigure
00001a45   ADCSetup
20000688   Accel
00002675   C$$EXIT
00002b23   CPUcpsid
00002b2f   CPUcpsie
UNDEFED    CmdLineProcess
00002825   GPIODirModeSet
00001f6d   GPIOPadConfigSet
00002555   GPIOPinConfigure
00002a2b   GPIOPinTypeADC
00002a3d   GPIOPinTypeGPIOOutput
00002a4f   GPIOPinTypeSSI
00002a61   GPIOPinTypeTimer
00002a73   GPIOPinTypeUART
00002b69   GPIOPinWrite
00002389   IntDisable
000023ed   IntEnable
00002b73   IntMasterDisable
00002b7d   IntMasterEnable
00002901   IntPrioritySet
20000674   Kd
20000670   Ki
2000066c   Kp
20000500   LVDTController
00001bc3   LVDTPIDInit
20000660   LVDTPIDOutput
00000d79   PIDIntHandlerLVDT
00001365   PortFunctionInit
00002b53   ResetISR
UNDEFED    SHT$$INIT_ARRAY$$Base
UNDEFED    SHT$$INIT_ARRAY$$Limit
00002945   SysCtlADCSpeedSet
00000fd5   SysCtlClockGet
000017d1   SysCtlClockSet
00002bab   SysCtlDelay
000024b1   SysCtlPeripheralEnable
000022a5   SysCtlPeripheralPresent
000028d9   TimerConfigure
000029bb   TimerControlTrigger
00002b07   TimerEnable
00002bbd   TimerIntClear
00002b9b   TimerIntEnable
00002a85   TimerLoadSet
00002a97   TimerMatchSet
00002acb   UARTCharGetNonBlocking
00002adb   UARTCharPutNonBlocking
00002b3b   UARTCharsAvail
000026fd   UARTConfigSetExpClk
00002985   UARTDisable
0000092d   UARTEchoSet
00002a05   UARTEnable
00002bb1   UARTFIFOLevelSet
000008d5   UARTFlushRx
000008f7   UARTFlushTx
00002bc1   UARTIntClear
00002b87   UARTIntDisable
00002ba3   UARTIntEnable
00002b91   UARTIntStatus
0000087b   UARTPeek
00000859   UARTRxBytesAvail
00002b47   UARTSpaceAvail
0000035b   UARTStdioConfig
000003e1   UARTStdioInit
000003f7   UARTStdioInitExpClk
00000959   UARTStdioIntHandler
00000867   UARTTxBytesFree
00000529   UARTgetc
000004ad   UARTgets
00000585   UARTprintf
0000040d   UARTwrite
200005e0   _Denorm
00002035   _Dnorm
00001c8d   _Dscale
000026b9   _Dtest
200005f0   _Eps
200006c8   _Errno
200006c0   _Fenv
000027f5   _Feraise
20000600   _Hugeval
20000610   _Inf
20000620   _Nan
20000640   _Rteps
00000ab5   _Sin
20000630   _Snan
200006c4   _Tls_setup__Fenv
20000650   _Xbig
20000658   _Zero
200007d0   __STACK_END
00000100   __STACK_SIZE
200007d0   __STACK_TOP
00002ef0   __TI_CINIT_Base
00002f00   __TI_CINIT_Limit
00002edc   __TI_Handler_Table_Base
00002ee8   __TI_Handler_Table_Limit
00000001   __TI_args_main
00002191   __TI_auto_init
00002b15   __TI_decompress_none
00002bb7   __TI_decompress_rle24
00000000   __TI_static_base__
00002aa9   __TI_zero_init
00002225   __aeabi_cdcmpeq
00002225   __aeabi_cdcmple
0000262d   __aeabi_d2iz
000011b7   __aeabi_dadd
0000190d   __aeabi_ddiv
00001d95   __aeabi_dmul
000011ad   __aeabi_dsub
00002853   __aeabi_i2d
000020f3   __aeabi_memcpy
000020f3   __aeabi_memcpy4
000020f3   __aeabi_memcpy8
00002965   __aeabi_ui2d
0000273f   __aeabi_uidivmod
ffffffff   __binit__
ffffffff   __c_args__
200006d0   __stack
000029ed   _args_main
000025e5   _c_int00
200006b8   _cleanup_ptr
200006bc   _dtors_ptr
200006b0   _lock
000029e1   _nop
000029db   _register_lock
000029d5   _register_unlock
200006b4   _unlock
00002679   abort
00001363   accelInt
ffffffff   binit
00002509   copy_in
2000068c   dutyCycle
00002681   exit
000027c1   feraiseexcept
00001509   fmod
00000000   g_pfnVectors
00001685   main
200006cc   main_func_sp
20000678   maxSumError
000020f3   memcpy
20000690   pwmPeriod
00001ecb   pwmSetDuty
00001e91   pwmSetup
00002881   raise
00001b79   roundNum
20000694   setPoint
00002781   signal
000029a1   sin
20000668   sumError
2000067c   t
20000680   ulCurrent
20000684   ulLVDT
20000664   yLast


GLOBAL SYMBOLS: SORTED BY Symbol Address 

address    name
--------   ----
00000000   __TI_static_base__
00000000   g_pfnVectors
00000001   __TI_args_main
00000100   __STACK_SIZE
0000035b   UARTStdioConfig
000003e1   UARTStdioInit
000003f7   UARTStdioInitExpClk
0000040d   UARTwrite
000004ad   UARTgets
00000529   UARTgetc
00000585   UARTprintf
00000859   UARTRxBytesAvail
00000867   UARTTxBytesFree
0000087b   UARTPeek
000008d5   UARTFlushRx
000008f7   UARTFlushTx
0000092d   UARTEchoSet
00000959   UARTStdioIntHandler
00000ab5   _Sin
00000d79   PIDIntHandlerLVDT
00000fd5   SysCtlClockGet
000011ad   __aeabi_dsub
000011b7   __aeabi_dadd
00001363   accelInt
00001365   PortFunctionInit
00001509   fmod
00001685   main
000017d1   SysCtlClockSet
0000190d   __aeabi_ddiv
00001a45   ADCSetup
00001b79   roundNum
00001bc3   LVDTPIDInit
00001c8d   _Dscale
00001d95   __aeabi_dmul
00001e91   pwmSetup
00001ecb   pwmSetDuty
00001f6d   GPIOPadConfigSet
00002035   _Dnorm
000020f3   __aeabi_memcpy
000020f3   __aeabi_memcpy4
000020f3   __aeabi_memcpy8
000020f3   memcpy
00002191   __TI_auto_init
00002225   __aeabi_cdcmpeq
00002225   __aeabi_cdcmple
000022a5   SysCtlPeripheralPresent
0000231d   ADCSequenceStepConfigure
00002389   IntDisable
000023ed   IntEnable
000024b1   SysCtlPeripheralEnable
00002509   copy_in
00002555   GPIOPinConfigure
0000259d   ADC0IntHandler
000025b9   ADC1IntHandler
000025e5   _c_int00
0000262d   __aeabi_d2iz
00002675   C$$EXIT
00002679   abort
00002681   exit
000026b9   _Dtest
000026fd   UARTConfigSetExpClk
0000273f   __aeabi_uidivmod
00002781   signal
000027c1   feraiseexcept
000027f5   _Feraise
00002825   GPIODirModeSet
00002853   __aeabi_i2d
00002881   raise
000028af   ADCSequenceConfigure
000028d9   TimerConfigure
00002901   IntPrioritySet
00002925   ADCSequenceDataGet
00002945   SysCtlADCSpeedSet
00002965   __aeabi_ui2d
00002985   UARTDisable
000029a1   sin
000029bb   TimerControlTrigger
000029d5   _register_unlock
000029db   _register_lock
000029e1   _nop
000029ed   _args_main
00002a05   UARTEnable
00002a19   ADCHardwareOversampleConfigure
00002a2b   GPIOPinTypeADC
00002a3d   GPIOPinTypeGPIOOutput
00002a4f   GPIOPinTypeSSI
00002a61   GPIOPinTypeTimer
00002a73   GPIOPinTypeUART
00002a85   TimerLoadSet
00002a97   TimerMatchSet
00002aa9   __TI_zero_init
00002abb   ADCIntEnable
00002acb   UARTCharGetNonBlocking
00002adb   UARTCharPutNonBlocking
00002aeb   ADCSequenceDisable
00002af9   ADCSequenceEnable
00002b07   TimerEnable
00002b15   __TI_decompress_none
00002b23   CPUcpsid
00002b2f   CPUcpsie
00002b3b   UARTCharsAvail
00002b47   UARTSpaceAvail
00002b53   ResetISR
00002b5f   ADCIntClear
00002b69   GPIOPinWrite
00002b73   IntMasterDisable
00002b7d   IntMasterEnable
00002b87   UARTIntDisable
00002b91   UARTIntStatus
00002b9b   TimerIntEnable
00002ba3   UARTIntEnable
00002bab   SysCtlDelay
00002bb1   UARTFIFOLevelSet
00002bb7   __TI_decompress_rle24
00002bbd   TimerIntClear
00002bc1   UARTIntClear
00002edc   __TI_Handler_Table_Base
00002ee8   __TI_Handler_Table_Limit
00002ef0   __TI_CINIT_Base
00002f00   __TI_CINIT_Limit
20000500   LVDTController
200005e0   _Denorm
200005f0   _Eps
20000600   _Hugeval
20000610   _Inf
20000620   _Nan
20000630   _Snan
20000640   _Rteps
20000650   _Xbig
20000658   _Zero
20000660   LVDTPIDOutput
20000664   yLast
20000668   sumError
2000066c   Kp
20000670   Ki
20000674   Kd
20000678   maxSumError
2000067c   t
20000680   ulCurrent
20000684   ulLVDT
20000688   Accel
2000068c   dutyCycle
20000690   pwmPeriod
20000694   setPoint
200006b0   _lock
200006b4   _unlock
200006b8   _cleanup_ptr
200006bc   _dtors_ptr
200006c0   _Fenv
200006c4   _Tls_setup__Fenv
200006c8   _Errno
200006cc   main_func_sp
200006d0   __stack
200007d0   __STACK_END
200007d0   __STACK_TOP
ffffffff   __binit__
ffffffff   __c_args__
ffffffff   binit
UNDEFED    CmdLineProcess
UNDEFED    SHT$$INIT_ARRAY$$Base
UNDEFED    SHT$$INIT_ARRAY$$Limit

[161 symbols]
