******************************************************************************
                  TMS470 Linker PC v4.9.7                      
******************************************************************************
>> Linked Sun May 05 15:54:07 2013

OUTPUT FILE NAME:   <Combined.out>
ENTRY POINT SYMBOL: "_c_int00"  address: 00001fb9


MEMORY CONFIGURATION

         name            origin    length      used     unused   attr    fill
----------------------  --------  ---------  --------  --------  ----  --------
  FLASH                 00000000   00040000  00002d34  0003d2cc  R  X
  SRAM                  20000000   00008000  00000974  0000768c  RW X


SEGMENT ALLOCATION MAP

run origin  load origin   length   init length attrs members
----------  ----------- ---------- ----------- ----- -------
00000000    00000000    00002d38   00002d38    r-x
  00000000    00000000    0000026c   0000026c    r-- .intvecs
  0000026c    0000026c    000025d2   000025d2    r-x .text
  00002840    00002840    00000456   00000456    r-- .const
  00002c98    00002c98    000000a0   000000a0    r-- .cinit
20000000    20000000    00000888   00000000    rw-
  20000000    20000000    00000788   00000000    rw- .bss
  20000788    20000788    00000100   00000000    rw- .stack
20000888    20000888    000000ec   000000ec    rw-
  20000888    20000888    000000ec   000000ec    rw- .data


SECTION ALLOCATION MAP

 output                                  attributes/
section   page    origin      length       input sections
--------  ----  ----------  ----------   ----------------
.intvecs   0    00000000    0000026c     
                  00000000    0000026c     startup_ccs.obj (.intvecs)

.text      0    0000026c    000025d2     
                  0000026c    000008cc     uartstdio.obj (.text)
                  00000b38    00000214     usb.obj (.text)
                  00000d4c    000001e8     main.obj (.text)
                  00000f34    000001d8     driverlib-cm4f.lib : sysctl.obj (.text:SysCtlClockGet)
                  0000110c    00000158     newpins.obj (.text)
                  00001264    00000134     ADCSetup.obj (.text)
                  00001398    000000f4     usblib-cm4f.lib : usbdenum.obj (.text:USBDCDInit)
                  0000148c    000000ec     PID.obj (.text)
                  00001578    000000e0     PID.obj (.text:retain)
                  00001658    000000dc     PWMSetup.obj (.text)
                  00001734    000000c8     driverlib-cm4f.lib : gpio.obj (.text:GPIOPadConfigSet)
                  000017fc    000000b4     usblib-cm4f.lib : usbbuffer.obj (.text:HandleRxAvailable)
                  000018b0    000000a2                     : usbbuffer.obj (.text:ScheduleNextTransmission)
                  00001952    0000009c     rtsv7M4_T_le_v4SPD16_eabi.lib : memcpy_t2.obj (.text)
                  000019ee    00000002     --HOLE-- [fill = 0]
                  000019f0    00000094     driverlib-cm4f.lib : sysctl.obj (.text:SysCtlPeripheralReset)
                  00001a84    00000094     rtsv7M4_T_le_v4SPD16_eabi.lib : auto_init.obj (.text)
                  00001b18    00000070     usblib-cm4f.lib : usbdbulk.obj (.text:USBDBulkCompositeInit)
                  00001b88    0000006c     driverlib-cm4f.lib : adc.obj (.text:ADCSequenceStepConfigure)
                  00001bf4    00000068     usblib-cm4f.lib : usbdbulk.obj (.text:USBDBulkPacketRead)
                  00001c5c    00000064     driverlib-cm4f.lib : interrupt.obj (.text:IntEnable)
                  00001cc0    00000060     usblib-cm4f.lib : usbbuffer.obj (.text:USBBufferEventCallback)
                  00001d20    0000005e     driverlib-cm4f.lib : usb.obj (.text:USBDevEndpointStatusClear)
                  00001d7e    0000005e     rtsv7M4_T_le_v4SPD16_eabi.lib : copy_decompress_rle.obj (.text)
                  00001ddc    0000005c     usblib-cm4f.lib : usbdbulk.obj (.text:ProcessDataFromHost)
                  00001e38    00000058     driverlib-cm4f.lib : sysctl.obj (.text:SysCtlPeripheralEnable)
                  00001e90    0000004c     rtsv7M4_T_le_v4SPD16_eabi.lib : cpy_tbl.obj (.text)
                  00001edc    0000004a     usblib-cm4f.lib : usbdbulk.obj (.text:USBDBulkPacketWrite)
                  00001f26    00000002     --HOLE-- [fill = 0]
                  00001f28    00000048     driverlib-cm4f.lib : gpio.obj (.text:GPIOPinConfigure)
                  00001f70    00000048     ADCSetup.obj (.text:retain)
                  00001fb8    00000048     rtsv7M4_T_le_v4SPD16_eabi.lib : boot.obj (.text)
                  00002000    00000044     driverlib-cm4f.lib : usb.obj (.text:USBEndpointDataGet)
                  00002044    00000044     rtsv7M4_T_le_v4SPD16_eabi.lib : exit.obj (.text)
                  00002088    00000042                                   : u_divt2.obj (.text)
                  000020ca    00000002     --HOLE-- [fill = 0]
                  000020cc    00000038     driverlib-cm4f.lib : usb.obj (.text:USBIntStatusControl)
                  00002104    00000036     usblib-cm4f.lib : usbringbuf.obj (.text:USBRingBufAdvanceWrite)
                  0000213a    00000030                     : usbdbulk.obj (.text:HandleEndpoints)
                  0000216a    00000002     --HOLE-- [fill = 0]
                  0000216c    00000030                     : usbtick.obj (.text:InternalUSBTickInit)
                  0000219c    00000030     driverlib-cm4f.lib : usb.obj (.text:USBEndpointDataPut)
                  000021cc    0000002e                        : gpio.obj (.text:GPIODirModeSet)
                  000021fa    0000002e                        : usb.obj (.text:USBEndpointDataSend)
                  00002228    0000002c     usblib-cm4f.lib : usbtick.obj (.text:InternalUSBRegisterTickHandler)
                  00002254    0000002c                     : usbdbulk.obj (.text:ProcessDataToHost)
                  00002280    0000002a     driverlib-cm4f.lib : adc.obj (.text:ADCSequenceConfigure)
                  000022aa    0000002a     usblib-cm4f.lib : usbdbulk.obj (.text:HandleDevice)
                  000022d4    00000028     driverlib-cm4f.lib : timer.obj (.text:TimerConfigure)
                  000022fc    00000028                        : usb.obj (.text:USBIntEnableControl)
                  00002324    00000028     usblib-cm4f.lib : usbringbuf.obj (.text:UpdateIndexAtomic)
                  0000234c    00000024                     : usbbuffer.obj (.text:HandleRequestBuffer)
                  00002370    00000024     driverlib-cm4f.lib : interrupt.obj (.text:IntPrioritySet)
                  00002394    00000024                        : usb.obj (.text:USBDevEndpointDataAck)
                  000023b8    00000022     usblib-cm4f.lib : usbdbulk.obj (.text:BulkTickHandler)
                  000023da    00000020     driverlib-cm4f.lib : adc.obj (.text:ADCSequenceDataGet)
                  000023fa    00000002     --HOLE-- [fill = 0]
                  000023fc    00000020                        : sysctl.obj (.text:SysCtlADCSpeedSet)
                  0000241c    00000020     usblib-cm4f.lib : usbmode.obj (.text:USBStackModeSet)
                  0000243c    0000001e                     : usbbuffer.obj (.text:HandleDataRemaining)
                  0000245a    0000001e                     : usbdbulk.obj (.text:USBDBulkRxPacketAvailable)
                  00002478    0000001e     driverlib-cm4f.lib : usb.obj (.text:USBEndpointDataAvail)
                  00002496    0000001e     usblib-cm4f.lib : usbringbuf.obj (.text:USBRingBufAdvanceRead)
                  000024b4    0000001c                     : usbdbulk.obj (.text:HandleConfigChange)
                  000024d0    0000001c                     : usbdbulk.obj (.text:HandleDisconnect)
                  000024ec    0000001c                     : usbdbulk.obj (.text:SetDeferredOpFlag)
                  00002508    0000001c                     : usbdbulk.obj (.text:USBDBulkInit)
                  00002524    0000001c                     : usbringbuf.obj (.text:USBRingBufContigFree)
                  00002540    0000001a                     : usbringbuf.obj (.text:USBRingBufWrite)
                  0000255a    00000018     driverlib-cm4f.lib : timer.obj (.text:TimerControlTrigger)
                  00002572    00000002     --HOLE-- [fill = 0]
                  00002574    00000018     rtsv7M4_T_le_v4SPD16_eabi.lib : _lock.obj (.text)
                  0000258c    00000018                                   : args_main.obj (.text)
                  000025a4    00000016     usblib-cm4f.lib : usbbuffer.obj (.text:USBBufferInit)
                  000025ba    00000016                     : usbringbuf.obj (.text:USBRingBufUsed)
                  000025d0    00000014                     : usbbuffer.obj (.text:USBBufferDataWritten)
                  000025e4    00000014     driverlib-cm4f.lib : usb.obj (.text:USBIntEnableEndpoint)
                  000025f8    00000014     usblib-cm4f.lib : usbringbuf.obj (.text:USBRingBufContigUsed)
                  0000260c    00000014                     : usbringbuf.obj (.text:USBRingBufFlush)
                  00002620    00000012     driverlib-cm4f.lib : adc.obj (.text:ADCHardwareOversampleConfigure)
                  00002632    00000012                        : gpio.obj (.text:GPIOPinTypeADC)
                  00002644    00000012                        : gpio.obj (.text:GPIOPinTypeGPIOOutput)
                  00002656    00000012                        : gpio.obj (.text:GPIOPinTypeTimer)
                  00002668    00000012                        : gpio.obj (.text:GPIOPinTypeUART)
                  0000267a    00000012     usblib-cm4f.lib : usbdbulk.obj (.text:HandleResume)
                  0000268c    00000012                     : usbdbulk.obj (.text:HandleSuspend)
                  0000269e    00000012                     : usbbuffer.obj (.text:HandleTxComplete)
                  000026b0    00000012     driverlib-cm4f.lib : timer.obj (.text:TimerLoadSet)
                  000026c2    00000012                        : timer.obj (.text:TimerMatchSet)
                  000026d4    00000012                        : usb.obj (.text:USBEndpointStatus)
                  000026e6    00000012     usblib-cm4f.lib : usbringbuf.obj (.text:USBRingBufFree)
                  000026f8    00000012                     : usbringbuf.obj (.text:USBRingBufWriteOne)
                  0000270a    00000012     rtsv7M4_T_le_v4SPD16_eabi.lib : copy_zero_init.obj (.text:decompress:ZI)
                  0000271c    00000010     driverlib-cm4f.lib : adc.obj (.text:ADCIntEnable)
                  0000272c    00000010                        : sysctl.obj (.text:SysCtlUSBPLLEnable)
                  0000273c    00000010     usblib-cm4f.lib : usbdbulk.obj (.text:USBDBulkTxPacketAvailable)
                  0000274c    0000000e     driverlib-cm4f.lib : adc.obj (.text:ADCSequenceDisable)
                  0000275a    0000000e                        : adc.obj (.text:ADCSequenceEnable)
                  00002768    0000000e                        : timer.obj (.text:TimerEnable)
                  00002776    0000000e     usblib-cm4f.lib : usbbuffer.obj (.text:USBBufferInfoGet)
                  00002784    0000000e     rtsv7M4_T_le_v4SPD16_eabi.lib : copy_decompress_none.obj (.text:decompress:none)
                  00002792    0000000c     driverlib-cm4f.lib : cpu.obj (.text:CPUcpsid)
                  0000279e    0000000c                        : cpu.obj (.text:CPUcpsie)
                  000027aa    0000000c                        : usb.obj (.text:USBIntStatusEndpoint)
                  000027b6    0000000c     usblib-cm4f.lib : usbringbuf.obj (.text:USBRingBufInit)
                  000027c2    0000000c     startup_ccs.obj (.text)
                  000027ce    0000000a     driverlib-cm4f.lib : adc.obj (.text:ADCIntClear)
                  000027d8    0000000a                        : gpio.obj (.text:GPIOPinWrite)
                  000027e2    0000000a                        : interrupt.obj (.text:IntMasterDisable)
                  000027ec    0000000a                        : interrupt.obj (.text:IntMasterEnable)
                  000027f6    0000000a                        : usb.obj (.text:USBDevConnect)
                  00002800    0000000a                        : usb.obj (.text:USBDevDisconnect)
                  0000280a    00000008                        : timer.obj (.text:TimerIntEnable)
                  00002812    00000008                        : usb.obj (.text:USBDevMode)
                  0000281a    00000008                        : usb.obj (.text:USBOTGMode)
                  00002822    00000006                        : sysctl.obj (.text:SysCtlDelay)
                  00002828    00000006     usblib-cm4f.lib : usbbuffer.obj (.text:USBBufferFlush)
                  0000282e    00000006                     : usbbuffer.obj (.text:USBBufferSpaceAvailable)
                  00002834    00000006     rtsv7M4_T_le_v4SPD16_eabi.lib : copy_decompress_rle.obj (.text:decompress:rle24)
                  0000283a    00000004     driverlib-cm4f.lib : timer.obj (.text:TimerIntClear)

.const     0    00002840    00000456     
                  00002840    0000009c     driverlib-cm4f.lib : interrupt.obj (.const:g_pulRegs)
                  000028dc    00000078                        : gpio.obj (.const:g_pulGPIOBaseAddrs)
                  00002954    00000078     usblib-cm4f.lib : usbdenum.obj (.const:g_sUSBDefaultFIFOConfig)
                  000029cc    00000070     driverlib-cm4f.lib : interrupt.obj (.const)
                  00002a3c    0000006c                        : sysctl.obj (.const:g_pulXtals)
                  00002aa8    00000040                        : sysctl.obj (.const)
                  00002ae8    00000034     usblib-cm4f.lib : usbdbulk.obj (.const)
                  00002b1c    00000030     usb_structs.obj (.const:.string:g_pConfigString)
                  00002b4c    00000028     usb_structs.obj (.const:.string:g_pDataInterfaceString)
                  00002b74    00000028     usb_structs.obj (.const:.string:g_pProductString)
                  00002b9c    00000028     uartstdio.obj (.const)
                  00002bc4    00000024     usb_structs.obj (.const:.string:g_pManufacturerString)
                  00002be8    00000024     usb_structs.obj (.const:g_sBulkDevice)
                  00002c0c    00000024     usb_structs.obj (.const:g_sRxBuffer)
                  00002c30    00000024     usb_structs.obj (.const:g_sTxBuffer)
                  00002c54    00000018     usb_structs.obj (.const)
                  00002c6c    00000016     usb_structs.obj (.const:.string)
                  00002c82    00000002     --HOLE-- [fill = 0]
                  00002c84    00000012     uartstdio.obj (.const:.string)

.cinit     0    00002c98    000000a0     
                  00002c98    00000078     (.cinit..data.load) [load image, compression = rle]
                  00002d10    0000000c     (__TI_handler_table)
                  00002d1c    00000004     --HOLE-- [fill = 0]
                  00002d20    00000008     (.cinit..bss.load) [load image, compression = zero_init]
                  00002d28    00000010     (__TI_cinit_table)

.bss       0    20000000    00000788     UNINITIALIZED
                  20000000    00000400     uartstdio.obj (.bss:g_pcUARTTxBuffer)
                  20000400    00000100     usb_structs.obj (.bss:g_pucUSBRxBuffer)
                  20000500    00000100     usb_structs.obj (.bss:g_pucUSBTxBuffer)
                  20000600    00000080     uartstdio.obj (.bss:g_pcUARTRxBuffer)
                  20000680    00000054     usblib-cm4f.lib : usbdenum.obj (.bss:g_psUSBDevice)
                  200006d4    00000048     usb_structs.obj (.bss)
                  2000071c    00000030     usblib-cm4f.lib : usbtick.obj (.bss)
                  2000074c    0000001c     PID.obj (.bss)
                  20000768    0000000c     usblib-cm4f.lib : usbmode.obj (.bss)
                  20000774    00000008     main.obj (.bss)
                  2000077c    00000008     uartstdio.obj (.bss)
                  20000784    00000004     usb.obj (.bss)

.stack     0    20000788    00000100     UNINITIALIZED
                  20000788    00000100     --HOLE--

.data      0    20000888    000000ec     
                  20000888    0000004c     usblib-cm4f.lib : usbdbulk.obj (.data:g_sBulkDeviceInfo)
                  200008d4    00000024     main.obj (.data)
                  200008f8    00000024     usblib-cm4f.lib : usbdbulk.obj (.data)
                  2000091c    00000015     uartstdio.obj (.data)
                  20000931    00000003     --HOLE--
                  20000934    0000000c     PID.obj (.data)
                  20000940    0000000c     usblib-cm4f.lib : usbtick.obj (.data)
                  2000094c    00000009                     : usbmode.obj (.data)
                  20000955    00000003     --HOLE--
                  20000958    00000008     rtsv7M4_T_le_v4SPD16_eabi.lib : _lock.obj (.data)
                  20000960    00000008                                   : exit.obj (.data)
                  20000968    00000008     usb.obj (.data)
                  20000970    00000004     rtsv7M4_T_le_v4SPD16_eabi.lib : stkdepth_vars.obj (.data)


LINKER GENERATED COPY TABLES

__TI_cinit_table @ 00002d28 records: 2, size/record: 8, table size: 16
	.data: load addr=00002c98, load size=00000078 bytes, run addr=20000888, run size=000000ec bytes, compression=rle
	.bss: load addr=00002d20, load size=00000008 bytes, run addr=20000000, run size=00000788 bytes, compression=zero_init


LINKER GENERATED HANDLER TABLE

__TI_handler_table @ 00002d10 records: 3, size/record: 4, table size: 12
	index: 0, handler: __TI_decompress_rle24
	index: 1, handler: __TI_decompress_none
	index: 2, handler: __TI_zero_init


GLOBAL SYMBOLS: SORTED ALPHABETICALLY BY Name 

address    name
--------   ----
00001f71   ADC0IntHandler
00001f8d   ADC1IntHandler
00002621   ADCHardwareOversampleConfigure
000027cf   ADCIntClear
0000271d   ADCIntEnable
00002281   ADCSequenceConfigure
000023db   ADCSequenceDataGet
0000274d   ADCSequenceDisable
0000275b   ADCSequenceEnable
00001b89   ADCSequenceStepConfigure
00001265   ADCSetup
00002045   C$$EXIT
00002793   CPUcpsid
0000279f   CPUcpsie
000021cd   GPIODirModeSet
00001735   GPIOPadConfigSet
00001f29   GPIOPinConfigure
00002633   GPIOPinTypeADC
00002645   GPIOPinTypeGPIOOutput
00002657   GPIOPinTypeTimer
00002669   GPIOPinTypeUART
000027d9   GPIOPinWrite
00001c5d   IntEnable
000027e3   IntMasterDisable
000027ed   IntMasterEnable
00002371   IntPrioritySet
00002229   InternalUSBRegisterTickHandler
0000216d   InternalUSBTickInit
200008f4   Kd
200008f0   Ki
200008ec   Kp
2000074c   LVDTController
000014d7   LVDTPIDInit
20000934   LVDTPIDOutput
00001579   PIDIntHandlerLVDT
0000110d   PortFunctionInit
000027c3   ResetISR
00000c5d   RxHandler
UNDEFED    SHT$$INIT_ARRAY$$Base
UNDEFED    SHT$$INIT_ARRAY$$Limit
000023fd   SysCtlADCSpeedSet
00000f35   SysCtlClockGet
00002823   SysCtlDelay
00001e39   SysCtlPeripheralEnable
000019f1   SysCtlPeripheralReset
0000272d   SysCtlUSBPLLEnable
00000b39   SysTickIntHandler
000022d5   TimerConfigure
0000255b   TimerControlTrigger
00002769   TimerEnable
0000283b   TimerIntClear
0000280b   TimerIntEnable
000026b1   TimerLoadSet
000026c3   TimerMatchSet
00000cb9   TxHandler
00000987   UARTEchoSet
00000923   UARTFlushRx
00000949   UARTFlushTx
000008c7   UARTPeek
000008a5   UARTRxBytesAvail
0000036b   UARTStdioConfig
00000413   UARTStdioInit
0000042d   UARTStdioInitExpClk
000009b5   UARTStdioIntHandler
000008b3   UARTTxBytesFree
00000585   UARTgetc
00000509   UARTgets
000005d1   UARTprintf
00000447   UARTwrite
000025d1   USBBufferDataWritten
00001cc1   USBBufferEventCallback
00002829   USBBufferFlush
00002777   USBBufferInfoGet
000025a5   USBBufferInit
0000282f   USBBufferSpaceAvailable
00001b19   USBDBulkCompositeInit
00002509   USBDBulkInit
00001bf5   USBDBulkPacketRead
00001edd   USBDBulkPacketWrite
0000245b   USBDBulkRxPacketAvailable
0000273d   USBDBulkTxPacketAvailable
00001399   USBDCDInit
000027f7   USBDevConnect
00002801   USBDevDisconnect
00002395   USBDevEndpointDataAck
00001d21   USBDevEndpointStatusClear
00002813   USBDevMode
00002479   USBEndpointDataAvail
00002001   USBEndpointDataGet
0000219d   USBEndpointDataPut
000021fb   USBEndpointDataSend
000026d5   USBEndpointStatus
000022fd   USBIntEnableControl
000025e5   USBIntEnableEndpoint
000020cd   USBIntStatusControl
000027ab   USBIntStatusEndpoint
0000281b   USBOTGMode
00002497   USBRingBufAdvanceRead
00002105   USBRingBufAdvanceWrite
00002525   USBRingBufContigFree
000025f9   USBRingBufContigUsed
0000260d   USBRingBufFlush
000026e7   USBRingBufFree
000027b7   USBRingBufInit
000025bb   USBRingBufUsed
00002541   USBRingBufWrite
000026f9   USBRingBufWriteOne
0000241d   USBStackModeSet
00000c39   UsbInit
00000c5b   UsbProcessCommand
20000888   __STACK_END
00000100   __STACK_SIZE
20000888   __STACK_TOP
00002d28   __TI_CINIT_Base
00002d38   __TI_CINIT_Limit
00002d10   __TI_Handler_Table_Base
00002d1c   __TI_Handler_Table_Limit
00000001   __TI_args_main
00001a85   __TI_auto_init
00002785   __TI_decompress_none
00002835   __TI_decompress_rle24
00000000   __TI_static_base__
0000270b   __TI_zero_init
00001953   __aeabi_memcpy
00001953   __aeabi_memcpy4
00001953   __aeabi_memcpy8
00002089   __aeabi_uidivmod
ffffffff   __binit__
ffffffff   __c_args__
20000788   __stack
0000258d   _args_main
00001fb9   _c_int00
20000960   _cleanup_ptr
20000964   _dtors_ptr
20000958   _lock
00002581   _nop
0000257b   _register_lock
00002575   _register_unlock
2000095c   _unlock
00002049   abort
2000093c   arrayIndex
ffffffff   binit
00001e91   copy_in
200008e0   dutyCycle
00002051   exit
20000784   g_bUSBConfigured
20000940   g_bUSBTimerInitialized
2000076c   g_eOTGModeState
2000094c   g_eUSBMode
00002b18   g_pBulkConfigDescriptors
2000090a   g_pBulkDescriptor
200008f8   g_pBulkDeviceDescriptor
00002ae8   g_pBulkInterface
00002b1c   g_pConfigString
00002b4c   g_pDataInterfaceString
00002c6c   g_pLangDescriptor
00002bc4   g_pManufacturerString
00002b74   g_pProductString
00002c70   g_pSerialNumberString
00002c54   g_pStringDescriptors
2000071c   g_pfTickHandlers
00000000   g_pfnVectors
20000914   g_psBulkSections
20000680   g_psUSBDevice
200006ec   g_pucRxBufferWorkspace
20000704   g_pucTxBufferWorkspace
20000400   g_pucUSBRxBuffer
20000500   g_pucUSBTxBuffer
20000734   g_pvTickInstance
00002b10   g_sBulkConfigHeader
00002b00   g_sBulkConfigSection
00002be8   g_sBulkDevice
20000888   g_sBulkDeviceInfo
200006d4   g_sBulkInstance
00002b08   g_sBulkInterfaceSection
00002c0c   g_sRxBuffer
00002c30   g_sTxBuffer
00002954   g_sUSBDefaultFIFOConfig
20000944   g_ulCurrentUSBTick
20000768   g_ulPollRate
2000096c   g_ulRxCount
200008d4   g_ulSysTickCount
20000968   g_ulTxCount
20000948   g_ulUSBSOFCount
20000950   g_ulWaitTicks
00000d4d   main
20000970   main_func_sp
00001953   memcpy
200008e4   pwmPeriod
00001693   pwmSetDuty
00001659   pwmSetup
0000148d   round
200008e8   setPoint
20000774   str
200008d8   ulCurrent
200008dc   ulLVDT
20000938   yLast


GLOBAL SYMBOLS: SORTED BY Symbol Address 

address    name
--------   ----
00000000   __TI_static_base__
00000000   g_pfnVectors
00000001   __TI_args_main
00000100   __STACK_SIZE
0000036b   UARTStdioConfig
00000413   UARTStdioInit
0000042d   UARTStdioInitExpClk
00000447   UARTwrite
00000509   UARTgets
00000585   UARTgetc
000005d1   UARTprintf
000008a5   UARTRxBytesAvail
000008b3   UARTTxBytesFree
000008c7   UARTPeek
00000923   UARTFlushRx
00000949   UARTFlushTx
00000987   UARTEchoSet
000009b5   UARTStdioIntHandler
00000b39   SysTickIntHandler
00000c39   UsbInit
00000c5b   UsbProcessCommand
00000c5d   RxHandler
00000cb9   TxHandler
00000d4d   main
00000f35   SysCtlClockGet
0000110d   PortFunctionInit
00001265   ADCSetup
00001399   USBDCDInit
0000148d   round
000014d7   LVDTPIDInit
00001579   PIDIntHandlerLVDT
00001659   pwmSetup
00001693   pwmSetDuty
00001735   GPIOPadConfigSet
00001953   __aeabi_memcpy
00001953   __aeabi_memcpy4
00001953   __aeabi_memcpy8
00001953   memcpy
000019f1   SysCtlPeripheralReset
00001a85   __TI_auto_init
00001b19   USBDBulkCompositeInit
00001b89   ADCSequenceStepConfigure
00001bf5   USBDBulkPacketRead
00001c5d   IntEnable
00001cc1   USBBufferEventCallback
00001d21   USBDevEndpointStatusClear
00001e39   SysCtlPeripheralEnable
00001e91   copy_in
00001edd   USBDBulkPacketWrite
00001f29   GPIOPinConfigure
00001f71   ADC0IntHandler
00001f8d   ADC1IntHandler
00001fb9   _c_int00
00002001   USBEndpointDataGet
00002045   C$$EXIT
00002049   abort
00002051   exit
00002089   __aeabi_uidivmod
000020cd   USBIntStatusControl
00002105   USBRingBufAdvanceWrite
0000216d   InternalUSBTickInit
0000219d   USBEndpointDataPut
000021cd   GPIODirModeSet
000021fb   USBEndpointDataSend
00002229   InternalUSBRegisterTickHandler
00002281   ADCSequenceConfigure
000022d5   TimerConfigure
000022fd   USBIntEnableControl
00002371   IntPrioritySet
00002395   USBDevEndpointDataAck
000023db   ADCSequenceDataGet
000023fd   SysCtlADCSpeedSet
0000241d   USBStackModeSet
0000245b   USBDBulkRxPacketAvailable
00002479   USBEndpointDataAvail
00002497   USBRingBufAdvanceRead
00002509   USBDBulkInit
00002525   USBRingBufContigFree
00002541   USBRingBufWrite
0000255b   TimerControlTrigger
00002575   _register_unlock
0000257b   _register_lock
00002581   _nop
0000258d   _args_main
000025a5   USBBufferInit
000025bb   USBRingBufUsed
000025d1   USBBufferDataWritten
000025e5   USBIntEnableEndpoint
000025f9   USBRingBufContigUsed
0000260d   USBRingBufFlush
00002621   ADCHardwareOversampleConfigure
00002633   GPIOPinTypeADC
00002645   GPIOPinTypeGPIOOutput
00002657   GPIOPinTypeTimer
00002669   GPIOPinTypeUART
000026b1   TimerLoadSet
000026c3   TimerMatchSet
000026d5   USBEndpointStatus
000026e7   USBRingBufFree
000026f9   USBRingBufWriteOne
0000270b   __TI_zero_init
0000271d   ADCIntEnable
0000272d   SysCtlUSBPLLEnable
0000273d   USBDBulkTxPacketAvailable
0000274d   ADCSequenceDisable
0000275b   ADCSequenceEnable
00002769   TimerEnable
00002777   USBBufferInfoGet
00002785   __TI_decompress_none
00002793   CPUcpsid
0000279f   CPUcpsie
000027ab   USBIntStatusEndpoint
000027b7   USBRingBufInit
000027c3   ResetISR
000027cf   ADCIntClear
000027d9   GPIOPinWrite
000027e3   IntMasterDisable
000027ed   IntMasterEnable
000027f7   USBDevConnect
00002801   USBDevDisconnect
0000280b   TimerIntEnable
00002813   USBDevMode
0000281b   USBOTGMode
00002823   SysCtlDelay
00002829   USBBufferFlush
0000282f   USBBufferSpaceAvailable
00002835   __TI_decompress_rle24
0000283b   TimerIntClear
00002954   g_sUSBDefaultFIFOConfig
00002ae8   g_pBulkInterface
00002b00   g_sBulkConfigSection
00002b08   g_sBulkInterfaceSection
00002b10   g_sBulkConfigHeader
00002b18   g_pBulkConfigDescriptors
00002b1c   g_pConfigString
00002b4c   g_pDataInterfaceString
00002b74   g_pProductString
00002bc4   g_pManufacturerString
00002be8   g_sBulkDevice
00002c0c   g_sRxBuffer
00002c30   g_sTxBuffer
00002c54   g_pStringDescriptors
00002c6c   g_pLangDescriptor
00002c70   g_pSerialNumberString
00002d10   __TI_Handler_Table_Base
00002d1c   __TI_Handler_Table_Limit
00002d28   __TI_CINIT_Base
00002d38   __TI_CINIT_Limit
20000400   g_pucUSBRxBuffer
20000500   g_pucUSBTxBuffer
20000680   g_psUSBDevice
200006d4   g_sBulkInstance
200006ec   g_pucRxBufferWorkspace
20000704   g_pucTxBufferWorkspace
2000071c   g_pfTickHandlers
20000734   g_pvTickInstance
2000074c   LVDTController
20000768   g_ulPollRate
2000076c   g_eOTGModeState
20000774   str
20000784   g_bUSBConfigured
20000788   __stack
20000888   __STACK_END
20000888   __STACK_TOP
20000888   g_sBulkDeviceInfo
200008d4   g_ulSysTickCount
200008d8   ulCurrent
200008dc   ulLVDT
200008e0   dutyCycle
200008e4   pwmPeriod
200008e8   setPoint
200008ec   Kp
200008f0   Ki
200008f4   Kd
200008f8   g_pBulkDeviceDescriptor
2000090a   g_pBulkDescriptor
20000914   g_psBulkSections
20000934   LVDTPIDOutput
20000938   yLast
2000093c   arrayIndex
20000940   g_bUSBTimerInitialized
20000944   g_ulCurrentUSBTick
20000948   g_ulUSBSOFCount
2000094c   g_eUSBMode
20000950   g_ulWaitTicks
20000958   _lock
2000095c   _unlock
20000960   _cleanup_ptr
20000964   _dtors_ptr
20000968   g_ulTxCount
2000096c   g_ulRxCount
20000970   main_func_sp
ffffffff   __binit__
ffffffff   __c_args__
ffffffff   binit
UNDEFED    SHT$$INIT_ARRAY$$Base
UNDEFED    SHT$$INIT_ARRAY$$Limit

[197 symbols]
