******************************************************************************
                  TMS470 Linker PC v4.9.7                      
******************************************************************************
>> Linked Fri Apr 05 17:12:04 2013

OUTPUT FILE NAME:   <Combined.out>
ENTRY POINT SYMBOL: "_c_int00"  address: 00001221


MEMORY CONFIGURATION

         name            origin    length      used     unused   attr    fill
----------------------  --------  ---------  --------  --------  ----  --------
  FLASH                 00000000   00040000  0000176a  0003e896  R  X
  SRAM                  20000000   00008000  0000012c  00007ed4  RW X


SEGMENT ALLOCATION MAP

run origin  load origin   length   init length attrs members
----------  ----------- ---------- ----------- ----- -------
00000000    00000000    0000176c   0000176c    r-x
  00000000    00000000    0000026c   0000026c    r-- .intvecs
  0000026c    0000026c    00001318   00001318    r-x .text
  00001584    00001584    000001c2   000001c2    r-- .const
  00001748    00001748    00000024   00000024    r-- .cinit
20000000    20000000    00000100   00000000    rw-
  20000000    20000000    00000100   00000000    rw- .stack
20000100    20000100    0000002c   0000002c    rw-
  20000100    20000100    0000002c   0000002c    rw- .data


SECTION ALLOCATION MAP

 output                                  attributes/
section   page    origin      length       input sections
--------  ----  ----------  ----------   ----------------
.intvecs   0    00000000    0000026c     
                  00000000    0000026c     startup_ccs.obj (.intvecs)

.text      0    0000026c    00001318     
                  0000026c    0000047c     uartstdio.obj (.text)
                  000006e8    000001d8     driverlib-cm4f.lib : sysctl.obj (.text:SysCtlClockGet)
                  000008c0    00000144     newpins.obj (.text)
                  00000a04    0000013c     driverlib-cm4f.lib : sysctl.obj (.text:SysCtlClockSet)
                  00000b40    00000128     ADCSetup.obj (.text)
                  00000c68    000000c8     driverlib-cm4f.lib : gpio.obj (.text:GPIOPadConfigSet)
                  00000d30    0000009c     rtsv7M4_T_le_v4SPD16_eabi.lib : memcpy_t2.obj (.text)
                  00000dcc    00000094                                   : auto_init.obj (.text)
                  00000e60    00000080     PWMSetup.obj (.text)
                  00000ee0    00000078     driverlib-cm4f.lib : sysctl.obj (.text:SysCtlPeripheralPresent)
                  00000f58    0000006c                        : adc.obj (.text:ADCSequenceStepConfigure)
                  00000fc4    00000064                        : interrupt.obj (.text:IntEnable)
                  00001028    00000064     main.obj (.text)
                  0000108c    0000005e     rtsv7M4_T_le_v4SPD16_eabi.lib : copy_decompress_rle.obj (.text)
                  000010ea    00000002     --HOLE-- [fill = 0]
                  000010ec    00000058     driverlib-cm4f.lib : sysctl.obj (.text:SysCtlPeripheralEnable)
                  00001144    0000004c     rtsv7M4_T_le_v4SPD16_eabi.lib : cpy_tbl.obj (.text)
                  00001190    00000048     driverlib-cm4f.lib : gpio.obj (.text:GPIOPinConfigure)
                  000011d8    00000048     ADCSetup.obj (.text:retain)
                  00001220    00000048     rtsv7M4_T_le_v4SPD16_eabi.lib : boot.obj (.text)
                  00001268    00000044                                   : exit.obj (.text)
                  000012ac    00000042     driverlib-cm4f.lib : uart.obj (.text:UARTConfigSetExpClk)
                  000012ee    00000042     rtsv7M4_T_le_v4SPD16_eabi.lib : u_divt2.obj (.text)
                  00001330    0000002e     driverlib-cm4f.lib : gpio.obj (.text:GPIODirModeSet)
                  0000135e    0000002a                        : adc.obj (.text:ADCSequenceConfigure)
                  00001388    00000028                        : timer.obj (.text:TimerConfigure)
                  000013b0    00000020                        : adc.obj (.text:ADCSequenceDataGet)
                  000013d0    00000020                        : sysctl.obj (.text:SysCtlADCSpeedSet)
                  000013f0    0000001c                        : uart.obj (.text:UARTDisable)
                  0000140c    00000018                        : timer.obj (.text:TimerControlTrigger)
                  00001424    00000018     rtsv7M4_T_le_v4SPD16_eabi.lib : _lock.obj (.text)
                  0000143c    00000018                                   : args_main.obj (.text)
                  00001454    00000014     driverlib-cm4f.lib : uart.obj (.text:UARTEnable)
                  00001468    00000012                        : adc.obj (.text:ADCHardwareOversampleConfigure)
                  0000147a    00000012                        : gpio.obj (.text:GPIOPinTypeADC)
                  0000148c    00000012                        : gpio.obj (.text:GPIOPinTypeGPIOOutput)
                  0000149e    00000012                        : gpio.obj (.text:GPIOPinTypeTimer)
                  000014b0    00000012                        : gpio.obj (.text:GPIOPinTypeUART)
                  000014c2    00000012                        : timer.obj (.text:TimerLoadSet)
                  000014d4    00000012                        : timer.obj (.text:TimerMatchSet)
                  000014e6    00000010                        : adc.obj (.text:ADCIntEnable)
                  000014f6    0000000e                        : adc.obj (.text:ADCSequenceDisable)
                  00001504    0000000e                        : adc.obj (.text:ADCSequenceEnable)
                  00001512    0000000e                        : timer.obj (.text:TimerEnable)
                  00001520    0000000e     rtsv7M4_T_le_v4SPD16_eabi.lib : copy_decompress_none.obj (.text:decompress:none)
                  0000152e    0000000c     driverlib-cm4f.lib : cpu.obj (.text:CPUcpsie)
                  0000153a    0000000c     startup_ccs.obj (.text)
                  00001546    0000000a     driverlib-cm4f.lib : adc.obj (.text:ADCIntClear)
                  00001550    0000000a                        : gpio.obj (.text:GPIOPinWrite)
                  0000155a    0000000a                        : interrupt.obj (.text:IntMasterEnable)
                  00001564    0000000a                        : uart.obj (.text:UARTCharGet)
                  0000156e    0000000a                        : uart.obj (.text:UARTCharPut)
                  00001578    00000006                        : sysctl.obj (.text:SysCtlDelay)
                  0000157e    00000006     rtsv7M4_T_le_v4SPD16_eabi.lib : copy_decompress_rle.obj (.text:decompress:rle24)

.const     0    00001584    000001c2     
                  00001584    00000078     driverlib-cm4f.lib : gpio.obj (.const:g_pulGPIOBaseAddrs)
                  000015fc    00000070                        : interrupt.obj (.const)
                  0000166c    0000006c                        : sysctl.obj (.const:g_pulXtals)
                  000016d8    00000040                        : sysctl.obj (.const)
                  00001718    0000001c     uartstdio.obj (.const)
                  00001734    00000012     uartstdio.obj (.const:.string)

.cinit     0    00001748    00000024     
                  00001748    00000012     (.cinit..data.load) [load image, compression = rle]
                  0000175a    00000002     --HOLE-- [fill = 0]
                  0000175c    00000008     (__TI_handler_table)
                  00001764    00000008     (__TI_cinit_table)

.stack     0    20000000    00000100     UNINITIALIZED
                  20000000    00000100     --HOLE--

.data      0    20000100    0000002c     
                  20000100    00000010     main.obj (.data)
                  20000110    00000008     rtsv7M4_T_le_v4SPD16_eabi.lib : _lock.obj (.data)
                  20000118    00000008                                   : exit.obj (.data)
                  20000120    00000005     uartstdio.obj (.data)
                  20000125    00000003     --HOLE--
                  20000128    00000004     rtsv7M4_T_le_v4SPD16_eabi.lib : stkdepth_vars.obj (.data)


LINKER GENERATED COPY TABLES

__TI_cinit_table @ 00001764 records: 1, size/record: 8, table size: 8
	.data: load addr=00001748, load size=00000012 bytes, run addr=20000100, run size=0000002c bytes, compression=rle


LINKER GENERATED HANDLER TABLE

__TI_handler_table @ 0000175c records: 2, size/record: 4, table size: 8
	index: 0, handler: __TI_decompress_rle24
	index: 1, handler: __TI_decompress_none


GLOBAL SYMBOLS: SORTED ALPHABETICALLY BY Name 

address    name
--------   ----
000011d9   ADC0IntHandler
000011f5   ADC1IntHandler
00001469   ADCHardwareOversampleConfigure
00001547   ADCIntClear
000014e7   ADCIntEnable
0000135f   ADCSequenceConfigure
000013b1   ADCSequenceDataGet
000014f7   ADCSequenceDisable
00001505   ADCSequenceEnable
00000f59   ADCSequenceStepConfigure
00000b41   ADCSetup
00001269   C$$EXIT
0000152f   CPUcpsie
00001331   GPIODirModeSet
00000c69   GPIOPadConfigSet
00001191   GPIOPinConfigure
0000147b   GPIOPinTypeADC
0000148d   GPIOPinTypeGPIOOutput
0000149f   GPIOPinTypeTimer
000014b1   GPIOPinTypeUART
00001551   GPIOPinWrite
00000fc5   IntEnable
0000155b   IntMasterEnable
000008c1   PortFunctionInit
0000153b   ResetISR
UNDEFED    SHT$$INIT_ARRAY$$Base
UNDEFED    SHT$$INIT_ARRAY$$Limit
000013d1   SysCtlADCSpeedSet
000006e9   SysCtlClockGet
00000a05   SysCtlClockSet
00001579   SysCtlDelay
000010ed   SysCtlPeripheralEnable
00000ee1   SysCtlPeripheralPresent
00001389   TimerConfigure
0000140d   TimerControlTrigger
00001513   TimerEnable
000014c3   TimerLoadSet
000014d5   TimerMatchSet
00001565   UARTCharGet
0000156f   UARTCharPut
000012ad   UARTConfigSetExpClk
000013f1   UARTDisable
00001455   UARTEnable
0000026d   UARTStdioConfig
000002b3   UARTStdioInit
000002c9   UARTStdioInitExpClk
000003dd   UARTgetc
00000325   UARTgets
00000405   UARTprintf
000002df   UARTwrite
20000100   __STACK_END
00000100   __STACK_SIZE
20000100   __STACK_TOP
00001764   __TI_CINIT_Base
0000176c   __TI_CINIT_Limit
0000175c   __TI_Handler_Table_Base
00001764   __TI_Handler_Table_Limit
00000001   __TI_args_main
00000dcd   __TI_auto_init
00001521   __TI_decompress_none
0000157f   __TI_decompress_rle24
00000000   __TI_static_base__
00000d31   __aeabi_memcpy
00000d31   __aeabi_memcpy4
00000d31   __aeabi_memcpy8
000012ef   __aeabi_uidivmod
ffffffff   __binit__
ffffffff   __c_args__
20000000   __stack
0000143d   _args_main
00001221   _c_int00
20000118   _cleanup_ptr
2000011c   _dtors_ptr
20000110   _lock
00001431   _nop
0000142b   _register_lock
00001425   _register_unlock
20000114   _unlock
0000126d   abort
ffffffff   binit
00001145   copy_in
20000108   dutyCycle
00001275   exit
00000000   g_pfnVectors
00001029   main
20000128   main_func_sp
00000d31   memcpy
2000010c   pwmPeriod
00000ead   pwmSetDuty
00000e61   pwmSetup
20000100   ulCurrent
20000104   ulLVDT


GLOBAL SYMBOLS: SORTED BY Symbol Address 

address    name
--------   ----
00000000   __TI_static_base__
00000000   g_pfnVectors
00000001   __TI_args_main
00000100   __STACK_SIZE
0000026d   UARTStdioConfig
000002b3   UARTStdioInit
000002c9   UARTStdioInitExpClk
000002df   UARTwrite
00000325   UARTgets
000003dd   UARTgetc
00000405   UARTprintf
000006e9   SysCtlClockGet
000008c1   PortFunctionInit
00000a05   SysCtlClockSet
00000b41   ADCSetup
00000c69   GPIOPadConfigSet
00000d31   __aeabi_memcpy
00000d31   __aeabi_memcpy4
00000d31   __aeabi_memcpy8
00000d31   memcpy
00000dcd   __TI_auto_init
00000e61   pwmSetup
00000ead   pwmSetDuty
00000ee1   SysCtlPeripheralPresent
00000f59   ADCSequenceStepConfigure
00000fc5   IntEnable
00001029   main
000010ed   SysCtlPeripheralEnable
00001145   copy_in
00001191   GPIOPinConfigure
000011d9   ADC0IntHandler
000011f5   ADC1IntHandler
00001221   _c_int00
00001269   C$$EXIT
0000126d   abort
00001275   exit
000012ad   UARTConfigSetExpClk
000012ef   __aeabi_uidivmod
00001331   GPIODirModeSet
0000135f   ADCSequenceConfigure
00001389   TimerConfigure
000013b1   ADCSequenceDataGet
000013d1   SysCtlADCSpeedSet
000013f1   UARTDisable
0000140d   TimerControlTrigger
00001425   _register_unlock
0000142b   _register_lock
00001431   _nop
0000143d   _args_main
00001455   UARTEnable
00001469   ADCHardwareOversampleConfigure
0000147b   GPIOPinTypeADC
0000148d   GPIOPinTypeGPIOOutput
0000149f   GPIOPinTypeTimer
000014b1   GPIOPinTypeUART
000014c3   TimerLoadSet
000014d5   TimerMatchSet
000014e7   ADCIntEnable
000014f7   ADCSequenceDisable
00001505   ADCSequenceEnable
00001513   TimerEnable
00001521   __TI_decompress_none
0000152f   CPUcpsie
0000153b   ResetISR
00001547   ADCIntClear
00001551   GPIOPinWrite
0000155b   IntMasterEnable
00001565   UARTCharGet
0000156f   UARTCharPut
00001579   SysCtlDelay
0000157f   __TI_decompress_rle24
0000175c   __TI_Handler_Table_Base
00001764   __TI_CINIT_Base
00001764   __TI_Handler_Table_Limit
0000176c   __TI_CINIT_Limit
20000000   __stack
20000100   __STACK_END
20000100   __STACK_TOP
20000100   ulCurrent
20000104   ulLVDT
20000108   dutyCycle
2000010c   pwmPeriod
20000110   _lock
20000114   _unlock
20000118   _cleanup_ptr
2000011c   _dtors_ptr
20000128   main_func_sp
ffffffff   __binit__
ffffffff   __c_args__
ffffffff   binit
UNDEFED    SHT$$INIT_ARRAY$$Base
UNDEFED    SHT$$INIT_ARRAY$$Limit

[92 symbols]
