******************************************************************************
                  TMS470 Linker PC v4.9.7                      
******************************************************************************
>> Linked Tue Apr 16 15:26:54 2013

OUTPUT FILE NAME:   <Combined.out>
ENTRY POINT SYMBOL: "_c_int00"  address: 00001269


MEMORY CONFIGURATION

         name            origin    length      used     unused   attr    fill
----------------------  --------  ---------  --------  --------  ----  --------
  FLASH                 00000000   00040000  00001798  0003e868  R  X
  SRAM                  20000000   00008000  0000012c  00007ed4  RW X


SEGMENT ALLOCATION MAP

run origin  load origin   length   init length attrs members
----------  ----------- ---------- ----------- ----- -------
00000000    00000000    0000179c   0000179c    r-x
  00000000    00000000    0000026c   0000026c    r-- .intvecs
  0000026c    0000026c    00001346   00001346    r-x .text
  000015b4    000015b4    000001c2   000001c2    r-- .const
  00001778    00001778    00000024   00000024    r-- .cinit
20000000    20000000    00000100   00000000    rw-
  20000000    20000000    00000100   00000000    rw- .stack
20000100    20000100    0000002c   0000002c    rw-
  20000100    20000100    0000002c   0000002c    rw- .data


SECTION ALLOCATION MAP

 output                                  attributes/
section   page    origin      length       input sections
--------  ----  ----------  ----------   ----------------
.intvecs   0    00000000    0000026c     
                  00000000    0000026c     startup_ccs.obj (.intvecs)

.text      0    0000026c    00001346     
                  0000026c    0000047c     uartstdio.obj (.text)
                  000006e8    000001d8     driverlib-cm4f.lib : sysctl.obj (.text:SysCtlClockGet)
                  000008c0    00000144     newpins.obj (.text)
                  00000a04    0000013c     driverlib-cm4f.lib : sysctl.obj (.text:SysCtlClockSet)
                  00000b40    00000114     ADCSetup.obj (.text)
                  00000c54    000000c8     driverlib-cm4f.lib : gpio.obj (.text:GPIOPadConfigSet)
                  00000d1c    000000b4     PWMSetup.obj (.text)
                  00000dd0    0000009c     rtsv7M4_T_le_v4SPD16_eabi.lib : memcpy_t2.obj (.text)
                  00000e6c    00000094                                   : auto_init.obj (.text)
                  00000f00    0000008c     main.obj (.text)
                  00000f8c    00000078     driverlib-cm4f.lib : sysctl.obj (.text:SysCtlPeripheralPresent)
                  00001004    0000006c                        : adc.obj (.text:ADCSequenceStepConfigure)
                  00001070    00000064                        : interrupt.obj (.text:IntEnable)
                  000010d4    0000005e     rtsv7M4_T_le_v4SPD16_eabi.lib : copy_decompress_rle.obj (.text)
                  00001132    00000002     PID.obj (.text:retain)
                  00001134    00000058     driverlib-cm4f.lib : sysctl.obj (.text:SysCtlPeripheralEnable)
                  0000118c    0000004c     rtsv7M4_T_le_v4SPD16_eabi.lib : cpy_tbl.obj (.text)
                  000011d8    00000048     driverlib-cm4f.lib : gpio.obj (.text:GPIOPinConfigure)
                  00001220    00000048     ADCSetup.obj (.text:retain)
                  00001268    00000048     rtsv7M4_T_le_v4SPD16_eabi.lib : boot.obj (.text)
                  000012b0    00000044                                   : exit.obj (.text)
                  000012f4    00000042     driverlib-cm4f.lib : uart.obj (.text:UARTConfigSetExpClk)
                  00001336    00000042     rtsv7M4_T_le_v4SPD16_eabi.lib : u_divt2.obj (.text)
                  00001378    0000002e     driverlib-cm4f.lib : gpio.obj (.text:GPIODirModeSet)
                  000013a6    0000002a                        : adc.obj (.text:ADCSequenceConfigure)
                  000013d0    00000028                        : timer.obj (.text:TimerConfigure)
                  000013f8    00000020                        : adc.obj (.text:ADCSequenceDataGet)
                  00001418    00000020                        : sysctl.obj (.text:SysCtlADCSpeedSet)
                  00001438    0000001c                        : uart.obj (.text:UARTDisable)
                  00001454    00000018                        : timer.obj (.text:TimerControlTrigger)
                  0000146c    00000018     rtsv7M4_T_le_v4SPD16_eabi.lib : _lock.obj (.text)
                  00001484    00000018                                   : args_main.obj (.text)
                  0000149c    00000014     driverlib-cm4f.lib : uart.obj (.text:UARTEnable)
                  000014b0    00000012                        : gpio.obj (.text:GPIOPinTypeADC)
                  000014c2    00000012                        : gpio.obj (.text:GPIOPinTypeTimer)
                  000014d4    00000012                        : gpio.obj (.text:GPIOPinTypeUART)
                  000014e6    00000012                        : timer.obj (.text:TimerLoadSet)
                  000014f8    00000012                        : timer.obj (.text:TimerMatchSet)
                  0000150a    00000010                        : adc.obj (.text:ADCIntEnable)
                  0000151a    0000000e                        : adc.obj (.text:ADCSequenceDisable)
                  00001528    0000000e                        : adc.obj (.text:ADCSequenceEnable)
                  00001536    0000000e                        : timer.obj (.text:TimerEnable)
                  00001544    0000000e     rtsv7M4_T_le_v4SPD16_eabi.lib : copy_decompress_none.obj (.text:decompress:none)
                  00001552    0000000c     driverlib-cm4f.lib : cpu.obj (.text:CPUcpsie)
                  0000155e    0000000c     startup_ccs.obj (.text)
                  0000156a    0000000a     driverlib-cm4f.lib : adc.obj (.text:ADCIntClear)
                  00001574    0000000a                        : gpio.obj (.text:GPIOPinWrite)
                  0000157e    0000000a                        : interrupt.obj (.text:IntMasterEnable)
                  00001588    0000000a                        : uart.obj (.text:UARTCharGet)
                  00001592    0000000a                        : uart.obj (.text:UARTCharPut)
                  0000159c    0000000a                        : uart.obj (.text:UARTFIFOEnable)
                  000015a6    00000006                        : sysctl.obj (.text:SysCtlDelay)
                  000015ac    00000006     rtsv7M4_T_le_v4SPD16_eabi.lib : copy_decompress_rle.obj (.text:decompress:rle24)

.const     0    000015b4    000001c2     
                  000015b4    00000078     driverlib-cm4f.lib : gpio.obj (.const:g_pulGPIOBaseAddrs)
                  0000162c    00000070                        : interrupt.obj (.const)
                  0000169c    0000006c                        : sysctl.obj (.const:g_pulXtals)
                  00001708    00000040                        : sysctl.obj (.const)
                  00001748    0000001c     uartstdio.obj (.const)
                  00001764    00000012     uartstdio.obj (.const:.string)

.cinit     0    00001778    00000024     
                  00001778    00000012     (.cinit..data.load) [load image, compression = rle]
                  0000178a    00000002     --HOLE-- [fill = 0]
                  0000178c    00000008     (__TI_handler_table)
                  00001794    00000008     (__TI_cinit_table)

.stack     0    20000000    00000100     UNINITIALIZED
                  20000000    00000100     --HOLE--

.data      0    20000100    0000002c     
                  20000100    00000010     main.obj (.data)
                  20000110    00000008     rtsv7M4_T_le_v4SPD16_eabi.lib : _lock.obj (.data)
                  20000118    00000008                                   : exit.obj (.data)
                  20000120    00000005     uartstdio.obj (.data)
                  20000125    00000003     --HOLE--
                  20000128    00000004     rtsv7M4_T_le_v4SPD16_eabi.lib : stkdepth_vars.obj (.data)


LINKER GENERATED COPY TABLES

__TI_cinit_table @ 00001794 records: 1, size/record: 8, table size: 8
	.data: load addr=00001778, load size=00000012 bytes, run addr=20000100, run size=0000002c bytes, compression=rle


LINKER GENERATED HANDLER TABLE

__TI_handler_table @ 0000178c records: 2, size/record: 4, table size: 8
	index: 0, handler: __TI_decompress_rle24
	index: 1, handler: __TI_decompress_none


GLOBAL SYMBOLS: SORTED ALPHABETICALLY BY Name 

address    name
--------   ----
00001221   ADC0IntHandler
0000123d   ADC1IntHandler
0000156b   ADCIntClear
0000150b   ADCIntEnable
000013a7   ADCSequenceConfigure
000013f9   ADCSequenceDataGet
0000151b   ADCSequenceDisable
00001529   ADCSequenceEnable
00001005   ADCSequenceStepConfigure
00000b41   ADCSetup
000012b1   C$$EXIT
00001553   CPUcpsie
00001379   GPIODirModeSet
00000c55   GPIOPadConfigSet
000011d9   GPIOPinConfigure
000014b1   GPIOPinTypeADC
000014c3   GPIOPinTypeTimer
000014d5   GPIOPinTypeUART
00001575   GPIOPinWrite
00001071   IntEnable
0000157f   IntMasterEnable
00001133   PID1IntHandler
000008c1   PortFunctionInit
0000155f   ResetISR
UNDEFED    SHT$$INIT_ARRAY$$Base
UNDEFED    SHT$$INIT_ARRAY$$Limit
00001419   SysCtlADCSpeedSet
000006e9   SysCtlClockGet
00000a05   SysCtlClockSet
000015a7   SysCtlDelay
00001135   SysCtlPeripheralEnable
00000f8d   SysCtlPeripheralPresent
000013d1   TimerConfigure
00001455   TimerControlTrigger
00001537   TimerEnable
000014e7   TimerLoadSet
000014f9   TimerMatchSet
00001589   UARTCharGet
00001593   UARTCharPut
000012f5   UARTConfigSetExpClk
00001439   UARTDisable
0000149d   UARTEnable
0000159d   UARTFIFOEnable
0000026d   UARTStdioConfig
000002b3   UARTStdioInit
000002c9   UARTStdioInitExpClk
000003dd   UARTgetc
00000325   UARTgets
00000405   UARTprintf
000002df   UARTwrite
20000100   __STACK_END
00000100   __STACK_SIZE
20000100   __STACK_TOP
00001794   __TI_CINIT_Base
0000179c   __TI_CINIT_Limit
0000178c   __TI_Handler_Table_Base
00001794   __TI_Handler_Table_Limit
00000001   __TI_args_main
00000e6d   __TI_auto_init
00001545   __TI_decompress_none
000015ad   __TI_decompress_rle24
00000000   __TI_static_base__
00000dd1   __aeabi_memcpy
00000dd1   __aeabi_memcpy4
00000dd1   __aeabi_memcpy8
00001337   __aeabi_uidivmod
ffffffff   __binit__
ffffffff   __c_args__
20000000   __stack
00001485   _args_main
00001269   _c_int00
20000118   _cleanup_ptr
2000011c   _dtors_ptr
20000110   _lock
00001479   _nop
00001473   _register_lock
0000146d   _register_unlock
20000114   _unlock
000012b5   abort
ffffffff   binit
0000118d   copy_in
20000108   dutyCycle
000012bd   exit
00000000   g_pfnVectors
00000f01   main
20000128   main_func_sp
00000dd1   memcpy
2000010c   pwmPeriod
00000d57   pwmSetDuty
00000d1d   pwmSetup
20000100   ulCurrent
20000104   ulLVDT


GLOBAL SYMBOLS: SORTED BY Symbol Address 

address    name
--------   ----
00000000   __TI_static_base__
00000000   g_pfnVectors
00000001   __TI_args_main
00000100   __STACK_SIZE
0000026d   UARTStdioConfig
000002b3   UARTStdioInit
000002c9   UARTStdioInitExpClk
000002df   UARTwrite
00000325   UARTgets
000003dd   UARTgetc
00000405   UARTprintf
000006e9   SysCtlClockGet
000008c1   PortFunctionInit
00000a05   SysCtlClockSet
00000b41   ADCSetup
00000c55   GPIOPadConfigSet
00000d1d   pwmSetup
00000d57   pwmSetDuty
00000dd1   __aeabi_memcpy
00000dd1   __aeabi_memcpy4
00000dd1   __aeabi_memcpy8
00000dd1   memcpy
00000e6d   __TI_auto_init
00000f01   main
00000f8d   SysCtlPeripheralPresent
00001005   ADCSequenceStepConfigure
00001071   IntEnable
00001133   PID1IntHandler
00001135   SysCtlPeripheralEnable
0000118d   copy_in
000011d9   GPIOPinConfigure
00001221   ADC0IntHandler
0000123d   ADC1IntHandler
00001269   _c_int00
000012b1   C$$EXIT
000012b5   abort
000012bd   exit
000012f5   UARTConfigSetExpClk
00001337   __aeabi_uidivmod
00001379   GPIODirModeSet
000013a7   ADCSequenceConfigure
000013d1   TimerConfigure
000013f9   ADCSequenceDataGet
00001419   SysCtlADCSpeedSet
00001439   UARTDisable
00001455   TimerControlTrigger
0000146d   _register_unlock
00001473   _register_lock
00001479   _nop
00001485   _args_main
0000149d   UARTEnable
000014b1   GPIOPinTypeADC
000014c3   GPIOPinTypeTimer
000014d5   GPIOPinTypeUART
000014e7   TimerLoadSet
000014f9   TimerMatchSet
0000150b   ADCIntEnable
0000151b   ADCSequenceDisable
00001529   ADCSequenceEnable
00001537   TimerEnable
00001545   __TI_decompress_none
00001553   CPUcpsie
0000155f   ResetISR
0000156b   ADCIntClear
00001575   GPIOPinWrite
0000157f   IntMasterEnable
00001589   UARTCharGet
00001593   UARTCharPut
0000159d   UARTFIFOEnable
000015a7   SysCtlDelay
000015ad   __TI_decompress_rle24
0000178c   __TI_Handler_Table_Base
00001794   __TI_CINIT_Base
00001794   __TI_Handler_Table_Limit
0000179c   __TI_CINIT_Limit
20000000   __stack
20000100   __STACK_END
20000100   __STACK_TOP
20000100   ulCurrent
20000104   ulLVDT
20000108   dutyCycle
2000010c   pwmPeriod
20000110   _lock
20000114   _unlock
20000118   _cleanup_ptr
2000011c   _dtors_ptr
20000128   main_func_sp
ffffffff   __binit__
ffffffff   __c_args__
ffffffff   binit
UNDEFED    SHT$$INIT_ARRAY$$Base
UNDEFED    SHT$$INIT_ARRAY$$Limit

[92 symbols]
