******************************************************************************
                  TMS470 Linker PC v4.9.7                      
******************************************************************************
>> Linked Wed May 22 16:47:48 2013

OUTPUT FILE NAME:   <Combined.out>
ENTRY POINT SYMBOL: "_c_int00"  address: 000031f9


MEMORY CONFIGURATION

         name            origin    length      used     unused   attr    fill
----------------------  --------  ---------  --------  --------  ----  --------
  FLASH                 00000000   00040000  00003c46  0003c3ba  R  X
  SRAM                  20000000   00008000  0000083c  000077c4  RW X


SEGMENT ALLOCATION MAP

run origin  load origin   length   init length attrs members
----------  ----------- ---------- ----------- ----- -------
00000000    00000000    00003c48   00003c48    r-x
  00000000    00000000    0000026c   0000026c    r-- .intvecs
  0000026c    0000026c    00003572   00003572    r-x .text
  000037e0    000037e0    000003b0   000003b0    r-- .const
  00003b90    00003b90    000000b8   000000b8    r-- .cinit
20000000    20000000    00000550   00000000    rw-
  20000000    20000000    00000550   00000000    rw- .bss
20000550    20000550    000002ec   000001ec    rw-
  20000550    20000550    000001ec   000001ec    rw- .data
  2000073c    2000073c    00000100   00000000    rw- .stack


SECTION ALLOCATION MAP

 output                                  attributes/
section   page    origin      length       input sections
--------  ----  ----------  ----------   ----------------
.intvecs   0    00000000    0000026c     
                  00000000    0000026c     startup_ccs.obj (.intvecs)

.text      0    0000026c    00003572     
                  0000026c    00000a18     ustdlib.obj (.text)
                  00000c84    00000848     uartstdio.obj (.text)
                  000014cc    000002c4     rtsv7M4_T_le_v4SPD16_eabi.lib : xsin.obj (.text)
                  00001790    00000298     PID.obj (.text:retain)
                  00001a28    000001d8     driverlib-cm4f.lib : sysctl.obj (.text:SysCtlClockGet)
                  00001c00    000001b6     rtsv7M4_T_le_v4SPD16_eabi.lib : fd_add_t2.obj (.text)
                  00001db6    00000002     accel.obj (.text:retain)
                  00001db8    0000017c     rtsv7M4_T_le_v4SPD16_eabi.lib : fmod.obj (.text)
                  00001f34    00000148     app_commands.obj (.text)
                  0000207c    00000144     newpins.obj (.text)
                  000021c0    0000013c     driverlib-cm4f.lib : sysctl.obj (.text:SysCtlClockSet)
                  000022fc    00000138     main.obj (.text)
                  00002434    00000136     rtsv7M4_T_le_v4SPD16_eabi.lib : fd_div_t2.obj (.text)
                  0000256a    00000002     --HOLE-- [fill = 0]
                  0000256c    00000134     ADCSetup.obj (.text)
                  000026a0    00000114     PID.obj (.text)
                  000027b4    00000108     rtsv7M4_T_le_v4SPD16_eabi.lib : xdscale.obj (.text)
                  000028bc    000000fc                                   : fd_mul_t2.obj (.text)
                  000029b8    000000dc     PWMSetup.obj (.text)
                  00002a94    000000c8     driverlib-cm4f.lib : gpio.obj (.text:GPIOPadConfigSet)
                  00002b5c    000000be     rtsv7M4_T_le_v4SPD16_eabi.lib : xdnorm.obj (.text)
                  00002c1a    00000002     --HOLE-- [fill = 0]
                  00002c1c    000000a0     cmdline.obj (.text)
                  00002cbc    0000009c     rtsv7M4_T_le_v4SPD16_eabi.lib : memcpy_t2.obj (.text)
                  00002d58    00000094                                   : auto_init.obj (.text)
                  00002dec    0000007e                                   : fd_cmp_t2.obj (.text)
                  00002e6a    00000002     --HOLE-- [fill = 0]
                  00002e6c    00000078     driverlib-cm4f.lib : sysctl.obj (.text:SysCtlPeripheralPresent)
                  00002ee4    0000006c                        : adc.obj (.text:ADCSequenceStepConfigure)
                  00002f50    00000064                        : interrupt.obj (.text:IntDisable)
                  00002fb4    00000064                        : interrupt.obj (.text:IntEnable)
                  00003018    0000005e     rtsv7M4_T_le_v4SPD16_eabi.lib : copy_decompress_rle.obj (.text)
                  00003076    00000002     --HOLE-- [fill = 0]
                  00003078    00000058     driverlib-cm4f.lib : sysctl.obj (.text:SysCtlPeripheralEnable)
                  000030d0    0000004c     rtsv7M4_T_le_v4SPD16_eabi.lib : cpy_tbl.obj (.text)
                  0000311c    0000004a                                   : fd_tos_t2.obj (.text)
                  00003166    00000002     --HOLE-- [fill = 0]
                  00003168    00000048     driverlib-cm4f.lib : gpio.obj (.text:GPIOPinConfigure)
                  000031b0    00000048     ADCSetup.obj (.text:retain)
                  000031f8    00000048     rtsv7M4_T_le_v4SPD16_eabi.lib : boot.obj (.text)
                  00003240    00000048                                   : fd_toi_t2.obj (.text)
                  00003288    00000044                                   : exit.obj (.text)
                  000032cc    00000044                                   : xdtest.obj (.text)
                  00003310    00000042     driverlib-cm4f.lib : uart.obj (.text:UARTConfigSetExpClk)
                  00003352    00000042     rtsv7M4_T_le_v4SPD16_eabi.lib : u_divt2.obj (.text)
                  00003394    00000040                                   : signal.obj (.text)
                  000033d4    00000034                                   : feraiseexcept.obj (.text)
                  00003408    00000030                                   : xferaise.obj (.text)
                  00003438    0000002e     driverlib-cm4f.lib : gpio.obj (.text:GPIODirModeSet)
                  00003466    0000002e     rtsv7M4_T_le_v4SPD16_eabi.lib : i_tofd_t2.obj (.text)
                  00003494    0000002e                                   : raise.obj (.text)
                  000034c2    0000002a     driverlib-cm4f.lib : adc.obj (.text:ADCSequenceConfigure)
                  000034ec    00000028                        : timer.obj (.text:TimerConfigure)
                  00003514    00000024                        : interrupt.obj (.text:IntPrioritySet)
                  00003538    00000020                        : adc.obj (.text:ADCSequenceDataGet)
                  00003558    00000020                        : sysctl.obj (.text:SysCtlADCSpeedSet)
                  00003578    00000020     rtsv7M4_T_le_v4SPD16_eabi.lib : u_tofd_t2.obj (.text)
                  00003598    0000001c     driverlib-cm4f.lib : uart.obj (.text:UARTDisable)
                  000035b4    0000001a     rtsv7M4_T_le_v4SPD16_eabi.lib : sin.obj (.text)
                  000035ce    00000018     driverlib-cm4f.lib : timer.obj (.text:TimerControlTrigger)
                  000035e6    00000002     --HOLE-- [fill = 0]
                  000035e8    00000018     rtsv7M4_T_le_v4SPD16_eabi.lib : _lock.obj (.text)
                  00003600    00000018                                   : args_main.obj (.text)
                  00003618    00000018                                   : strcmp.obj (.text)
                  00003630    00000014     driverlib-cm4f.lib : uart.obj (.text:UARTEnable)
                  00003644    00000012                        : adc.obj (.text:ADCHardwareOversampleConfigure)
                  00003656    00000012                        : gpio.obj (.text:GPIOPinTypeADC)
                  00003668    00000012                        : gpio.obj (.text:GPIOPinTypeGPIOOutput)
                  0000367a    00000012                        : gpio.obj (.text:GPIOPinTypeTimer)
                  0000368c    00000012                        : gpio.obj (.text:GPIOPinTypeUART)
                  0000369e    00000012                        : timer.obj (.text:TimerLoadSet)
                  000036b0    00000012                        : timer.obj (.text:TimerMatchSet)
                  000036c2    00000012     rtsv7M4_T_le_v4SPD16_eabi.lib : copy_zero_init.obj (.text:decompress:ZI)
                  000036d4    00000010     driverlib-cm4f.lib : adc.obj (.text:ADCIntEnable)
                  000036e4    00000010                        : uart.obj (.text:UARTCharGetNonBlocking)
                  000036f4    00000010                        : uart.obj (.text:UARTCharPutNonBlocking)
                  00003704    0000000e                        : adc.obj (.text:ADCSequenceDisable)
                  00003712    0000000e                        : adc.obj (.text:ADCSequenceEnable)
                  00003720    0000000e                        : timer.obj (.text:TimerEnable)
                  0000372e    0000000e     rtsv7M4_T_le_v4SPD16_eabi.lib : copy_decompress_none.obj (.text:decompress:none)
                  0000373c    0000000c     driverlib-cm4f.lib : cpu.obj (.text:CPUcpsid)
                  00003748    0000000c                        : cpu.obj (.text:CPUcpsie)
                  00003754    0000000c                        : uart.obj (.text:UARTCharsAvail)
                  00003760    0000000c                        : uart.obj (.text:UARTSpaceAvail)
                  0000376c    0000000c     startup_ccs.obj (.text)
                  00003778    0000000a     driverlib-cm4f.lib : adc.obj (.text:ADCIntClear)
                  00003782    0000000a                        : gpio.obj (.text:GPIOPinWrite)
                  0000378c    0000000a                        : interrupt.obj (.text:IntMasterDisable)
                  00003796    0000000a                        : interrupt.obj (.text:IntMasterEnable)
                  000037a0    0000000a                        : uart.obj (.text:UARTIntDisable)
                  000037aa    0000000a                        : uart.obj (.text:UARTIntStatus)
                  000037b4    00000008                        : timer.obj (.text:TimerIntEnable)
                  000037bc    00000008                        : uart.obj (.text:UARTIntEnable)
                  000037c4    00000006                        : sysctl.obj (.text:SysCtlDelay)
                  000037ca    00000006                        : uart.obj (.text:UARTFIFOLevelSet)
                  000037d0    00000006     rtsv7M4_T_le_v4SPD16_eabi.lib : copy_decompress_rle.obj (.text:decompress:rle24)
                  000037d6    00000004     driverlib-cm4f.lib : timer.obj (.text:TimerIntClear)
                  000037da    00000004                        : uart.obj (.text:UARTIntClear)

.const     0    000037e0    000003b0     
                  000037e0    000000ae     app_commands.obj (.const:.string)
                  0000388e    00000002     --HOLE-- [fill = 0]
                  00003890    0000009c     driverlib-cm4f.lib : interrupt.obj (.const:g_pulRegs)
                  0000392c    00000078                        : gpio.obj (.const:g_pulGPIOBaseAddrs)
                  000039a4    00000070                        : interrupt.obj (.const)
                  00003a14    0000006c                        : sysctl.obj (.const:g_pulXtals)
                  00003a80    00000040                        : sysctl.obj (.const)
                  00003ac0    00000030     rtsv7M4_T_le_v4SPD16_eabi.lib : xsin.obj (.const:c)
                  00003af0    00000030                                   : xsin.obj (.const:s)
                  00003b20    00000028     uartstdio.obj (.const)
                  00003b48    0000001c     ustdlib.obj (.const)
                  00003b64    00000012     uartstdio.obj (.const:.string)
                  00003b76    00000002     --HOLE-- [fill = 0]
                  00003b78    00000012     ustdlib.obj (.const:.string)
                  00003b8a    00000002     --HOLE-- [fill = 0]
                  00003b8c    00000004     app_commands.obj (.const)

.cinit     0    00003b90    000000b8     
                  00003b90    0000008d     (.cinit..data.load) [load image, compression = rle]
                  00003c1d    00000003     --HOLE-- [fill = 0]
                  00003c20    0000000c     (__TI_handler_table)
                  00003c2c    00000004     --HOLE-- [fill = 0]
                  00003c30    00000008     (.cinit..bss.load) [load image, compression = zero_init]
                  00003c38    00000010     (__TI_cinit_table)

.bss       0    20000000    00000550     UNINITIALIZED
                  20000000    00000400     uartstdio.obj (.bss:g_pcUARTTxBuffer)
                  20000400    00000080     main.obj (.bss:g_cInput)
                  20000480    00000080     uartstdio.obj (.bss:g_pcUARTRxBuffer)
                  20000500    00000024     PID.obj (.bss:LVDTController)
                  20000524    00000024     cmdline.obj (.bss:argv$1)
                  20000548    00000008     uartstdio.obj (.bss)

.data      0    20000550    000001ec     
                  20000550    000000b0     rtsv7M4_T_le_v4SPD16_eabi.lib : signal.obj (.data:sigtable)
                  20000600    00000080                                   : xvalues.obj (.data)
                  20000680    00000048     app_commands.obj (.data:g_sCmdTable)
                  200006c8    00000020     PID.obj (.data)
                  200006e8    00000018     main.obj (.data)
                  20000700    00000015     uartstdio.obj (.data)
                  20000715    00000003     --HOLE--
                  20000718    00000008     rtsv7M4_T_le_v4SPD16_eabi.lib : _lock.obj (.data)
                  20000720    00000008                                   : exit.obj (.data)
                  20000728    00000008                                   : feraiseexcept.obj (.data)
                  20000730    00000004                                   : errno.obj (.data)
                  20000734    00000004                                   : stkdepth_vars.obj (.data)
                  20000738    00000004     ustdlib.obj (.data)

.stack     0    2000073c    00000100     UNINITIALIZED
                  2000073c    00000100     --HOLE--


LINKER GENERATED COPY TABLES

__TI_cinit_table @ 00003c38 records: 2, size/record: 8, table size: 16
	.data: load addr=00003b90, load size=0000008d bytes, run addr=20000550, run size=000001ec bytes, compression=rle
	.bss: load addr=00003c30, load size=00000008 bytes, run addr=20000000, run size=00000550 bytes, compression=zero_init


LINKER GENERATED HANDLER TABLE

__TI_handler_table @ 00003c20 records: 3, size/record: 4, table size: 12
	index: 0, handler: __TI_decompress_rle24
	index: 1, handler: __TI_decompress_none
	index: 2, handler: __TI_zero_init


GLOBAL SYMBOLS: SORTED ALPHABETICALLY BY Name 

address    name
--------   ----
000031b1   ADC0IntHandler
000031cd   ADC1IntHandler
00003645   ADCHardwareOversampleConfigure
00003779   ADCIntClear
000036d5   ADCIntEnable
000034c3   ADCSequenceConfigure
00003539   ADCSequenceDataGet
00003705   ADCSequenceDisable
00003713   ADCSequenceEnable
00002ee5   ADCSequenceStepConfigure
0000256d   ADCSetup
200006f0   Accel
00003289   C$$EXIT
00001f35   CMD_help
00001feb   CMD_setDuty
00001f87   CMD_setTrajectory
00001fcb   CMD_start
00001fdb   CMD_stop
0000373d   CPUcpsid
00003749   CPUcpsie
00002c1d   CmdLineProcess
00003439   GPIODirModeSet
00002a95   GPIOPadConfigSet
00003169   GPIOPinConfigure
00003657   GPIOPinTypeADC
00003669   GPIOPinTypeGPIOOutput
0000367b   GPIOPinTypeTimer
0000368d   GPIOPinTypeUART
00003783   GPIOPinWrite
00002f51   IntDisable
00002fb5   IntEnable
0000378d   IntMasterDisable
00003797   IntMasterEnable
00003515   IntPrioritySet
200006dc   Kd
200006d8   Ki
200006d4   Kp
20000500   LVDTController
000026eb   LVDTPIDInit
200006c8   LVDTPIDOutput
00003b8c   NUM_CMD
00001791   PIDIntHandlerLVDT
0000207d   PortFunctionInit
0000376d   ResetISR
UNDEFED    SHT$$INIT_ARRAY$$Base
UNDEFED    SHT$$INIT_ARRAY$$Limit
00003559   SysCtlADCSpeedSet
00001a29   SysCtlClockGet
000021c1   SysCtlClockSet
000037c5   SysCtlDelay
00003079   SysCtlPeripheralEnable
00002e6d   SysCtlPeripheralPresent
000034ed   TimerConfigure
000035cf   TimerControlTrigger
00003721   TimerEnable
000037d7   TimerIntClear
000037b5   TimerIntEnable
0000369f   TimerLoadSet
000036b1   TimerMatchSet
000036e5   UARTCharGetNonBlocking
000036f5   UARTCharPutNonBlocking
00003755   UARTCharsAvail
00003311   UARTConfigSetExpClk
00003599   UARTDisable
00001345   UARTEchoSet
00003631   UARTEnable
000037cb   UARTFIFOLevelSet
000012ed   UARTFlushRx
0000130f   UARTFlushTx
000037db   UARTIntClear
000037a1   UARTIntDisable
000037bd   UARTIntEnable
000037ab   UARTIntStatus
00001293   UARTPeek
00001271   UARTRxBytesAvail
00003761   UARTSpaceAvail
00000d73   UARTStdioConfig
00000df9   UARTStdioInit
00000e0f   UARTStdioInitExpClk
00001371   UARTStdioIntHandler
0000127f   UARTTxBytesFree
00000f41   UARTgetc
00000ec5   UARTgets
00000f9d   UARTprintf
00000e25   UARTwrite
20000600   _Denorm
00002b5d   _Dnorm
000027b5   _Dscale
000032cd   _Dtest
20000610   _Eps
20000730   _Errno
20000728   _Fenv
00003409   _Feraise
20000620   _Hugeval
20000630   _Inf
20000640   _Nan
20000660   _Rteps
000014cd   _Sin
20000650   _Snan
2000072c   _Tls_setup__Fenv
20000670   _Xbig
20000678   _Zero
2000083c   __STACK_END
00000100   __STACK_SIZE
2000083c   __STACK_TOP
00003c38   __TI_CINIT_Base
00003c48   __TI_CINIT_Limit
00003c20   __TI_Handler_Table_Base
00003c2c   __TI_Handler_Table_Limit
00000001   __TI_args_main
00002d59   __TI_auto_init
0000372f   __TI_decompress_none
000037d1   __TI_decompress_rle24
00000000   __TI_static_base__
000036c3   __TI_zero_init
00002ded   __aeabi_cdcmpeq
00002ded   __aeabi_cdcmple
0000311d   __aeabi_d2f
00003241   __aeabi_d2iz
00001c0b   __aeabi_dadd
00002435   __aeabi_ddiv
000028bd   __aeabi_dmul
00001c01   __aeabi_dsub
00003467   __aeabi_i2d
00002cbd   __aeabi_memcpy
00002cbd   __aeabi_memcpy4
00002cbd   __aeabi_memcpy8
00003579   __aeabi_ui2d
00003353   __aeabi_uidivmod
ffffffff   __binit__
ffffffff   __c_args__
2000073c   __stack
00003601   _args_main
000031f9   _c_int00
20000720   _cleanup_ptr
20000724   _dtors_ptr
20000718   _lock
000035f5   _nop
000035ef   _register_lock
000035e9   _register_unlock
2000071c   _unlock
0000328d   abort
00001db7   accelInt
ffffffff   binit
000030d1   copy_in
200006f4   dutyCycle
00003295   exit
000033d5   feraiseexcept
00001db9   fmod
00000000   g_pfnVectors
20000680   g_sCmdTable
000022fd   main
20000734   main_func_sp
200006e0   maxSumError
00002cbd   memcpy
200006f8   pwmPeriod
000029f3   pwmSetDuty
000029b9   pwmSetup
00003495   raise
000026a1   roundNum
200006fc   setPoint
00003395   signal
000035b5   sin
00003619   strcmp
200006d0   sumError
200006e4   t
200006e8   ulCurrent
200006ec   ulLVDT
00000725   ulocaltime
00000925   umktime
00000c61   urand
000006ef   usnprintf
000006bd   usprintf
00000c51   usrand
00000bc9   ustrcasecmp
00000c3d   ustrcmp
00000ad5   ustrlen
00000bdd   ustrncmp
0000026d   ustrncpy
00000b29   ustrnicmp
00000af7   ustrstr
0000099d   ustrtoul
000002c5   uvsnprintf
200006cc   yLast


GLOBAL SYMBOLS: SORTED BY Symbol Address 

address    name
--------   ----
00000000   __TI_static_base__
00000000   g_pfnVectors
00000001   __TI_args_main
00000100   __STACK_SIZE
0000026d   ustrncpy
000002c5   uvsnprintf
000006bd   usprintf
000006ef   usnprintf
00000725   ulocaltime
00000925   umktime
0000099d   ustrtoul
00000ad5   ustrlen
00000af7   ustrstr
00000b29   ustrnicmp
00000bc9   ustrcasecmp
00000bdd   ustrncmp
00000c3d   ustrcmp
00000c51   usrand
00000c61   urand
00000d73   UARTStdioConfig
00000df9   UARTStdioInit
00000e0f   UARTStdioInitExpClk
00000e25   UARTwrite
00000ec5   UARTgets
00000f41   UARTgetc
00000f9d   UARTprintf
00001271   UARTRxBytesAvail
0000127f   UARTTxBytesFree
00001293   UARTPeek
000012ed   UARTFlushRx
0000130f   UARTFlushTx
00001345   UARTEchoSet
00001371   UARTStdioIntHandler
000014cd   _Sin
00001791   PIDIntHandlerLVDT
00001a29   SysCtlClockGet
00001c01   __aeabi_dsub
00001c0b   __aeabi_dadd
00001db7   accelInt
00001db9   fmod
00001f35   CMD_help
00001f87   CMD_setTrajectory
00001fcb   CMD_start
00001fdb   CMD_stop
00001feb   CMD_setDuty
0000207d   PortFunctionInit
000021c1   SysCtlClockSet
000022fd   main
00002435   __aeabi_ddiv
0000256d   ADCSetup
000026a1   roundNum
000026eb   LVDTPIDInit
000027b5   _Dscale
000028bd   __aeabi_dmul
000029b9   pwmSetup
000029f3   pwmSetDuty
00002a95   GPIOPadConfigSet
00002b5d   _Dnorm
00002c1d   CmdLineProcess
00002cbd   __aeabi_memcpy
00002cbd   __aeabi_memcpy4
00002cbd   __aeabi_memcpy8
00002cbd   memcpy
00002d59   __TI_auto_init
00002ded   __aeabi_cdcmpeq
00002ded   __aeabi_cdcmple
00002e6d   SysCtlPeripheralPresent
00002ee5   ADCSequenceStepConfigure
00002f51   IntDisable
00002fb5   IntEnable
00003079   SysCtlPeripheralEnable
000030d1   copy_in
0000311d   __aeabi_d2f
00003169   GPIOPinConfigure
000031b1   ADC0IntHandler
000031cd   ADC1IntHandler
000031f9   _c_int00
00003241   __aeabi_d2iz
00003289   C$$EXIT
0000328d   abort
00003295   exit
000032cd   _Dtest
00003311   UARTConfigSetExpClk
00003353   __aeabi_uidivmod
00003395   signal
000033d5   feraiseexcept
00003409   _Feraise
00003439   GPIODirModeSet
00003467   __aeabi_i2d
00003495   raise
000034c3   ADCSequenceConfigure
000034ed   TimerConfigure
00003515   IntPrioritySet
00003539   ADCSequenceDataGet
00003559   SysCtlADCSpeedSet
00003579   __aeabi_ui2d
00003599   UARTDisable
000035b5   sin
000035cf   TimerControlTrigger
000035e9   _register_unlock
000035ef   _register_lock
000035f5   _nop
00003601   _args_main
00003619   strcmp
00003631   UARTEnable
00003645   ADCHardwareOversampleConfigure
00003657   GPIOPinTypeADC
00003669   GPIOPinTypeGPIOOutput
0000367b   GPIOPinTypeTimer
0000368d   GPIOPinTypeUART
0000369f   TimerLoadSet
000036b1   TimerMatchSet
000036c3   __TI_zero_init
000036d5   ADCIntEnable
000036e5   UARTCharGetNonBlocking
000036f5   UARTCharPutNonBlocking
00003705   ADCSequenceDisable
00003713   ADCSequenceEnable
00003721   TimerEnable
0000372f   __TI_decompress_none
0000373d   CPUcpsid
00003749   CPUcpsie
00003755   UARTCharsAvail
00003761   UARTSpaceAvail
0000376d   ResetISR
00003779   ADCIntClear
00003783   GPIOPinWrite
0000378d   IntMasterDisable
00003797   IntMasterEnable
000037a1   UARTIntDisable
000037ab   UARTIntStatus
000037b5   TimerIntEnable
000037bd   UARTIntEnable
000037c5   SysCtlDelay
000037cb   UARTFIFOLevelSet
000037d1   __TI_decompress_rle24
000037d7   TimerIntClear
000037db   UARTIntClear
00003b8c   NUM_CMD
00003c20   __TI_Handler_Table_Base
00003c2c   __TI_Handler_Table_Limit
00003c38   __TI_CINIT_Base
00003c48   __TI_CINIT_Limit
20000500   LVDTController
20000600   _Denorm
20000610   _Eps
20000620   _Hugeval
20000630   _Inf
20000640   _Nan
20000650   _Snan
20000660   _Rteps
20000670   _Xbig
20000678   _Zero
20000680   g_sCmdTable
200006c8   LVDTPIDOutput
200006cc   yLast
200006d0   sumError
200006d4   Kp
200006d8   Ki
200006dc   Kd
200006e0   maxSumError
200006e4   t
200006e8   ulCurrent
200006ec   ulLVDT
200006f0   Accel
200006f4   dutyCycle
200006f8   pwmPeriod
200006fc   setPoint
20000718   _lock
2000071c   _unlock
20000720   _cleanup_ptr
20000724   _dtors_ptr
20000728   _Fenv
2000072c   _Tls_setup__Fenv
20000730   _Errno
20000734   main_func_sp
2000073c   __stack
2000083c   __STACK_END
2000083c   __STACK_TOP
ffffffff   __binit__
ffffffff   __c_args__
ffffffff   binit
UNDEFED    SHT$$INIT_ARRAY$$Base
UNDEFED    SHT$$INIT_ARRAY$$Limit

[184 symbols]
