******************************************************************************
                  TMS470 Linker PC v4.9.7                      
******************************************************************************
>> Linked Mon May 06 00:48:28 2013

OUTPUT FILE NAME:   <Combined.out>
ENTRY POINT SYMBOL: "_c_int00"  address: 00002705


MEMORY CONFIGURATION

         name            origin    length      used     unused   attr    fill
----------------------  --------  ---------  --------  --------  ----  --------
  FLASH                 00000000   00040000  00002e16  0003d1ea  R  X
  SRAM                  20000000   00008000  000006f8  00007908  RW X


SEGMENT ALLOCATION MAP

run origin  load origin   length   init length attrs members
----------  ----------- ---------- ----------- ----- -------
00000000    00000000    00002e18   00002e18    r-x
  00000000    00000000    0000026c   0000026c    r-- .intvecs
  0000026c    0000026c    000027d2   000027d2    r-x .text
  00002a40    00002a40    00000358   00000358    r-- .const
  00002d98    00002d98    00000080   00000080    r-- .cinit
20000000    20000000    00000650   00000000    rw-
  20000000    20000000    00000550   00000000    rw- .bss
  20000550    20000550    00000100   00000000    rw- .stack
20000650    20000650    000000a8   000000a8    rw-
  20000650    20000650    000000a8   000000a8    rw- .data


SECTION ALLOCATION MAP

 output                                  attributes/
section   page    origin      length       input sections
--------  ----  ----------  ----------   ----------------
.intvecs   0    00000000    0000026c     
                  00000000    0000026c     startup_ccs.obj (.intvecs)

.text      0    0000026c    000027d2     
                  0000026c    00000a18     ustdlib.obj (.text)
                  00000c84    000008cc     uartstdio.obj (.text)
                  00001550    00000274     app_commands.obj (.text)
                  000017c4    000001d8     driverlib-cm4f.lib : sysctl.obj (.text:SysCtlClockGet)
                  0000199c    00000190     PID.obj (.text:retain)
                  00001b2c    00000144     newpins.obj (.text)
                  00001c70    0000013c     driverlib-cm4f.lib : sysctl.obj (.text:SysCtlClockSet)
                  00001dac    00000138     main.obj (.text)
                  00001ee4    00000134     ADCSetup.obj (.text)
                  00002018    00000114     PID.obj (.text)
                  0000212c    000000dc     PWMSetup.obj (.text)
                  00002208    000000c8     driverlib-cm4f.lib : gpio.obj (.text:GPIOPadConfigSet)
                  000022d0    000000a0     cmdline.obj (.text)
                  00002370    0000009c     rtsv7M4_T_le_v4SPD16_eabi.lib : memcpy_t2.obj (.text)
                  0000240c    00000094                                   : auto_init.obj (.text)
                  000024a0    0000006c     driverlib-cm4f.lib : adc.obj (.text:ADCSequenceStepConfigure)
                  0000250c    00000064                        : interrupt.obj (.text:IntEnable)
                  00002570    0000005e     rtsv7M4_T_le_v4SPD16_eabi.lib : copy_decompress_rle.obj (.text)
                  000025ce    00000002     --HOLE-- [fill = 0]
                  000025d0    00000058     driverlib-cm4f.lib : sysctl.obj (.text:SysCtlPeripheralEnable)
                  00002628    0000004c     rtsv7M4_T_le_v4SPD16_eabi.lib : cpy_tbl.obj (.text)
                  00002674    00000048     driverlib-cm4f.lib : gpio.obj (.text:GPIOPinConfigure)
                  000026bc    00000048     ADCSetup.obj (.text:retain)
                  00002704    00000048     rtsv7M4_T_le_v4SPD16_eabi.lib : boot.obj (.text)
                  0000274c    00000044                                   : exit.obj (.text)
                  00002790    00000042                                   : u_divt2.obj (.text)
                  000027d2    0000002e     driverlib-cm4f.lib : gpio.obj (.text:GPIODirModeSet)
                  00002800    0000002a                        : adc.obj (.text:ADCSequenceConfigure)
                  0000282a    00000002     --HOLE-- [fill = 0]
                  0000282c    00000028                        : timer.obj (.text:TimerConfigure)
                  00002854    00000024                        : interrupt.obj (.text:IntPrioritySet)
                  00002878    00000020                        : adc.obj (.text:ADCSequenceDataGet)
                  00002898    00000020                        : sysctl.obj (.text:SysCtlADCSpeedSet)
                  000028b8    00000018                        : timer.obj (.text:TimerControlTrigger)
                  000028d0    00000018     rtsv7M4_T_le_v4SPD16_eabi.lib : _lock.obj (.text)
                  000028e8    00000018                                   : args_main.obj (.text)
                  00002900    00000018                                   : strcmp.obj (.text)
                  00002918    00000012     driverlib-cm4f.lib : adc.obj (.text:ADCHardwareOversampleConfigure)
                  0000292a    00000012                        : gpio.obj (.text:GPIOPinTypeADC)
                  0000293c    00000012                        : gpio.obj (.text:GPIOPinTypeGPIOOutput)
                  0000294e    00000012                        : gpio.obj (.text:GPIOPinTypeTimer)
                  00002960    00000012                        : gpio.obj (.text:GPIOPinTypeUART)
                  00002972    00000012                        : timer.obj (.text:TimerLoadSet)
                  00002984    00000012                        : timer.obj (.text:TimerMatchSet)
                  00002996    00000012     rtsv7M4_T_le_v4SPD16_eabi.lib : copy_zero_init.obj (.text:decompress:ZI)
                  000029a8    00000010     driverlib-cm4f.lib : adc.obj (.text:ADCIntEnable)
                  000029b8    0000000e                        : adc.obj (.text:ADCSequenceDisable)
                  000029c6    0000000e                        : adc.obj (.text:ADCSequenceEnable)
                  000029d4    0000000e                        : timer.obj (.text:TimerEnable)
                  000029e2    0000000e     rtsv7M4_T_le_v4SPD16_eabi.lib : copy_decompress_none.obj (.text:decompress:none)
                  000029f0    0000000c     driverlib-cm4f.lib : cpu.obj (.text:CPUcpsie)
                  000029fc    0000000c     startup_ccs.obj (.text)
                  00002a08    0000000a     driverlib-cm4f.lib : adc.obj (.text:ADCIntClear)
                  00002a12    0000000a                        : gpio.obj (.text:GPIOPinWrite)
                  00002a1c    0000000a                        : interrupt.obj (.text:IntMasterEnable)
                  00002a26    00000008                        : timer.obj (.text:TimerIntEnable)
                  00002a2e    00000006                        : sysctl.obj (.text:SysCtlDelay)
                  00002a34    00000006     rtsv7M4_T_le_v4SPD16_eabi.lib : copy_decompress_rle.obj (.text:decompress:rle24)
                  00002a3a    00000004     driverlib-cm4f.lib : timer.obj (.text:TimerIntClear)

.const     0    00002a40    00000358     
                  00002a40    000000b6     app_commands.obj (.const:.string)
                  00002af6    00000002     --HOLE-- [fill = 0]
                  00002af8    0000009c     driverlib-cm4f.lib : interrupt.obj (.const:g_pulRegs)
                  00002b94    00000078                        : gpio.obj (.const:g_pulGPIOBaseAddrs)
                  00002c0c    00000070                        : interrupt.obj (.const)
                  00002c7c    0000006c                        : sysctl.obj (.const:g_pulXtals)
                  00002ce8    00000040                        : sysctl.obj (.const)
                  00002d28    00000028     uartstdio.obj (.const)
                  00002d50    0000001c     ustdlib.obj (.const)
                  00002d6c    00000012     uartstdio.obj (.const:.string)
                  00002d7e    00000002     --HOLE-- [fill = 0]
                  00002d80    00000012     ustdlib.obj (.const:.string)
                  00002d92    00000002     --HOLE-- [fill = 0]
                  00002d94    00000004     app_commands.obj (.const)

.cinit     0    00002d98    00000080     
                  00002d98    0000005b     (.cinit..data.load) [load image, compression = rle]
                  00002df3    00000001     --HOLE-- [fill = 0]
                  00002df4    0000000c     (__TI_handler_table)
                  00002e00    00000008     (.cinit..bss.load) [load image, compression = zero_init]
                  00002e08    00000010     (__TI_cinit_table)

.bss       0    20000000    00000550     UNINITIALIZED
                  20000000    00000400     uartstdio.obj (.bss:g_pcUARTTxBuffer)
                  20000400    00000080     main.obj (.bss:g_cInput)
                  20000480    00000080     uartstdio.obj (.bss:g_pcUARTRxBuffer)
                  20000500    00000024     PID.obj (.bss:LVDTController)
                  20000524    00000024     cmdline.obj (.bss:argv$1)
                  20000548    00000008     uartstdio.obj (.bss)

.stack     0    20000550    00000100     UNINITIALIZED
                  20000550    00000100     --HOLE--

.data      0    20000650    000000a8     
                  20000650    00000048     app_commands.obj (.data:g_sCmdTable)
                  20000698    0000001c     PID.obj (.data)
                  200006b4    00000015     uartstdio.obj (.data)
                  200006c9    00000003     --HOLE--
                  200006cc    00000014     main.obj (.data)
                  200006e0    00000008     rtsv7M4_T_le_v4SPD16_eabi.lib : _lock.obj (.data)
                  200006e8    00000008                                   : exit.obj (.data)
                  200006f0    00000004                                   : stkdepth_vars.obj (.data)
                  200006f4    00000004     ustdlib.obj (.data)


LINKER GENERATED COPY TABLES

__TI_cinit_table @ 00002e08 records: 2, size/record: 8, table size: 16
	.data: load addr=00002d98, load size=0000005b bytes, run addr=20000650, run size=000000a8 bytes, compression=rle
	.bss: load addr=00002e00, load size=00000008 bytes, run addr=20000000, run size=00000550 bytes, compression=zero_init


LINKER GENERATED HANDLER TABLE

__TI_handler_table @ 00002df4 records: 3, size/record: 4, table size: 12
	index: 0, handler: __TI_decompress_rle24
	index: 1, handler: __TI_decompress_none
	index: 2, handler: __TI_zero_init


GLOBAL SYMBOLS: SORTED ALPHABETICALLY BY Name 

address    name
--------   ----
000026bd   ADC0IntHandler
000026d9   ADC1IntHandler
00002919   ADCHardwareOversampleConfigure
00002a09   ADCIntClear
000029a9   ADCIntEnable
00002801   ADCSequenceConfigure
00002879   ADCSequenceDataGet
000029b9   ADCSequenceDisable
000029c7   ADCSequenceEnable
000024a1   ADCSequenceStepConfigure
00001ee5   ADCSetup
0000274d   C$$EXIT
00001551   CMD_help
000015f3   CMD_setKdLVDT
000015cb   CMD_setKiLVDT
000015a3   CMD_setKpLVDT
0000161b   CMD_setTrajectory
000029f1   CPUcpsie
000022d1   CmdLineProcess
000027d3   GPIODirModeSet
00002209   GPIOPadConfigSet
00002675   GPIOPinConfigure
0000292b   GPIOPinTypeADC
0000293d   GPIOPinTypeGPIOOutput
0000294f   GPIOPinTypeTimer
00002961   GPIOPinTypeUART
00002a13   GPIOPinWrite
0000250d   IntEnable
00002a1d   IntMasterEnable
00002855   IntPrioritySet
200006ac   Kd
200006a8   Ki
200006a4   Kp
20000500   LVDTController
00002063   LVDTPIDInit
20000698   LVDTPIDOutput
00002d94   NUM_CMD
0000199d   PIDIntHandlerLVDT
00001b2d   PortFunctionInit
000029fd   ResetISR
UNDEFED    SHT$$INIT_ARRAY$$Base
UNDEFED    SHT$$INIT_ARRAY$$Limit
00002899   SysCtlADCSpeedSet
000017c5   SysCtlClockGet
00001c71   SysCtlClockSet
00002a2f   SysCtlDelay
000025d1   SysCtlPeripheralEnable
0000282d   TimerConfigure
000028b9   TimerControlTrigger
000029d5   TimerEnable
00002a3b   TimerIntClear
00002a27   TimerIntEnable
00002973   TimerLoadSet
00002985   TimerMatchSet
0000139f   UARTEchoSet
0000133b   UARTFlushRx
00001361   UARTFlushTx
000012df   UARTPeek
000012bd   UARTRxBytesAvail
00000d83   UARTStdioConfig
00000e2b   UARTStdioInit
00000e45   UARTStdioInitExpClk
000013cd   UARTStdioIntHandler
000012cb   UARTTxBytesFree
00000f9d   UARTgetc
00000f21   UARTgets
00000fe9   UARTprintf
00000e5f   UARTwrite
20000650   __STACK_END
00000100   __STACK_SIZE
20000650   __STACK_TOP
00002e08   __TI_CINIT_Base
00002e18   __TI_CINIT_Limit
00002df4   __TI_Handler_Table_Base
00002e00   __TI_Handler_Table_Limit
00000001   __TI_args_main
0000240d   __TI_auto_init
000029e3   __TI_decompress_none
00002a35   __TI_decompress_rle24
00000000   __TI_static_base__
00002997   __TI_zero_init
00002371   __aeabi_memcpy
00002371   __aeabi_memcpy4
00002371   __aeabi_memcpy8
00002791   __aeabi_uidivmod
ffffffff   __binit__
ffffffff   __c_args__
20000550   __stack
000028e9   _args_main
00002705   _c_int00
200006e8   _cleanup_ptr
200006ec   _dtors_ptr
200006e0   _lock
000028dd   _nop
000028d7   _register_lock
000028d1   _register_unlock
200006e4   _unlock
00002751   abort
ffffffff   binit
00002629   copy_in
200006d4   dutyCycle
00002759   exit
00000000   g_pfnVectors
20000650   g_sCmdTable
00001dad   main
200006f0   main_func_sp
200006b0   maxSumError
00002371   memcpy
200006d8   pwmPeriod
00002167   pwmSetDuty
0000212d   pwmSetup
00002019   round
200006dc   setPoint
0000165f   strToFloat
00002901   strcmp
200006a0   sumError
200006cc   ulCurrent
200006d0   ulLVDT
00000725   ulocaltime
00000925   umktime
00000c61   urand
000006ef   usnprintf
000006bd   usprintf
00000c51   usrand
00000bc9   ustrcasecmp
00000c3d   ustrcmp
00000ad5   ustrlen
00000bdd   ustrncmp
0000026d   ustrncpy
00000b29   ustrnicmp
00000af7   ustrstr
0000099d   ustrtoul
000002c5   uvsnprintf
2000069c   yLast


GLOBAL SYMBOLS: SORTED BY Symbol Address 

address    name
--------   ----
00000000   __TI_static_base__
00000000   g_pfnVectors
00000001   __TI_args_main
00000100   __STACK_SIZE
0000026d   ustrncpy
000002c5   uvsnprintf
000006bd   usprintf
000006ef   usnprintf
00000725   ulocaltime
00000925   umktime
0000099d   ustrtoul
00000ad5   ustrlen
00000af7   ustrstr
00000b29   ustrnicmp
00000bc9   ustrcasecmp
00000bdd   ustrncmp
00000c3d   ustrcmp
00000c51   usrand
00000c61   urand
00000d83   UARTStdioConfig
00000e2b   UARTStdioInit
00000e45   UARTStdioInitExpClk
00000e5f   UARTwrite
00000f21   UARTgets
00000f9d   UARTgetc
00000fe9   UARTprintf
000012bd   UARTRxBytesAvail
000012cb   UARTTxBytesFree
000012df   UARTPeek
0000133b   UARTFlushRx
00001361   UARTFlushTx
0000139f   UARTEchoSet
000013cd   UARTStdioIntHandler
00001551   CMD_help
000015a3   CMD_setKpLVDT
000015cb   CMD_setKiLVDT
000015f3   CMD_setKdLVDT
0000161b   CMD_setTrajectory
0000165f   strToFloat
000017c5   SysCtlClockGet
0000199d   PIDIntHandlerLVDT
00001b2d   PortFunctionInit
00001c71   SysCtlClockSet
00001dad   main
00001ee5   ADCSetup
00002019   round
00002063   LVDTPIDInit
0000212d   pwmSetup
00002167   pwmSetDuty
00002209   GPIOPadConfigSet
000022d1   CmdLineProcess
00002371   __aeabi_memcpy
00002371   __aeabi_memcpy4
00002371   __aeabi_memcpy8
00002371   memcpy
0000240d   __TI_auto_init
000024a1   ADCSequenceStepConfigure
0000250d   IntEnable
000025d1   SysCtlPeripheralEnable
00002629   copy_in
00002675   GPIOPinConfigure
000026bd   ADC0IntHandler
000026d9   ADC1IntHandler
00002705   _c_int00
0000274d   C$$EXIT
00002751   abort
00002759   exit
00002791   __aeabi_uidivmod
000027d3   GPIODirModeSet
00002801   ADCSequenceConfigure
0000282d   TimerConfigure
00002855   IntPrioritySet
00002879   ADCSequenceDataGet
00002899   SysCtlADCSpeedSet
000028b9   TimerControlTrigger
000028d1   _register_unlock
000028d7   _register_lock
000028dd   _nop
000028e9   _args_main
00002901   strcmp
00002919   ADCHardwareOversampleConfigure
0000292b   GPIOPinTypeADC
0000293d   GPIOPinTypeGPIOOutput
0000294f   GPIOPinTypeTimer
00002961   GPIOPinTypeUART
00002973   TimerLoadSet
00002985   TimerMatchSet
00002997   __TI_zero_init
000029a9   ADCIntEnable
000029b9   ADCSequenceDisable
000029c7   ADCSequenceEnable
000029d5   TimerEnable
000029e3   __TI_decompress_none
000029f1   CPUcpsie
000029fd   ResetISR
00002a09   ADCIntClear
00002a13   GPIOPinWrite
00002a1d   IntMasterEnable
00002a27   TimerIntEnable
00002a2f   SysCtlDelay
00002a35   __TI_decompress_rle24
00002a3b   TimerIntClear
00002d94   NUM_CMD
00002df4   __TI_Handler_Table_Base
00002e00   __TI_Handler_Table_Limit
00002e08   __TI_CINIT_Base
00002e18   __TI_CINIT_Limit
20000500   LVDTController
20000550   __stack
20000650   __STACK_END
20000650   __STACK_TOP
20000650   g_sCmdTable
20000698   LVDTPIDOutput
2000069c   yLast
200006a0   sumError
200006a4   Kp
200006a8   Ki
200006ac   Kd
200006b0   maxSumError
200006cc   ulCurrent
200006d0   ulLVDT
200006d4   dutyCycle
200006d8   pwmPeriod
200006dc   setPoint
200006e0   _lock
200006e4   _unlock
200006e8   _cleanup_ptr
200006ec   _dtors_ptr
200006f0   main_func_sp
ffffffff   __binit__
ffffffff   __c_args__
ffffffff   binit
UNDEFED    SHT$$INIT_ARRAY$$Base
UNDEFED    SHT$$INIT_ARRAY$$Limit

[134 symbols]
