******************************************************************************
                  TMS470 Linker PC v4.9.7                      
******************************************************************************
>> Linked Mon May 20 18:04:50 2013

OUTPUT FILE NAME:   <Combined.out>
ENTRY POINT SYMBOL: "_c_int00"  address: 000025e1


MEMORY CONFIGURATION

         name            origin    length      used     unused   attr    fill
----------------------  --------  ---------  --------  --------  ----  --------
  FLASH                 00000000   00040000  00002cb6  0003d34a  R  X
  SRAM                  20000000   00008000  000006ec  00007914  RW X


SEGMENT ALLOCATION MAP

run origin  load origin   length   init length attrs members
----------  ----------- ---------- ----------- ----- -------
00000000    00000000    00002cb8   00002cb8    r-x
  00000000    00000000    0000026c   0000026c    r-- .intvecs
  0000026c    0000026c    000026ae   000026ae    r-x .text
  0000291c    0000291c    00000324   00000324    r-- .const
  00002c40    00002c40    00000078   00000078    r-- .cinit
20000000    20000000    00000650   00000000    rw-
  20000000    20000000    00000550   00000000    rw- .bss
  20000550    20000550    00000100   00000000    rw- .stack
20000650    20000650    0000009c   0000009c    rw-
  20000650    20000650    0000009c   0000009c    rw- .data


SECTION ALLOCATION MAP

 output                                  attributes/
section   page    origin      length       input sections
--------  ----  ----------  ----------   ----------------
.intvecs   0    00000000    0000026c     
                  00000000    0000026c     startup_ccs.obj (.intvecs)

.text      0    0000026c    000026ae     
                  0000026c    00000a18     ustdlib.obj (.text)
                  00000c84    000008cc     uartstdio.obj (.text)
                  00001550    000001d8     driverlib-cm4f.lib : sysctl.obj (.text:SysCtlClockGet)
                  00001728    00000190     PID.obj (.text:retain)
                  000018b8    00000144     newpins.obj (.text)
                  000019fc    0000013c     driverlib-cm4f.lib : sysctl.obj (.text:SysCtlClockSet)
                  00001b38    00000138     main.obj (.text)
                  00001c70    00000134     ADCSetup.obj (.text)
                  00001da4    0000010c     PID.obj (.text)
                  00001eb0    000000f4     app_commands.obj (.text)
                  00001fa4    000000dc     PWMSetup.obj (.text)
                  00002080    000000c8     driverlib-cm4f.lib : gpio.obj (.text:GPIOPadConfigSet)
                  00002148    000000a0     cmdline.obj (.text)
                  000021e8    0000009c     rtsv7M4_T_le_v4SPD16_eabi.lib : memcpy_t2.obj (.text)
                  00002284    00000094                                   : auto_init.obj (.text)
                  00002318    0000006c     driverlib-cm4f.lib : adc.obj (.text:ADCSequenceStepConfigure)
                  00002384    00000064                        : interrupt.obj (.text:IntDisable)
                  000023e8    00000064                        : interrupt.obj (.text:IntEnable)
                  0000244c    0000005e     rtsv7M4_T_le_v4SPD16_eabi.lib : copy_decompress_rle.obj (.text)
                  000024aa    00000002     --HOLE-- [fill = 0]
                  000024ac    00000058     driverlib-cm4f.lib : sysctl.obj (.text:SysCtlPeripheralEnable)
                  00002504    0000004c     rtsv7M4_T_le_v4SPD16_eabi.lib : cpy_tbl.obj (.text)
                  00002550    00000048     driverlib-cm4f.lib : gpio.obj (.text:GPIOPinConfigure)
                  00002598    00000048     ADCSetup.obj (.text:retain)
                  000025e0    00000048     rtsv7M4_T_le_v4SPD16_eabi.lib : boot.obj (.text)
                  00002628    00000044                                   : exit.obj (.text)
                  0000266c    00000042                                   : u_divt2.obj (.text)
                  000026ae    0000002e     driverlib-cm4f.lib : gpio.obj (.text:GPIODirModeSet)
                  000026dc    0000002a                        : adc.obj (.text:ADCSequenceConfigure)
                  00002706    00000002     --HOLE-- [fill = 0]
                  00002708    00000028                        : timer.obj (.text:TimerConfigure)
                  00002730    00000024                        : interrupt.obj (.text:IntPrioritySet)
                  00002754    00000020                        : adc.obj (.text:ADCSequenceDataGet)
                  00002774    00000020                        : sysctl.obj (.text:SysCtlADCSpeedSet)
                  00002794    00000018                        : timer.obj (.text:TimerControlTrigger)
                  000027ac    00000018     rtsv7M4_T_le_v4SPD16_eabi.lib : _lock.obj (.text)
                  000027c4    00000018                                   : args_main.obj (.text)
                  000027dc    00000018                                   : strcmp.obj (.text)
                  000027f4    00000012     driverlib-cm4f.lib : adc.obj (.text:ADCHardwareOversampleConfigure)
                  00002806    00000012                        : gpio.obj (.text:GPIOPinTypeADC)
                  00002818    00000012                        : gpio.obj (.text:GPIOPinTypeGPIOOutput)
                  0000282a    00000012                        : gpio.obj (.text:GPIOPinTypeTimer)
                  0000283c    00000012                        : gpio.obj (.text:GPIOPinTypeUART)
                  0000284e    00000012                        : timer.obj (.text:TimerLoadSet)
                  00002860    00000012                        : timer.obj (.text:TimerMatchSet)
                  00002872    00000012     rtsv7M4_T_le_v4SPD16_eabi.lib : copy_zero_init.obj (.text:decompress:ZI)
                  00002884    00000010     driverlib-cm4f.lib : adc.obj (.text:ADCIntEnable)
                  00002894    0000000e                        : adc.obj (.text:ADCSequenceDisable)
                  000028a2    0000000e                        : adc.obj (.text:ADCSequenceEnable)
                  000028b0    0000000e                        : timer.obj (.text:TimerEnable)
                  000028be    0000000e     rtsv7M4_T_le_v4SPD16_eabi.lib : copy_decompress_none.obj (.text:decompress:none)
                  000028cc    0000000c     driverlib-cm4f.lib : cpu.obj (.text:CPUcpsie)
                  000028d8    0000000c     startup_ccs.obj (.text)
                  000028e4    0000000a     driverlib-cm4f.lib : adc.obj (.text:ADCIntClear)
                  000028ee    0000000a                        : gpio.obj (.text:GPIOPinWrite)
                  000028f8    0000000a                        : interrupt.obj (.text:IntMasterEnable)
                  00002902    00000008                        : timer.obj (.text:TimerIntEnable)
                  0000290a    00000006                        : sysctl.obj (.text:SysCtlDelay)
                  00002910    00000006     rtsv7M4_T_le_v4SPD16_eabi.lib : copy_decompress_rle.obj (.text:decompress:rle24)
                  00002916    00000004     driverlib-cm4f.lib : timer.obj (.text:TimerIntClear)

.const     0    0000291c    00000324     
                  0000291c    0000009c     driverlib-cm4f.lib : interrupt.obj (.const:g_pulRegs)
                  000029b8    00000084     app_commands.obj (.const:.string)
                  00002a3c    00000078     driverlib-cm4f.lib : gpio.obj (.const:g_pulGPIOBaseAddrs)
                  00002ab4    00000070                        : interrupt.obj (.const)
                  00002b24    0000006c                        : sysctl.obj (.const:g_pulXtals)
                  00002b90    00000040                        : sysctl.obj (.const)
                  00002bd0    00000028     uartstdio.obj (.const)
                  00002bf8    0000001c     ustdlib.obj (.const)
                  00002c14    00000012     uartstdio.obj (.const:.string)
                  00002c26    00000002     --HOLE-- [fill = 0]
                  00002c28    00000012     ustdlib.obj (.const:.string)
                  00002c3a    00000002     --HOLE-- [fill = 0]
                  00002c3c    00000004     app_commands.obj (.const)

.cinit     0    00002c40    00000078     
                  00002c40    0000004f     (.cinit..data.load) [load image, compression = rle]
                  00002c8f    00000001     --HOLE-- [fill = 0]
                  00002c90    0000000c     (__TI_handler_table)
                  00002c9c    00000004     --HOLE-- [fill = 0]
                  00002ca0    00000008     (.cinit..bss.load) [load image, compression = zero_init]
                  00002ca8    00000010     (__TI_cinit_table)

.bss       0    20000000    00000550     UNINITIALIZED
                  20000000    00000400     uartstdio.obj (.bss:g_pcUARTTxBuffer)
                  20000400    00000080     main.obj (.bss:g_cInput)
                  20000480    00000080     uartstdio.obj (.bss:g_pcUARTRxBuffer)
                  20000500    00000024     PID.obj (.bss:LVDTController)
                  20000524    00000024     cmdline.obj (.bss:argv$1)
                  20000548    00000008     uartstdio.obj (.bss)

.stack     0    20000550    00000100     UNINITIALIZED
                  20000550    00000100     --HOLE--

.data      0    20000650    0000009c     
                  20000650    0000003c     app_commands.obj (.data:g_sCmdTable)
                  2000068c    0000001c     PID.obj (.data)
                  200006a8    00000015     uartstdio.obj (.data)
                  200006bd    00000003     --HOLE--
                  200006c0    00000014     main.obj (.data)
                  200006d4    00000008     rtsv7M4_T_le_v4SPD16_eabi.lib : _lock.obj (.data)
                  200006dc    00000008                                   : exit.obj (.data)
                  200006e4    00000004                                   : stkdepth_vars.obj (.data)
                  200006e8    00000004     ustdlib.obj (.data)


LINKER GENERATED COPY TABLES

__TI_cinit_table @ 00002ca8 records: 2, size/record: 8, table size: 16
	.data: load addr=00002c40, load size=0000004f bytes, run addr=20000650, run size=0000009c bytes, compression=rle
	.bss: load addr=00002ca0, load size=00000008 bytes, run addr=20000000, run size=00000550 bytes, compression=zero_init


LINKER GENERATED HANDLER TABLE

__TI_handler_table @ 00002c90 records: 3, size/record: 4, table size: 12
	index: 0, handler: __TI_decompress_rle24
	index: 1, handler: __TI_decompress_none
	index: 2, handler: __TI_zero_init


GLOBAL SYMBOLS: SORTED ALPHABETICALLY BY Name 

address    name
--------   ----
00002599   ADC0IntHandler
000025b5   ADC1IntHandler
000027f5   ADCHardwareOversampleConfigure
000028e5   ADCIntClear
00002885   ADCIntEnable
000026dd   ADCSequenceConfigure
00002755   ADCSequenceDataGet
00002895   ADCSequenceDisable
000028a3   ADCSequenceEnable
00002319   ADCSequenceStepConfigure
00001c71   ADCSetup
00002629   C$$EXIT
00001eb1   CMD_help
00001f03   CMD_setTrajectory
00001f47   CMD_start
00001f57   CMD_stop
000028cd   CPUcpsie
00002149   CmdLineProcess
000026af   GPIODirModeSet
00002081   GPIOPadConfigSet
00002551   GPIOPinConfigure
00002807   GPIOPinTypeADC
00002819   GPIOPinTypeGPIOOutput
0000282b   GPIOPinTypeTimer
0000283d   GPIOPinTypeUART
000028ef   GPIOPinWrite
00002385   IntDisable
000023e9   IntEnable
000028f9   IntMasterEnable
00002731   IntPrioritySet
200006a0   Kd
2000069c   Ki
20000698   Kp
20000500   LVDTController
00001def   LVDTPIDInit
2000068c   LVDTPIDOutput
00002c3c   NUM_CMD
00001729   PIDIntHandlerLVDT
000018b9   PortFunctionInit
000028d9   ResetISR
UNDEFED    SHT$$INIT_ARRAY$$Base
UNDEFED    SHT$$INIT_ARRAY$$Limit
00002775   SysCtlADCSpeedSet
00001551   SysCtlClockGet
000019fd   SysCtlClockSet
0000290b   SysCtlDelay
000024ad   SysCtlPeripheralEnable
00002709   TimerConfigure
00002795   TimerControlTrigger
000028b1   TimerEnable
00002917   TimerIntClear
00002903   TimerIntEnable
0000284f   TimerLoadSet
00002861   TimerMatchSet
0000139f   UARTEchoSet
0000133b   UARTFlushRx
00001361   UARTFlushTx
000012df   UARTPeek
000012bd   UARTRxBytesAvail
00000d83   UARTStdioConfig
00000e2b   UARTStdioInit
00000e45   UARTStdioInitExpClk
000013cd   UARTStdioIntHandler
000012cb   UARTTxBytesFree
00000f9d   UARTgetc
00000f21   UARTgets
00000fe9   UARTprintf
00000e5f   UARTwrite
20000650   __STACK_END
00000100   __STACK_SIZE
20000650   __STACK_TOP
00002ca8   __TI_CINIT_Base
00002cb8   __TI_CINIT_Limit
00002c90   __TI_Handler_Table_Base
00002c9c   __TI_Handler_Table_Limit
00000001   __TI_args_main
00002285   __TI_auto_init
000028bf   __TI_decompress_none
00002911   __TI_decompress_rle24
00000000   __TI_static_base__
00002873   __TI_zero_init
000021e9   __aeabi_memcpy
000021e9   __aeabi_memcpy4
000021e9   __aeabi_memcpy8
0000266d   __aeabi_uidivmod
ffffffff   __binit__
ffffffff   __c_args__
20000550   __stack
000027c5   _args_main
000025e1   _c_int00
200006dc   _cleanup_ptr
200006e0   _dtors_ptr
200006d4   _lock
000027b9   _nop
000027b3   _register_lock
000027ad   _register_unlock
200006d8   _unlock
0000262d   abort
ffffffff   binit
00002505   copy_in
200006c8   dutyCycle
00002635   exit
00000000   g_pfnVectors
20000650   g_sCmdTable
00001b39   main
200006e4   main_func_sp
200006a4   maxSumError
000021e9   memcpy
200006cc   pwmPeriod
00001fdf   pwmSetDuty
00001fa5   pwmSetup
00001da5   round
200006d0   setPoint
000027dd   strcmp
20000694   sumError
200006c0   ulCurrent
200006c4   ulLVDT
00000725   ulocaltime
00000925   umktime
00000c61   urand
000006ef   usnprintf
000006bd   usprintf
00000c51   usrand
00000bc9   ustrcasecmp
00000c3d   ustrcmp
00000ad5   ustrlen
00000bdd   ustrncmp
0000026d   ustrncpy
00000b29   ustrnicmp
00000af7   ustrstr
0000099d   ustrtoul
000002c5   uvsnprintf
20000690   yLast


GLOBAL SYMBOLS: SORTED BY Symbol Address 

address    name
--------   ----
00000000   __TI_static_base__
00000000   g_pfnVectors
00000001   __TI_args_main
00000100   __STACK_SIZE
0000026d   ustrncpy
000002c5   uvsnprintf
000006bd   usprintf
000006ef   usnprintf
00000725   ulocaltime
00000925   umktime
0000099d   ustrtoul
00000ad5   ustrlen
00000af7   ustrstr
00000b29   ustrnicmp
00000bc9   ustrcasecmp
00000bdd   ustrncmp
00000c3d   ustrcmp
00000c51   usrand
00000c61   urand
00000d83   UARTStdioConfig
00000e2b   UARTStdioInit
00000e45   UARTStdioInitExpClk
00000e5f   UARTwrite
00000f21   UARTgets
00000f9d   UARTgetc
00000fe9   UARTprintf
000012bd   UARTRxBytesAvail
000012cb   UARTTxBytesFree
000012df   UARTPeek
0000133b   UARTFlushRx
00001361   UARTFlushTx
0000139f   UARTEchoSet
000013cd   UARTStdioIntHandler
00001551   SysCtlClockGet
00001729   PIDIntHandlerLVDT
000018b9   PortFunctionInit
000019fd   SysCtlClockSet
00001b39   main
00001c71   ADCSetup
00001da5   round
00001def   LVDTPIDInit
00001eb1   CMD_help
00001f03   CMD_setTrajectory
00001f47   CMD_start
00001f57   CMD_stop
00001fa5   pwmSetup
00001fdf   pwmSetDuty
00002081   GPIOPadConfigSet
00002149   CmdLineProcess
000021e9   __aeabi_memcpy
000021e9   __aeabi_memcpy4
000021e9   __aeabi_memcpy8
000021e9   memcpy
00002285   __TI_auto_init
00002319   ADCSequenceStepConfigure
00002385   IntDisable
000023e9   IntEnable
000024ad   SysCtlPeripheralEnable
00002505   copy_in
00002551   GPIOPinConfigure
00002599   ADC0IntHandler
000025b5   ADC1IntHandler
000025e1   _c_int00
00002629   C$$EXIT
0000262d   abort
00002635   exit
0000266d   __aeabi_uidivmod
000026af   GPIODirModeSet
000026dd   ADCSequenceConfigure
00002709   TimerConfigure
00002731   IntPrioritySet
00002755   ADCSequenceDataGet
00002775   SysCtlADCSpeedSet
00002795   TimerControlTrigger
000027ad   _register_unlock
000027b3   _register_lock
000027b9   _nop
000027c5   _args_main
000027dd   strcmp
000027f5   ADCHardwareOversampleConfigure
00002807   GPIOPinTypeADC
00002819   GPIOPinTypeGPIOOutput
0000282b   GPIOPinTypeTimer
0000283d   GPIOPinTypeUART
0000284f   TimerLoadSet
00002861   TimerMatchSet
00002873   __TI_zero_init
00002885   ADCIntEnable
00002895   ADCSequenceDisable
000028a3   ADCSequenceEnable
000028b1   TimerEnable
000028bf   __TI_decompress_none
000028cd   CPUcpsie
000028d9   ResetISR
000028e5   ADCIntClear
000028ef   GPIOPinWrite
000028f9   IntMasterEnable
00002903   TimerIntEnable
0000290b   SysCtlDelay
00002911   __TI_decompress_rle24
00002917   TimerIntClear
00002c3c   NUM_CMD
00002c90   __TI_Handler_Table_Base
00002c9c   __TI_Handler_Table_Limit
00002ca8   __TI_CINIT_Base
00002cb8   __TI_CINIT_Limit
20000500   LVDTController
20000550   __stack
20000650   __STACK_END
20000650   __STACK_TOP
20000650   g_sCmdTable
2000068c   LVDTPIDOutput
20000690   yLast
20000694   sumError
20000698   Kp
2000069c   Ki
200006a0   Kd
200006a4   maxSumError
200006c0   ulCurrent
200006c4   ulLVDT
200006c8   dutyCycle
200006cc   pwmPeriod
200006d0   setPoint
200006d4   _lock
200006d8   _unlock
200006dc   _cleanup_ptr
200006e0   _dtors_ptr
200006e4   main_func_sp
ffffffff   __binit__
ffffffff   __c_args__
ffffffff   binit
UNDEFED    SHT$$INIT_ARRAY$$Base
UNDEFED    SHT$$INIT_ARRAY$$Limit

[133 symbols]
