******************************************************************************
                  TMS470 Linker PC v4.9.7                      
******************************************************************************
>> Linked Mon May 06 15:00:06 2013

OUTPUT FILE NAME:   <Combined.out>
ENTRY POINT SYMBOL: "_c_int00"  address: 00001b69


MEMORY CONFIGURATION

         name            origin    length      used     unused   attr    fill
----------------------  --------  ---------  --------  --------  ----  --------
  FLASH                 00000000   00040000  00002250  0003ddb0  R  X
  SRAM                  20000000   00008000  00000610  000079f0  RW X


SEGMENT ALLOCATION MAP

run origin  load origin   length   init length attrs members
----------  ----------- ---------- ----------- ----- -------
00000000    00000000    00002258   00002258    r-x
  00000000    00000000    0000026c   0000026c    r-- .intvecs
  0000026c    0000026c    00001d32   00001d32    r-x .text
  00001fa0    00001fa0    0000026a   0000026a    r-- .const
  00002210    00002210    00000048   00000048    r-- .cinit
20000000    20000000    000005b4   00000000    rw-
  20000000    20000000    000004b4   00000000    rw- .bss
  200004b4    200004b4    00000100   00000000    rw- .stack
200005b4    200005b4    0000005c   0000005c    rw-
  200005b4    200005b4    0000005c   0000005c    rw- .data


SECTION ALLOCATION MAP

 output                                  attributes/
section   page    origin      length       input sections
--------  ----  ----------  ----------   ----------------
.intvecs   0    00000000    0000026c     
                  00000000    0000026c     startup_ccs.obj (.intvecs)

.text      0    0000026c    00001d32     
                  0000026c    00000848     uartstdio.obj (.text)
                  00000ab4    0000020c     PID.obj (.text:retain)
                  00000cc0    000001d8     driverlib-cm4f.lib : sysctl.obj (.text:SysCtlClockGet)
                  00000e98    0000016c     main.obj (.text)
                  00001004    0000014c     newpins.obj (.text)
                  00001150    0000013c     driverlib-cm4f.lib : sysctl.obj (.text:SysCtlClockSet)
                  0000128c    00000134     ADCSetup.obj (.text)
                  000013c0    00000114     PID.obj (.text)
                  000014d4    000000dc     PWMSetup.obj (.text)
                  000015b0    000000c8     driverlib-cm4f.lib : gpio.obj (.text:GPIOPadConfigSet)
                  00001678    0000009c     rtsv7M4_T_le_v4SPD16_eabi.lib : memcpy_t2.obj (.text)
                  00001714    00000094                                   : auto_init.obj (.text)
                  000017a8    0000007e                                   : fd_cmp_t2.obj (.text)
                  00001826    00000002     --HOLE-- [fill = 0]
                  00001828    00000078     driverlib-cm4f.lib : sysctl.obj (.text:SysCtlPeripheralPresent)
                  000018a0    0000006c                        : adc.obj (.text:ADCSequenceStepConfigure)
                  0000190c    00000064                        : interrupt.obj (.text:IntDisable)
                  00001970    00000064                        : interrupt.obj (.text:IntEnable)
                  000019d4    0000005e     rtsv7M4_T_le_v4SPD16_eabi.lib : copy_decompress_rle.obj (.text)
                  00001a32    00000002     --HOLE-- [fill = 0]
                  00001a34    00000058     driverlib-cm4f.lib : sysctl.obj (.text:SysCtlPeripheralEnable)
                  00001a8c    0000004c     rtsv7M4_T_le_v4SPD16_eabi.lib : cpy_tbl.obj (.text)
                  00001ad8    00000048     driverlib-cm4f.lib : gpio.obj (.text:GPIOPinConfigure)
                  00001b20    00000048     ADCSetup.obj (.text:retain)
                  00001b68    00000048     rtsv7M4_T_le_v4SPD16_eabi.lib : boot.obj (.text)
                  00001bb0    00000044                                   : exit.obj (.text)
                  00001bf4    00000042     driverlib-cm4f.lib : uart.obj (.text:UARTConfigSetExpClk)
                  00001c36    00000042     rtsv7M4_T_le_v4SPD16_eabi.lib : u_divt2.obj (.text)
                  00001c78    0000002e     driverlib-cm4f.lib : gpio.obj (.text:GPIODirModeSet)
                  00001ca6    0000002e     rtsv7M4_T_le_v4SPD16_eabi.lib : i_tofd_t2.obj (.text)
                  00001cd4    0000002a     driverlib-cm4f.lib : adc.obj (.text:ADCSequenceConfigure)
                  00001cfe    00000002     --HOLE-- [fill = 0]
                  00001d00    00000028                        : timer.obj (.text:TimerConfigure)
                  00001d28    00000024                        : interrupt.obj (.text:IntPrioritySet)
                  00001d4c    00000020                        : adc.obj (.text:ADCSequenceDataGet)
                  00001d6c    00000020                        : sysctl.obj (.text:SysCtlADCSpeedSet)
                  00001d8c    0000001c                        : uart.obj (.text:UARTDisable)
                  00001da8    00000018                        : timer.obj (.text:TimerControlTrigger)
                  00001dc0    00000018     rtsv7M4_T_le_v4SPD16_eabi.lib : _lock.obj (.text)
                  00001dd8    00000018                                   : args_main.obj (.text)
                  00001df0    00000014     driverlib-cm4f.lib : uart.obj (.text:UARTEnable)
                  00001e04    00000012                        : adc.obj (.text:ADCHardwareOversampleConfigure)
                  00001e16    00000012                        : gpio.obj (.text:GPIOPinTypeADC)
                  00001e28    00000012                        : gpio.obj (.text:GPIOPinTypeGPIOOutput)
                  00001e3a    00000012                        : gpio.obj (.text:GPIOPinTypeTimer)
                  00001e4c    00000012                        : gpio.obj (.text:GPIOPinTypeUART)
                  00001e5e    00000012                        : timer.obj (.text:TimerLoadSet)
                  00001e70    00000012                        : timer.obj (.text:TimerMatchSet)
                  00001e82    00000012     rtsv7M4_T_le_v4SPD16_eabi.lib : copy_zero_init.obj (.text:decompress:ZI)
                  00001e94    00000010     driverlib-cm4f.lib : adc.obj (.text:ADCIntEnable)
                  00001ea4    00000010                        : uart.obj (.text:UARTCharGetNonBlocking)
                  00001eb4    00000010                        : uart.obj (.text:UARTCharPutNonBlocking)
                  00001ec4    0000000e                        : adc.obj (.text:ADCSequenceDisable)
                  00001ed2    0000000e                        : adc.obj (.text:ADCSequenceEnable)
                  00001ee0    0000000e                        : timer.obj (.text:TimerEnable)
                  00001eee    0000000e     rtsv7M4_T_le_v4SPD16_eabi.lib : copy_decompress_none.obj (.text:decompress:none)
                  00001efc    0000000c     driverlib-cm4f.lib : cpu.obj (.text:CPUcpsid)
                  00001f08    0000000c                        : cpu.obj (.text:CPUcpsie)
                  00001f14    0000000c                        : uart.obj (.text:UARTCharsAvail)
                  00001f20    0000000c                        : uart.obj (.text:UARTSpaceAvail)
                  00001f2c    0000000c     startup_ccs.obj (.text)
                  00001f38    0000000a     driverlib-cm4f.lib : adc.obj (.text:ADCIntClear)
                  00001f42    0000000a                        : gpio.obj (.text:GPIOPinWrite)
                  00001f4c    0000000a                        : interrupt.obj (.text:IntMasterDisable)
                  00001f56    0000000a                        : interrupt.obj (.text:IntMasterEnable)
                  00001f60    0000000a                        : uart.obj (.text:UARTIntDisable)
                  00001f6a    0000000a                        : uart.obj (.text:UARTIntStatus)
                  00001f74    00000008                        : timer.obj (.text:TimerIntEnable)
                  00001f7c    00000008                        : uart.obj (.text:UARTIntEnable)
                  00001f84    00000006                        : sysctl.obj (.text:SysCtlDelay)
                  00001f8a    00000006                        : uart.obj (.text:UARTFIFOLevelSet)
                  00001f90    00000006     rtsv7M4_T_le_v4SPD16_eabi.lib : copy_decompress_rle.obj (.text:decompress:rle24)
                  00001f96    00000004     driverlib-cm4f.lib : timer.obj (.text:TimerIntClear)
                  00001f9a    00000004                        : uart.obj (.text:UARTIntClear)

.const     0    00001fa0    0000026a     
                  00001fa0    0000009c     driverlib-cm4f.lib : interrupt.obj (.const:g_pulRegs)
                  0000203c    00000078                        : gpio.obj (.const:g_pulGPIOBaseAddrs)
                  000020b4    00000070                        : interrupt.obj (.const)
                  00002124    0000006c                        : sysctl.obj (.const:g_pulXtals)
                  00002190    00000040                        : sysctl.obj (.const)
                  000021d0    00000028     uartstdio.obj (.const)
                  000021f8    00000012     uartstdio.obj (.const:.string)

.cinit     0    00002210    00000048     
                  00002210    0000001d     (.cinit..data.load) [load image, compression = rle]
                  0000222d    00000003     --HOLE-- [fill = 0]
                  00002230    0000000c     (__TI_handler_table)
                  0000223c    00000004     --HOLE-- [fill = 0]
                  00002240    00000008     (.cinit..bss.load) [load image, compression = zero_init]
                  00002248    00000010     (__TI_cinit_table)

.bss       0    20000000    000004b4     UNINITIALIZED
                  20000000    00000400     uartstdio.obj (.bss:g_pcUARTTxBuffer)
                  20000400    00000080     uartstdio.obj (.bss:g_pcUARTRxBuffer)
                  20000480    00000024     PID.obj (.bss:LVDTController)
                  200004a4    00000008     main.obj (.bss)
                  200004ac    00000008     uartstdio.obj (.bss)

.stack     0    200004b4    00000100     UNINITIALIZED
                  200004b4    00000100     --HOLE--

.data      0    200005b4    0000005c     
                  200005b4    0000001c     PID.obj (.data)
                  200005d0    00000015     uartstdio.obj (.data)
                  200005e5    00000003     --HOLE--
                  200005e8    00000014     main.obj (.data)
                  200005fc    00000008     rtsv7M4_T_le_v4SPD16_eabi.lib : _lock.obj (.data)
                  20000604    00000008                                   : exit.obj (.data)
                  2000060c    00000004                                   : stkdepth_vars.obj (.data)


LINKER GENERATED COPY TABLES

__TI_cinit_table @ 00002248 records: 2, size/record: 8, table size: 16
	.data: load addr=00002210, load size=0000001d bytes, run addr=200005b4, run size=0000005c bytes, compression=rle
	.bss: load addr=00002240, load size=00000008 bytes, run addr=20000000, run size=000004b4 bytes, compression=zero_init


LINKER GENERATED HANDLER TABLE

__TI_handler_table @ 00002230 records: 3, size/record: 4, table size: 12
	index: 0, handler: __TI_decompress_rle24
	index: 1, handler: __TI_decompress_none
	index: 2, handler: __TI_zero_init


GLOBAL SYMBOLS: SORTED ALPHABETICALLY BY Name 

address    name
--------   ----
00001b21   ADC0IntHandler
00001b3d   ADC1IntHandler
00001e05   ADCHardwareOversampleConfigure
00001f39   ADCIntClear
00001e95   ADCIntEnable
00001cd5   ADCSequenceConfigure
00001d4d   ADCSequenceDataGet
00001ec5   ADCSequenceDisable
00001ed3   ADCSequenceEnable
000018a1   ADCSequenceStepConfigure
0000128d   ADCSetup
00001bb1   C$$EXIT
00001efd   CPUcpsid
00001f09   CPUcpsie
00001c79   GPIODirModeSet
000015b1   GPIOPadConfigSet
00001ad9   GPIOPinConfigure
00001e17   GPIOPinTypeADC
00001e29   GPIOPinTypeGPIOOutput
00001e3b   GPIOPinTypeTimer
00001e4d   GPIOPinTypeUART
00001f43   GPIOPinWrite
0000190d   IntDisable
00001971   IntEnable
00001f4d   IntMasterDisable
00001f57   IntMasterEnable
00001d29   IntPrioritySet
200005c8   Kd
200005c4   Ki
200005c0   Kp
20000480   LVDTController
0000140b   LVDTPIDInit
200005b4   LVDTPIDOutput
00000ab5   PIDIntHandlerLVDT
00001005   PortFunctionInit
00001f2d   ResetISR
UNDEFED    SHT$$INIT_ARRAY$$Base
UNDEFED    SHT$$INIT_ARRAY$$Limit
00001d6d   SysCtlADCSpeedSet
00000cc1   SysCtlClockGet
00001151   SysCtlClockSet
00001f85   SysCtlDelay
00001a35   SysCtlPeripheralEnable
00001829   SysCtlPeripheralPresent
00001d01   TimerConfigure
00001da9   TimerControlTrigger
00001ee1   TimerEnable
00001f97   TimerIntClear
00001f75   TimerIntEnable
00001e5f   TimerLoadSet
00001e71   TimerMatchSet
00001ea5   UARTCharGetNonBlocking
00001eb5   UARTCharPutNonBlocking
00001f15   UARTCharsAvail
00001bf5   UARTConfigSetExpClk
00001d8d   UARTDisable
0000092d   UARTEchoSet
00001df1   UARTEnable
00001f8b   UARTFIFOLevelSet
000008d5   UARTFlushRx
000008f7   UARTFlushTx
00001f9b   UARTIntClear
00001f61   UARTIntDisable
00001f7d   UARTIntEnable
00001f6b   UARTIntStatus
0000087b   UARTPeek
00000859   UARTRxBytesAvail
00001f21   UARTSpaceAvail
0000035b   UARTStdioConfig
000003e1   UARTStdioInit
000003f7   UARTStdioInitExpClk
00000959   UARTStdioIntHandler
00000867   UARTTxBytesFree
00000529   UARTgetc
000004ad   UARTgets
00000585   UARTprintf
0000040d   UARTwrite
200005b4   __STACK_END
00000100   __STACK_SIZE
200005b4   __STACK_TOP
00002248   __TI_CINIT_Base
00002258   __TI_CINIT_Limit
00002230   __TI_Handler_Table_Base
0000223c   __TI_Handler_Table_Limit
00000001   __TI_args_main
00001715   __TI_auto_init
00001eef   __TI_decompress_none
00001f91   __TI_decompress_rle24
00000000   __TI_static_base__
00001e83   __TI_zero_init
000017a9   __aeabi_cdcmpeq
000017a9   __aeabi_cdcmple
00001ca7   __aeabi_i2d
00001679   __aeabi_memcpy
00001679   __aeabi_memcpy4
00001679   __aeabi_memcpy8
00001c37   __aeabi_uidivmod
ffffffff   __binit__
ffffffff   __c_args__
200004b4   __stack
00001dd9   _args_main
00001b69   _c_int00
20000604   _cleanup_ptr
20000608   _dtors_ptr
200005fc   _lock
00001dcd   _nop
00001dc7   _register_lock
00001dc1   _register_unlock
20000600   _unlock
00001bb5   abort
ffffffff   binit
00001a8d   copy_in
200005f0   dutyCycle
00001bbd   exit
00000000   g_pfnVectors
00000e99   main
2000060c   main_func_sp
200005cc   maxSumError
00001679   memcpy
200005f4   pwmPeriod
0000150f   pwmSetDuty
000014d5   pwmSetup
000013c1   round
200005f8   setPoint
200004a4   str
200005bc   sumError
200005e8   ulCurrent
200005ec   ulLVDT
200005b8   yLast


GLOBAL SYMBOLS: SORTED BY Symbol Address 

address    name
--------   ----
00000000   __TI_static_base__
00000000   g_pfnVectors
00000001   __TI_args_main
00000100   __STACK_SIZE
0000035b   UARTStdioConfig
000003e1   UARTStdioInit
000003f7   UARTStdioInitExpClk
0000040d   UARTwrite
000004ad   UARTgets
00000529   UARTgetc
00000585   UARTprintf
00000859   UARTRxBytesAvail
00000867   UARTTxBytesFree
0000087b   UARTPeek
000008d5   UARTFlushRx
000008f7   UARTFlushTx
0000092d   UARTEchoSet
00000959   UARTStdioIntHandler
00000ab5   PIDIntHandlerLVDT
00000cc1   SysCtlClockGet
00000e99   main
00001005   PortFunctionInit
00001151   SysCtlClockSet
0000128d   ADCSetup
000013c1   round
0000140b   LVDTPIDInit
000014d5   pwmSetup
0000150f   pwmSetDuty
000015b1   GPIOPadConfigSet
00001679   __aeabi_memcpy
00001679   __aeabi_memcpy4
00001679   __aeabi_memcpy8
00001679   memcpy
00001715   __TI_auto_init
000017a9   __aeabi_cdcmpeq
000017a9   __aeabi_cdcmple
00001829   SysCtlPeripheralPresent
000018a1   ADCSequenceStepConfigure
0000190d   IntDisable
00001971   IntEnable
00001a35   SysCtlPeripheralEnable
00001a8d   copy_in
00001ad9   GPIOPinConfigure
00001b21   ADC0IntHandler
00001b3d   ADC1IntHandler
00001b69   _c_int00
00001bb1   C$$EXIT
00001bb5   abort
00001bbd   exit
00001bf5   UARTConfigSetExpClk
00001c37   __aeabi_uidivmod
00001c79   GPIODirModeSet
00001ca7   __aeabi_i2d
00001cd5   ADCSequenceConfigure
00001d01   TimerConfigure
00001d29   IntPrioritySet
00001d4d   ADCSequenceDataGet
00001d6d   SysCtlADCSpeedSet
00001d8d   UARTDisable
00001da9   TimerControlTrigger
00001dc1   _register_unlock
00001dc7   _register_lock
00001dcd   _nop
00001dd9   _args_main
00001df1   UARTEnable
00001e05   ADCHardwareOversampleConfigure
00001e17   GPIOPinTypeADC
00001e29   GPIOPinTypeGPIOOutput
00001e3b   GPIOPinTypeTimer
00001e4d   GPIOPinTypeUART
00001e5f   TimerLoadSet
00001e71   TimerMatchSet
00001e83   __TI_zero_init
00001e95   ADCIntEnable
00001ea5   UARTCharGetNonBlocking
00001eb5   UARTCharPutNonBlocking
00001ec5   ADCSequenceDisable
00001ed3   ADCSequenceEnable
00001ee1   TimerEnable
00001eef   __TI_decompress_none
00001efd   CPUcpsid
00001f09   CPUcpsie
00001f15   UARTCharsAvail
00001f21   UARTSpaceAvail
00001f2d   ResetISR
00001f39   ADCIntClear
00001f43   GPIOPinWrite
00001f4d   IntMasterDisable
00001f57   IntMasterEnable
00001f61   UARTIntDisable
00001f6b   UARTIntStatus
00001f75   TimerIntEnable
00001f7d   UARTIntEnable
00001f85   SysCtlDelay
00001f8b   UARTFIFOLevelSet
00001f91   __TI_decompress_rle24
00001f97   TimerIntClear
00001f9b   UARTIntClear
00002230   __TI_Handler_Table_Base
0000223c   __TI_Handler_Table_Limit
00002248   __TI_CINIT_Base
00002258   __TI_CINIT_Limit
20000480   LVDTController
200004a4   str
200004b4   __stack
200005b4   LVDTPIDOutput
200005b4   __STACK_END
200005b4   __STACK_TOP
200005b8   yLast
200005bc   sumError
200005c0   Kp
200005c4   Ki
200005c8   Kd
200005cc   maxSumError
200005e8   ulCurrent
200005ec   ulLVDT
200005f0   dutyCycle
200005f4   pwmPeriod
200005f8   setPoint
200005fc   _lock
20000600   _unlock
20000604   _cleanup_ptr
20000608   _dtors_ptr
2000060c   main_func_sp
ffffffff   __binit__
ffffffff   __c_args__
ffffffff   binit
UNDEFED    SHT$$INIT_ARRAY$$Base
UNDEFED    SHT$$INIT_ARRAY$$Limit

[129 symbols]
