******************************************************************************
                  TMS470 Linker PC v4.9.7                      
******************************************************************************
>> Linked Thu May 30 15:35:49 2013

OUTPUT FILE NAME:   <Combined.out>
ENTRY POINT SYMBOL: "_c_int00"  address: 00002191


MEMORY CONFIGURATION

         name            origin    length      used     unused   attr    fill
----------------------  --------  ---------  --------  --------  ----  --------
  FLASH                 00000000   00040000  00002a22  0003d5de  R  X
  SRAM                  20000000   00008000  00000748  000078b8  RW X


SEGMENT ALLOCATION MAP

run origin  load origin   length   init length attrs members
----------  ----------- ---------- ----------- ----- -------
00000000    00000000    00002a28   00002a28    r-x
  00000000    00000000    0000026c   0000026c    r-- .intvecs
  0000026c    0000026c    000024bc   000024bc    r-x .text
  00002728    00002728    00000292   00000292    r-- .const
  000029c0    000029c0    00000068   00000068    r-- .cinit
20000000    20000000    000004d0   00000000    rw-
  20000000    20000000    000004d0   00000000    rw- .bss
200004d0    200004d0    00000278   00000178    rw-
  200004d0    200004d0    00000178   00000178    rw- .data
  20000648    20000648    00000100   00000000    rw- .stack


SECTION ALLOCATION MAP

 output                                  attributes/
section   page    origin      length       input sections
--------  ----  ----------  ----------   ----------------
.intvecs   0    00000000    0000026c     
                  00000000    0000026c     startup_ccs.obj (.intvecs)

.text      0    0000026c    000024bc     
                  0000026c    00000848     uartstdio.obj (.text)
                  00000ab4    0000028c     PID.obj (.text:retain)
                  00000d40    000001d8     driverlib-cm4f.lib : sysctl.obj (.text:SysCtlClockGet)
                  00000f18    00000180     rtsv7M4_T_le_v4SPD16_eabi.lib : xfsin.obj (.text)
                  00001098    00000168     PID.obj (.text)
                  00001200    00000144     newpins.obj (.text)
                  00001344    0000013c     driverlib-cm4f.lib : sysctl.obj (.text:SysCtlClockSet)
                  00001480    00000136     rtsv7M4_T_le_v4SPD16_eabi.lib : fd_div_t2.obj (.text)
                  000015b6    00000002     accel.obj (.text:retain)
                  000015b8    00000134     ADCSetup.obj (.text)
                  000016ec    00000124     rtsv7M4_T_le_v4SPD16_eabi.lib : fmodf.obj (.text)
                  00001810    000000fc                                   : fd_mul_t2.obj (.text)
                  0000190c    000000dc     PWMSetup.obj (.text)
                  000019e8    000000c8     driverlib-cm4f.lib : gpio.obj (.text:GPIOPadConfigSet)
                  00001ab0    000000c0     rtsv7M4_T_le_v4SPD16_eabi.lib : xfdscale.obj (.text)
                  00001b70    0000009c                                   : memcpy_t2.obj (.text)
                  00001c0c    00000094                                   : auto_init.obj (.text)
                  00001ca0    0000007e                                   : fd_cmp_t2.obj (.text)
                  00001d1e    0000007c                                   : xfdnorm.obj (.text)
                  00001d9a    00000002     --HOLE-- [fill = 0]
                  00001d9c    00000078     driverlib-cm4f.lib : sysctl.obj (.text:SysCtlPeripheralPresent)
                  00001e14    0000006c                        : adc.obj (.text:ADCSequenceStepConfigure)
                  00001e80    00000068     main.obj (.text)
                  00001ee8    00000064     driverlib-cm4f.lib : interrupt.obj (.text:IntDisable)
                  00001f4c    00000064                        : interrupt.obj (.text:IntEnable)
                  00001fb0    0000005e     rtsv7M4_T_le_v4SPD16_eabi.lib : copy_decompress_rle.obj (.text)
                  0000200e    00000002     --HOLE-- [fill = 0]
                  00002010    00000058     driverlib-cm4f.lib : sysctl.obj (.text:SysCtlPeripheralEnable)
                  00002068    0000004c     rtsv7M4_T_le_v4SPD16_eabi.lib : cpy_tbl.obj (.text)
                  000020b4    0000004a                                   : fd_tos_t2.obj (.text)
                  000020fe    00000002     --HOLE-- [fill = 0]
                  00002100    00000048     driverlib-cm4f.lib : gpio.obj (.text:GPIOPinConfigure)
                  00002148    00000048     ADCSetup.obj (.text:retain)
                  00002190    00000048     rtsv7M4_T_le_v4SPD16_eabi.lib : boot.obj (.text)
                  000021d8    00000044                                   : exit.obj (.text)
                  0000221c    00000042     driverlib-cm4f.lib : uart.obj (.text:UARTConfigSetExpClk)
                  0000225e    00000042     rtsv7M4_T_le_v4SPD16_eabi.lib : u_divt2.obj (.text)
                  000022a0    00000040                                   : signal.obj (.text)
                  000022e0    00000038                                   : fs_tod_t2.obj (.text)
                  00002318    00000034                                   : feraiseexcept.obj (.text)
                  0000234c    00000034                                   : xfdtest.obj (.text)
                  00002380    00000030                                   : xferaise.obj (.text)
                  000023b0    0000002e     driverlib-cm4f.lib : gpio.obj (.text:GPIODirModeSet)
                  000023de    0000002e     rtsv7M4_T_le_v4SPD16_eabi.lib : i_tofd_t2.obj (.text)
                  0000240c    0000002e                                   : raise.obj (.text)
                  0000243a    0000002a     driverlib-cm4f.lib : adc.obj (.text:ADCSequenceConfigure)
                  00002464    00000028                        : timer.obj (.text:TimerConfigure)
                  0000248c    00000024                        : interrupt.obj (.text:IntPrioritySet)
                  000024b0    00000020                        : adc.obj (.text:ADCSequenceDataGet)
                  000024d0    00000020                        : sysctl.obj (.text:SysCtlADCSpeedSet)
                  000024f0    00000020     rtsv7M4_T_le_v4SPD16_eabi.lib : u_tofd_t2.obj (.text)
                  00002510    0000001c     driverlib-cm4f.lib : uart.obj (.text:UARTDisable)
                  0000252c    00000018                        : timer.obj (.text:TimerControlTrigger)
                  00002544    00000018     rtsv7M4_T_le_v4SPD16_eabi.lib : _lock.obj (.text)
                  0000255c    00000018                                   : args_main.obj (.text)
                  00002574    00000014     driverlib-cm4f.lib : uart.obj (.text:UARTEnable)
                  00002588    00000012                        : adc.obj (.text:ADCHardwareOversampleConfigure)
                  0000259a    00000012                        : gpio.obj (.text:GPIOPinTypeADC)
                  000025ac    00000012                        : gpio.obj (.text:GPIOPinTypeGPIOOutput)
                  000025be    00000012                        : gpio.obj (.text:GPIOPinTypeTimer)
                  000025d0    00000012                        : gpio.obj (.text:GPIOPinTypeUART)
                  000025e2    00000012                        : timer.obj (.text:TimerLoadSet)
                  000025f4    00000012                        : timer.obj (.text:TimerMatchSet)
                  00002606    00000012     rtsv7M4_T_le_v4SPD16_eabi.lib : copy_zero_init.obj (.text:decompress:ZI)
                  00002618    00000010     driverlib-cm4f.lib : adc.obj (.text:ADCIntEnable)
                  00002628    00000010                        : uart.obj (.text:UARTCharGetNonBlocking)
                  00002638    00000010                        : uart.obj (.text:UARTCharPutNonBlocking)
                  00002648    0000000e                        : adc.obj (.text:ADCSequenceDisable)
                  00002656    0000000e                        : adc.obj (.text:ADCSequenceEnable)
                  00002664    0000000e                        : timer.obj (.text:TimerEnable)
                  00002672    0000000e     rtsv7M4_T_le_v4SPD16_eabi.lib : copy_decompress_none.obj (.text:decompress:none)
                  00002680    0000000c     driverlib-cm4f.lib : cpu.obj (.text:CPUcpsid)
                  0000268c    0000000c                        : cpu.obj (.text:CPUcpsie)
                  00002698    0000000c                        : uart.obj (.text:UARTCharsAvail)
                  000026a4    0000000c                        : uart.obj (.text:UARTSpaceAvail)
                  000026b0    0000000c     startup_ccs.obj (.text)
                  000026bc    0000000a     driverlib-cm4f.lib : adc.obj (.text:ADCIntClear)
                  000026c6    0000000a                        : gpio.obj (.text:GPIOPinWrite)
                  000026d0    0000000a                        : interrupt.obj (.text:IntMasterDisable)
                  000026da    0000000a                        : interrupt.obj (.text:IntMasterEnable)
                  000026e4    0000000a                        : uart.obj (.text:UARTIntDisable)
                  000026ee    0000000a                        : uart.obj (.text:UARTIntStatus)
                  000026f8    00000008                        : timer.obj (.text:TimerIntEnable)
                  00002700    00000008                        : uart.obj (.text:UARTIntEnable)
                  00002708    00000006                        : sysctl.obj (.text:SysCtlDelay)
                  0000270e    00000006                        : uart.obj (.text:UARTFIFOLevelSet)
                  00002714    00000006     rtsv7M4_T_le_v4SPD16_eabi.lib : copy_decompress_rle.obj (.text:decompress:rle24)
                  0000271a    00000006                                   : sinf.obj (.text)
                  00002720    00000004     driverlib-cm4f.lib : timer.obj (.text:TimerIntClear)
                  00002724    00000004                        : uart.obj (.text:UARTIntClear)

.const     0    00002728    00000292     
                  00002728    0000009c     driverlib-cm4f.lib : interrupt.obj (.const:g_pulRegs)
                  000027c4    00000078                        : gpio.obj (.const:g_pulGPIOBaseAddrs)
                  0000283c    00000070                        : interrupt.obj (.const)
                  000028ac    0000006c                        : sysctl.obj (.const:g_pulXtals)
                  00002918    00000040                        : sysctl.obj (.const)
                  00002958    00000028     rtsv7M4_T_le_v4SPD16_eabi.lib : xfsin.obj (.const)
                  00002980    00000028     uartstdio.obj (.const)
                  000029a8    00000012     uartstdio.obj (.const:.string)

.cinit     0    000029c0    00000068     
                  000029c0    00000043     (.cinit..data.load) [load image, compression = rle]
                  00002a03    00000001     --HOLE-- [fill = 0]
                  00002a04    0000000c     (__TI_handler_table)
                  00002a10    00000008     (.cinit..bss.load) [load image, compression = zero_init]
                  00002a18    00000010     (__TI_cinit_table)

.bss       0    20000000    000004d0     UNINITIALIZED
                  20000000    00000400     uartstdio.obj (.bss:g_pcUARTTxBuffer)
                  20000400    00000080     uartstdio.obj (.bss:g_pcUARTRxBuffer)
                  20000480    00000024     PID.obj (.bss:IController)
                  200004a4    00000024     PID.obj (.bss:LVDTController)
                  200004c8    00000008     uartstdio.obj (.bss)

.data      0    200004d0    00000178     
                  200004d0    000000b0     rtsv7M4_T_le_v4SPD16_eabi.lib : signal.obj (.data:sigtable)
                  20000580    00000068                                   : xfvalues.obj (.data)
                  200005e8    00000018     main.obj (.data)
                  20000600    00000015     uartstdio.obj (.data)
                  20000615    00000003     --HOLE--
                  20000618    00000010     PID.obj (.data)
                  20000628    00000008     rtsv7M4_T_le_v4SPD16_eabi.lib : _lock.obj (.data)
                  20000630    00000008                                   : exit.obj (.data)
                  20000638    00000008                                   : feraiseexcept.obj (.data)
                  20000640    00000004                                   : errno.obj (.data)
                  20000644    00000004                                   : stkdepth_vars.obj (.data)

.stack     0    20000648    00000100     UNINITIALIZED
                  20000648    00000100     --HOLE--


LINKER GENERATED COPY TABLES

__TI_cinit_table @ 00002a18 records: 2, size/record: 8, table size: 16
	.data: load addr=000029c0, load size=00000043 bytes, run addr=200004d0, run size=00000178 bytes, compression=rle
	.bss: load addr=00002a10, load size=00000008 bytes, run addr=20000000, run size=000004d0 bytes, compression=zero_init


LINKER GENERATED HANDLER TABLE

__TI_handler_table @ 00002a04 records: 3, size/record: 4, table size: 12
	index: 0, handler: __TI_decompress_rle24
	index: 1, handler: __TI_decompress_none
	index: 2, handler: __TI_zero_init


GLOBAL SYMBOLS: SORTED ALPHABETICALLY BY Name 

address    name
--------   ----
00002149   ADC0IntHandler
00002165   ADC1IntHandler
00002589   ADCHardwareOversampleConfigure
000026bd   ADCIntClear
00002619   ADCIntEnable
0000243b   ADCSequenceConfigure
000024b1   ADCSequenceDataGet
00002649   ADCSequenceDisable
00002657   ADCSequenceEnable
00001e15   ADCSequenceStepConfigure
000015b9   ADCSetup
000021d9   C$$EXIT
00002681   CPUcpsid
0000268d   CPUcpsie
2000061c   Controller
000023b1   GPIODirModeSet
000019e9   GPIOPadConfigSet
00002101   GPIOPinConfigure
0000259b   GPIOPinTypeADC
000025ad   GPIOPinTypeGPIOOutput
000025bf   GPIOPinTypeTimer
000025d1   GPIOPinTypeUART
000026c7   GPIOPinWrite
20000480   IController
0000111b   IPIDInit
00001ee9   IntDisable
00001f4d   IntEnable
000026d1   IntMasterDisable
000026db   IntMasterEnable
0000248d   IntPrioritySet
200004a4   LVDTController
000010e3   LVDTPIDInit
20000618   LVDTPIDOutput
00001159   PIDInit
00000ab5   PIDIntHandler
00001201   PortFunctionInit
000026b1   ResetISR
UNDEFED    SHT$$INIT_ARRAY$$Base
UNDEFED    SHT$$INIT_ARRAY$$Limit
000024d1   SysCtlADCSpeedSet
00000d41   SysCtlClockGet
00001345   SysCtlClockSet
00002709   SysCtlDelay
00002011   SysCtlPeripheralEnable
00001d9d   SysCtlPeripheralPresent
00002465   TimerConfigure
0000252d   TimerControlTrigger
00002665   TimerEnable
00002721   TimerIntClear
000026f9   TimerIntEnable
000025e3   TimerLoadSet
000025f5   TimerMatchSet
00002629   UARTCharGetNonBlocking
00002639   UARTCharPutNonBlocking
00002699   UARTCharsAvail
0000221d   UARTConfigSetExpClk
00002511   UARTDisable
0000092d   UARTEchoSet
00002575   UARTEnable
0000270f   UARTFIFOLevelSet
000008d5   UARTFlushRx
000008f7   UARTFlushTx
00002725   UARTIntClear
000026e5   UARTIntDisable
00002701   UARTIntEnable
000026ef   UARTIntStatus
0000087b   UARTPeek
00000859   UARTRxBytesAvail
000026a5   UARTSpaceAvail
0000035b   UARTStdioConfig
000003e1   UARTStdioInit
000003f7   UARTStdioInitExpClk
00000959   UARTStdioIntHandler
00000867   UARTTxBytesFree
00000529   UARTgetc
000004ad   UARTgets
00000585   UARTprintf
0000040d   UARTwrite
20000640   _Errno
20000580   _FDenorm
00001d1f   _FDnorm
00001ab1   _FDscale
0000234d   _FDtest
20000590   _FEps
200005a0   _FInf
200005b0   _FNan
200005d0   _FRteps
00000f19   _FSin
200005c0   _FSnan
200005e0   _FXbig
200005e4   _FZero
20000638   _Fenv
00002381   _Feraise
2000063c   _Tls_setup__Fenv
20000748   __STACK_END
00000100   __STACK_SIZE
20000748   __STACK_TOP
00002a18   __TI_CINIT_Base
00002a28   __TI_CINIT_Limit
00002a04   __TI_Handler_Table_Base
00002a10   __TI_Handler_Table_Limit
00000001   __TI_args_main
00001c0d   __TI_auto_init
00002673   __TI_decompress_none
00002715   __TI_decompress_rle24
00000000   __TI_static_base__
00002607   __TI_zero_init
00001ca1   __aeabi_cdcmpeq
00001ca1   __aeabi_cdcmple
000020b5   __aeabi_d2f
00001481   __aeabi_ddiv
00001811   __aeabi_dmul
000022e1   __aeabi_f2d
000023df   __aeabi_i2d
00001b71   __aeabi_memcpy
00001b71   __aeabi_memcpy4
00001b71   __aeabi_memcpy8
000024f1   __aeabi_ui2d
0000225f   __aeabi_uidivmod
ffffffff   __binit__
ffffffff   __c_args__
20000648   __stack
0000255d   _args_main
00002191   _c_int00
20000630   _cleanup_ptr
20000634   _dtors_ptr
20000628   _lock
00002551   _nop
0000254b   _register_lock
00002545   _register_unlock
2000062c   _unlock
000021dd   abort
200005f0   accel
000015b7   accelInt
ffffffff   binit
00002069   copy_in
200005f4   dutyCycle
000021e5   exit
00002319   feraiseexcept
000016ed   fmodf
20000624   freq
00000000   g_pfnVectors
00001e81   main
20000644   main_func_sp
00001b71   memcpy
200005f8   pwmPeriod
00001947   pwmSetDuty
0000190d   pwmSetup
0000240d   raise
00001099   roundNum
200005fc   setPoint
000022a1   signal
0000271b   sinf
20000620   t
200005e8   ulCurrent
200005ec   ulLVDT


GLOBAL SYMBOLS: SORTED BY Symbol Address 

address    name
--------   ----
00000000   __TI_static_base__
00000000   g_pfnVectors
00000001   __TI_args_main
00000100   __STACK_SIZE
0000035b   UARTStdioConfig
000003e1   UARTStdioInit
000003f7   UARTStdioInitExpClk
0000040d   UARTwrite
000004ad   UARTgets
00000529   UARTgetc
00000585   UARTprintf
00000859   UARTRxBytesAvail
00000867   UARTTxBytesFree
0000087b   UARTPeek
000008d5   UARTFlushRx
000008f7   UARTFlushTx
0000092d   UARTEchoSet
00000959   UARTStdioIntHandler
00000ab5   PIDIntHandler
00000d41   SysCtlClockGet
00000f19   _FSin
00001099   roundNum
000010e3   LVDTPIDInit
0000111b   IPIDInit
00001159   PIDInit
00001201   PortFunctionInit
00001345   SysCtlClockSet
00001481   __aeabi_ddiv
000015b7   accelInt
000015b9   ADCSetup
000016ed   fmodf
00001811   __aeabi_dmul
0000190d   pwmSetup
00001947   pwmSetDuty
000019e9   GPIOPadConfigSet
00001ab1   _FDscale
00001b71   __aeabi_memcpy
00001b71   __aeabi_memcpy4
00001b71   __aeabi_memcpy8
00001b71   memcpy
00001c0d   __TI_auto_init
00001ca1   __aeabi_cdcmpeq
00001ca1   __aeabi_cdcmple
00001d1f   _FDnorm
00001d9d   SysCtlPeripheralPresent
00001e15   ADCSequenceStepConfigure
00001e81   main
00001ee9   IntDisable
00001f4d   IntEnable
00002011   SysCtlPeripheralEnable
00002069   copy_in
000020b5   __aeabi_d2f
00002101   GPIOPinConfigure
00002149   ADC0IntHandler
00002165   ADC1IntHandler
00002191   _c_int00
000021d9   C$$EXIT
000021dd   abort
000021e5   exit
0000221d   UARTConfigSetExpClk
0000225f   __aeabi_uidivmod
000022a1   signal
000022e1   __aeabi_f2d
00002319   feraiseexcept
0000234d   _FDtest
00002381   _Feraise
000023b1   GPIODirModeSet
000023df   __aeabi_i2d
0000240d   raise
0000243b   ADCSequenceConfigure
00002465   TimerConfigure
0000248d   IntPrioritySet
000024b1   ADCSequenceDataGet
000024d1   SysCtlADCSpeedSet
000024f1   __aeabi_ui2d
00002511   UARTDisable
0000252d   TimerControlTrigger
00002545   _register_unlock
0000254b   _register_lock
00002551   _nop
0000255d   _args_main
00002575   UARTEnable
00002589   ADCHardwareOversampleConfigure
0000259b   GPIOPinTypeADC
000025ad   GPIOPinTypeGPIOOutput
000025bf   GPIOPinTypeTimer
000025d1   GPIOPinTypeUART
000025e3   TimerLoadSet
000025f5   TimerMatchSet
00002607   __TI_zero_init
00002619   ADCIntEnable
00002629   UARTCharGetNonBlocking
00002639   UARTCharPutNonBlocking
00002649   ADCSequenceDisable
00002657   ADCSequenceEnable
00002665   TimerEnable
00002673   __TI_decompress_none
00002681   CPUcpsid
0000268d   CPUcpsie
00002699   UARTCharsAvail
000026a5   UARTSpaceAvail
000026b1   ResetISR
000026bd   ADCIntClear
000026c7   GPIOPinWrite
000026d1   IntMasterDisable
000026db   IntMasterEnable
000026e5   UARTIntDisable
000026ef   UARTIntStatus
000026f9   TimerIntEnable
00002701   UARTIntEnable
00002709   SysCtlDelay
0000270f   UARTFIFOLevelSet
00002715   __TI_decompress_rle24
0000271b   sinf
00002721   TimerIntClear
00002725   UARTIntClear
00002a04   __TI_Handler_Table_Base
00002a10   __TI_Handler_Table_Limit
00002a18   __TI_CINIT_Base
00002a28   __TI_CINIT_Limit
20000480   IController
200004a4   LVDTController
20000580   _FDenorm
20000590   _FEps
200005a0   _FInf
200005b0   _FNan
200005c0   _FSnan
200005d0   _FRteps
200005e0   _FXbig
200005e4   _FZero
200005e8   ulCurrent
200005ec   ulLVDT
200005f0   accel
200005f4   dutyCycle
200005f8   pwmPeriod
200005fc   setPoint
20000618   LVDTPIDOutput
2000061c   Controller
20000620   t
20000624   freq
20000628   _lock
2000062c   _unlock
20000630   _cleanup_ptr
20000634   _dtors_ptr
20000638   _Fenv
2000063c   _Tls_setup__Fenv
20000640   _Errno
20000644   main_func_sp
20000648   __stack
20000748   __STACK_END
20000748   __STACK_TOP
ffffffff   __binit__
ffffffff   __c_args__
ffffffff   binit
UNDEFED    SHT$$INIT_ARRAY$$Base
UNDEFED    SHT$$INIT_ARRAY$$Limit

[156 symbols]
