******************************************************************************
                  TMS470 Linker PC v4.9.7                      
******************************************************************************
>> Linked Wed May 15 12:13:39 2013

OUTPUT FILE NAME:   <Combined.out>
ENTRY POINT SYMBOL: "_c_int00"  address: 00001bc1


MEMORY CONFIGURATION

         name            origin    length      used     unused   attr    fill
----------------------  --------  ---------  --------  --------  ----  --------
  FLASH                 00000000   00040000  000022ba  0003dd46  R  X
  SRAM                  20000000   00008000  00000610  000079f0  RW X


SEGMENT ALLOCATION MAP

run origin  load origin   length   init length attrs members
----------  ----------- ---------- ----------- ----- -------
00000000    00000000    000022c0   000022c0    r-x
  00000000    00000000    0000026c   0000026c    r-- .intvecs
  0000026c    0000026c    00001d9c   00001d9c    r-x .text
  00002008    00002008    0000026a   0000026a    r-- .const
  00002278    00002278    00000048   00000048    r-- .cinit
20000000    20000000    000005b4   00000000    rw-
  20000000    20000000    000004b4   00000000    rw- .bss
  200004b4    200004b4    00000100   00000000    rw- .stack
200005b4    200005b4    0000005c   0000005c    rw-
  200005b4    200005b4    0000005c   0000005c    rw- .data


SECTION ALLOCATION MAP

 output                                  attributes/
section   page    origin      length       input sections
--------  ----  ----------  ----------   ----------------
.intvecs   0    00000000    0000026c     
                  00000000    0000026c     startup_ccs.obj (.intvecs)

.text      0    0000026c    00001d9c     
                  0000026c    00000848     uartstdio.obj (.text)
                  00000ab4    0000020c     PID.obj (.text:retain)
                  00000cc0    000001d8     driverlib-cm4f.lib : sysctl.obj (.text:SysCtlClockGet)
                  00000e98    000001a4     newpins.obj (.text)
                  0000103c    0000016c     main.obj (.text)
                  000011a8    0000013c     driverlib-cm4f.lib : sysctl.obj (.text:SysCtlClockSet)
                  000012e4    00000134     ADCSetup.obj (.text)
                  00001418    00000114     PID.obj (.text)
                  0000152c    000000dc     PWMSetup.obj (.text)
                  00001608    000000c8     driverlib-cm4f.lib : gpio.obj (.text:GPIOPadConfigSet)
                  000016d0    0000009c     rtsv7M4_T_le_v4SPD16_eabi.lib : memcpy_t2.obj (.text)
                  0000176c    00000094                                   : auto_init.obj (.text)
                  00001800    0000007e                                   : fd_cmp_t2.obj (.text)
                  0000187e    00000002     --HOLE-- [fill = 0]
                  00001880    00000078     driverlib-cm4f.lib : sysctl.obj (.text:SysCtlPeripheralPresent)
                  000018f8    0000006c                        : adc.obj (.text:ADCSequenceStepConfigure)
                  00001964    00000064                        : interrupt.obj (.text:IntDisable)
                  000019c8    00000064                        : interrupt.obj (.text:IntEnable)
                  00001a2c    0000005e     rtsv7M4_T_le_v4SPD16_eabi.lib : copy_decompress_rle.obj (.text)
                  00001a8a    00000002     --HOLE-- [fill = 0]
                  00001a8c    00000058     driverlib-cm4f.lib : sysctl.obj (.text:SysCtlPeripheralEnable)
                  00001ae4    0000004c     rtsv7M4_T_le_v4SPD16_eabi.lib : cpy_tbl.obj (.text)
                  00001b30    00000048     driverlib-cm4f.lib : gpio.obj (.text:GPIOPinConfigure)
                  00001b78    00000048     ADCSetup.obj (.text:retain)
                  00001bc0    00000048     rtsv7M4_T_le_v4SPD16_eabi.lib : boot.obj (.text)
                  00001c08    00000044                                   : exit.obj (.text)
                  00001c4c    00000042     driverlib-cm4f.lib : uart.obj (.text:UARTConfigSetExpClk)
                  00001c8e    00000042     rtsv7M4_T_le_v4SPD16_eabi.lib : u_divt2.obj (.text)
                  00001cd0    0000002e     driverlib-cm4f.lib : gpio.obj (.text:GPIODirModeSet)
                  00001cfe    0000002e     rtsv7M4_T_le_v4SPD16_eabi.lib : i_tofd_t2.obj (.text)
                  00001d2c    0000002a     driverlib-cm4f.lib : adc.obj (.text:ADCSequenceConfigure)
                  00001d56    00000002     --HOLE-- [fill = 0]
                  00001d58    00000028                        : timer.obj (.text:TimerConfigure)
                  00001d80    00000024                        : interrupt.obj (.text:IntPrioritySet)
                  00001da4    00000020                        : adc.obj (.text:ADCSequenceDataGet)
                  00001dc4    00000020                        : sysctl.obj (.text:SysCtlADCSpeedSet)
                  00001de4    0000001c                        : uart.obj (.text:UARTDisable)
                  00001e00    00000018                        : timer.obj (.text:TimerControlTrigger)
                  00001e18    00000018     rtsv7M4_T_le_v4SPD16_eabi.lib : _lock.obj (.text)
                  00001e30    00000018                                   : args_main.obj (.text)
                  00001e48    00000014     driverlib-cm4f.lib : uart.obj (.text:UARTEnable)
                  00001e5c    00000012                        : adc.obj (.text:ADCHardwareOversampleConfigure)
                  00001e6e    00000012                        : gpio.obj (.text:GPIOPinTypeADC)
                  00001e80    00000012                        : gpio.obj (.text:GPIOPinTypeGPIOOutput)
                  00001e92    00000012                        : gpio.obj (.text:GPIOPinTypeSSI)
                  00001ea4    00000012                        : gpio.obj (.text:GPIOPinTypeTimer)
                  00001eb6    00000012                        : gpio.obj (.text:GPIOPinTypeUART)
                  00001ec8    00000012                        : timer.obj (.text:TimerLoadSet)
                  00001eda    00000012                        : timer.obj (.text:TimerMatchSet)
                  00001eec    00000012     rtsv7M4_T_le_v4SPD16_eabi.lib : copy_zero_init.obj (.text:decompress:ZI)
                  00001efe    00000010     driverlib-cm4f.lib : adc.obj (.text:ADCIntEnable)
                  00001f0e    00000010                        : uart.obj (.text:UARTCharGetNonBlocking)
                  00001f1e    00000010                        : uart.obj (.text:UARTCharPutNonBlocking)
                  00001f2e    0000000e                        : adc.obj (.text:ADCSequenceDisable)
                  00001f3c    0000000e                        : adc.obj (.text:ADCSequenceEnable)
                  00001f4a    0000000e                        : timer.obj (.text:TimerEnable)
                  00001f58    0000000e     rtsv7M4_T_le_v4SPD16_eabi.lib : copy_decompress_none.obj (.text:decompress:none)
                  00001f66    0000000c     driverlib-cm4f.lib : cpu.obj (.text:CPUcpsid)
                  00001f72    0000000c                        : cpu.obj (.text:CPUcpsie)
                  00001f7e    0000000c                        : uart.obj (.text:UARTCharsAvail)
                  00001f8a    0000000c                        : uart.obj (.text:UARTSpaceAvail)
                  00001f96    0000000c     startup_ccs.obj (.text)
                  00001fa2    0000000a     driverlib-cm4f.lib : adc.obj (.text:ADCIntClear)
                  00001fac    0000000a                        : gpio.obj (.text:GPIOPinWrite)
                  00001fb6    0000000a                        : interrupt.obj (.text:IntMasterDisable)
                  00001fc0    0000000a                        : interrupt.obj (.text:IntMasterEnable)
                  00001fca    0000000a                        : uart.obj (.text:UARTIntDisable)
                  00001fd4    0000000a                        : uart.obj (.text:UARTIntStatus)
                  00001fde    00000008                        : timer.obj (.text:TimerIntEnable)
                  00001fe6    00000008                        : uart.obj (.text:UARTIntEnable)
                  00001fee    00000006                        : sysctl.obj (.text:SysCtlDelay)
                  00001ff4    00000006                        : uart.obj (.text:UARTFIFOLevelSet)
                  00001ffa    00000006     rtsv7M4_T_le_v4SPD16_eabi.lib : copy_decompress_rle.obj (.text:decompress:rle24)
                  00002000    00000004     driverlib-cm4f.lib : timer.obj (.text:TimerIntClear)
                  00002004    00000004                        : uart.obj (.text:UARTIntClear)

.const     0    00002008    0000026a     
                  00002008    0000009c     driverlib-cm4f.lib : interrupt.obj (.const:g_pulRegs)
                  000020a4    00000078                        : gpio.obj (.const:g_pulGPIOBaseAddrs)
                  0000211c    00000070                        : interrupt.obj (.const)
                  0000218c    0000006c                        : sysctl.obj (.const:g_pulXtals)
                  000021f8    00000040                        : sysctl.obj (.const)
                  00002238    00000028     uartstdio.obj (.const)
                  00002260    00000012     uartstdio.obj (.const:.string)

.cinit     0    00002278    00000048     
                  00002278    0000001d     (.cinit..data.load) [load image, compression = rle]
                  00002295    00000003     --HOLE-- [fill = 0]
                  00002298    0000000c     (__TI_handler_table)
                  000022a4    00000004     --HOLE-- [fill = 0]
                  000022a8    00000008     (.cinit..bss.load) [load image, compression = zero_init]
                  000022b0    00000010     (__TI_cinit_table)

.bss       0    20000000    000004b4     UNINITIALIZED
                  20000000    00000400     uartstdio.obj (.bss:g_pcUARTTxBuffer)
                  20000400    00000080     uartstdio.obj (.bss:g_pcUARTRxBuffer)
                  20000480    00000024     PID.obj (.bss:LVDTController)
                  200004a4    00000008     main.obj (.bss)
                  200004ac    00000008     uartstdio.obj (.bss)

.stack     0    200004b4    00000100     UNINITIALIZED
                  200004b4    00000100     --HOLE--

.data      0    200005b4    0000005c     
                  200005b4    0000001c     PID.obj (.data)
                  200005d0    00000015     uartstdio.obj (.data)
                  200005e5    00000003     --HOLE--
                  200005e8    00000014     main.obj (.data)
                  200005fc    00000008     rtsv7M4_T_le_v4SPD16_eabi.lib : _lock.obj (.data)
                  20000604    00000008                                   : exit.obj (.data)
                  2000060c    00000004                                   : stkdepth_vars.obj (.data)


LINKER GENERATED COPY TABLES

__TI_cinit_table @ 000022b0 records: 2, size/record: 8, table size: 16
	.data: load addr=00002278, load size=0000001d bytes, run addr=200005b4, run size=0000005c bytes, compression=rle
	.bss: load addr=000022a8, load size=00000008 bytes, run addr=20000000, run size=000004b4 bytes, compression=zero_init


LINKER GENERATED HANDLER TABLE

__TI_handler_table @ 00002298 records: 3, size/record: 4, table size: 12
	index: 0, handler: __TI_decompress_rle24
	index: 1, handler: __TI_decompress_none
	index: 2, handler: __TI_zero_init


GLOBAL SYMBOLS: SORTED ALPHABETICALLY BY Name 

address    name
--------   ----
00001b79   ADC0IntHandler
00001b95   ADC1IntHandler
00001e5d   ADCHardwareOversampleConfigure
00001fa3   ADCIntClear
00001eff   ADCIntEnable
00001d2d   ADCSequenceConfigure
00001da5   ADCSequenceDataGet
00001f2f   ADCSequenceDisable
00001f3d   ADCSequenceEnable
000018f9   ADCSequenceStepConfigure
000012e5   ADCSetup
00001c09   C$$EXIT
00001f67   CPUcpsid
00001f73   CPUcpsie
00001cd1   GPIODirModeSet
00001609   GPIOPadConfigSet
00001b31   GPIOPinConfigure
00001e6f   GPIOPinTypeADC
00001e81   GPIOPinTypeGPIOOutput
00001e93   GPIOPinTypeSSI
00001ea5   GPIOPinTypeTimer
00001eb7   GPIOPinTypeUART
00001fad   GPIOPinWrite
00001965   IntDisable
000019c9   IntEnable
00001fb7   IntMasterDisable
00001fc1   IntMasterEnable
00001d81   IntPrioritySet
200005c8   Kd
200005c4   Ki
200005c0   Kp
20000480   LVDTController
00001463   LVDTPIDInit
200005b4   LVDTPIDOutput
00000ab5   PIDIntHandlerLVDT
00000e99   PortFunctionInit
00001f97   ResetISR
UNDEFED    SHT$$INIT_ARRAY$$Base
UNDEFED    SHT$$INIT_ARRAY$$Limit
00001dc5   SysCtlADCSpeedSet
00000cc1   SysCtlClockGet
000011a9   SysCtlClockSet
00001fef   SysCtlDelay
00001a8d   SysCtlPeripheralEnable
00001881   SysCtlPeripheralPresent
00001d59   TimerConfigure
00001e01   TimerControlTrigger
00001f4b   TimerEnable
00002001   TimerIntClear
00001fdf   TimerIntEnable
00001ec9   TimerLoadSet
00001edb   TimerMatchSet
00001f0f   UARTCharGetNonBlocking
00001f1f   UARTCharPutNonBlocking
00001f7f   UARTCharsAvail
00001c4d   UARTConfigSetExpClk
00001de5   UARTDisable
0000092d   UARTEchoSet
00001e49   UARTEnable
00001ff5   UARTFIFOLevelSet
000008d5   UARTFlushRx
000008f7   UARTFlushTx
00002005   UARTIntClear
00001fcb   UARTIntDisable
00001fe7   UARTIntEnable
00001fd5   UARTIntStatus
0000087b   UARTPeek
00000859   UARTRxBytesAvail
00001f8b   UARTSpaceAvail
0000035b   UARTStdioConfig
000003e1   UARTStdioInit
000003f7   UARTStdioInitExpClk
00000959   UARTStdioIntHandler
00000867   UARTTxBytesFree
00000529   UARTgetc
000004ad   UARTgets
00000585   UARTprintf
0000040d   UARTwrite
200005b4   __STACK_END
00000100   __STACK_SIZE
200005b4   __STACK_TOP
000022b0   __TI_CINIT_Base
000022c0   __TI_CINIT_Limit
00002298   __TI_Handler_Table_Base
000022a4   __TI_Handler_Table_Limit
00000001   __TI_args_main
0000176d   __TI_auto_init
00001f59   __TI_decompress_none
00001ffb   __TI_decompress_rle24
00000000   __TI_static_base__
00001eed   __TI_zero_init
00001801   __aeabi_cdcmpeq
00001801   __aeabi_cdcmple
00001cff   __aeabi_i2d
000016d1   __aeabi_memcpy
000016d1   __aeabi_memcpy4
000016d1   __aeabi_memcpy8
00001c8f   __aeabi_uidivmod
ffffffff   __binit__
ffffffff   __c_args__
200004b4   __stack
00001e31   _args_main
00001bc1   _c_int00
20000604   _cleanup_ptr
20000608   _dtors_ptr
200005fc   _lock
00001e25   _nop
00001e1f   _register_lock
00001e19   _register_unlock
20000600   _unlock
00001c0d   abort
ffffffff   binit
00001ae5   copy_in
200005f0   dutyCycle
00001c15   exit
00000000   g_pfnVectors
0000103d   main
2000060c   main_func_sp
200005cc   maxSumError
000016d1   memcpy
200005f4   pwmPeriod
00001567   pwmSetDuty
0000152d   pwmSetup
00001419   round
200005f8   setPoint
200004a4   str
200005bc   sumError
200005e8   ulCurrent
200005ec   ulLVDT
200005b8   yLast


GLOBAL SYMBOLS: SORTED BY Symbol Address 

address    name
--------   ----
00000000   __TI_static_base__
00000000   g_pfnVectors
00000001   __TI_args_main
00000100   __STACK_SIZE
0000035b   UARTStdioConfig
000003e1   UARTStdioInit
000003f7   UARTStdioInitExpClk
0000040d   UARTwrite
000004ad   UARTgets
00000529   UARTgetc
00000585   UARTprintf
00000859   UARTRxBytesAvail
00000867   UARTTxBytesFree
0000087b   UARTPeek
000008d5   UARTFlushRx
000008f7   UARTFlushTx
0000092d   UARTEchoSet
00000959   UARTStdioIntHandler
00000ab5   PIDIntHandlerLVDT
00000cc1   SysCtlClockGet
00000e99   PortFunctionInit
0000103d   main
000011a9   SysCtlClockSet
000012e5   ADCSetup
00001419   round
00001463   LVDTPIDInit
0000152d   pwmSetup
00001567   pwmSetDuty
00001609   GPIOPadConfigSet
000016d1   __aeabi_memcpy
000016d1   __aeabi_memcpy4
000016d1   __aeabi_memcpy8
000016d1   memcpy
0000176d   __TI_auto_init
00001801   __aeabi_cdcmpeq
00001801   __aeabi_cdcmple
00001881   SysCtlPeripheralPresent
000018f9   ADCSequenceStepConfigure
00001965   IntDisable
000019c9   IntEnable
00001a8d   SysCtlPeripheralEnable
00001ae5   copy_in
00001b31   GPIOPinConfigure
00001b79   ADC0IntHandler
00001b95   ADC1IntHandler
00001bc1   _c_int00
00001c09   C$$EXIT
00001c0d   abort
00001c15   exit
00001c4d   UARTConfigSetExpClk
00001c8f   __aeabi_uidivmod
00001cd1   GPIODirModeSet
00001cff   __aeabi_i2d
00001d2d   ADCSequenceConfigure
00001d59   TimerConfigure
00001d81   IntPrioritySet
00001da5   ADCSequenceDataGet
00001dc5   SysCtlADCSpeedSet
00001de5   UARTDisable
00001e01   TimerControlTrigger
00001e19   _register_unlock
00001e1f   _register_lock
00001e25   _nop
00001e31   _args_main
00001e49   UARTEnable
00001e5d   ADCHardwareOversampleConfigure
00001e6f   GPIOPinTypeADC
00001e81   GPIOPinTypeGPIOOutput
00001e93   GPIOPinTypeSSI
00001ea5   GPIOPinTypeTimer
00001eb7   GPIOPinTypeUART
00001ec9   TimerLoadSet
00001edb   TimerMatchSet
00001eed   __TI_zero_init
00001eff   ADCIntEnable
00001f0f   UARTCharGetNonBlocking
00001f1f   UARTCharPutNonBlocking
00001f2f   ADCSequenceDisable
00001f3d   ADCSequenceEnable
00001f4b   TimerEnable
00001f59   __TI_decompress_none
00001f67   CPUcpsid
00001f73   CPUcpsie
00001f7f   UARTCharsAvail
00001f8b   UARTSpaceAvail
00001f97   ResetISR
00001fa3   ADCIntClear
00001fad   GPIOPinWrite
00001fb7   IntMasterDisable
00001fc1   IntMasterEnable
00001fcb   UARTIntDisable
00001fd5   UARTIntStatus
00001fdf   TimerIntEnable
00001fe7   UARTIntEnable
00001fef   SysCtlDelay
00001ff5   UARTFIFOLevelSet
00001ffb   __TI_decompress_rle24
00002001   TimerIntClear
00002005   UARTIntClear
00002298   __TI_Handler_Table_Base
000022a4   __TI_Handler_Table_Limit
000022b0   __TI_CINIT_Base
000022c0   __TI_CINIT_Limit
20000480   LVDTController
200004a4   str
200004b4   __stack
200005b4   LVDTPIDOutput
200005b4   __STACK_END
200005b4   __STACK_TOP
200005b8   yLast
200005bc   sumError
200005c0   Kp
200005c4   Ki
200005c8   Kd
200005cc   maxSumError
200005e8   ulCurrent
200005ec   ulLVDT
200005f0   dutyCycle
200005f4   pwmPeriod
200005f8   setPoint
200005fc   _lock
20000600   _unlock
20000604   _cleanup_ptr
20000608   _dtors_ptr
2000060c   main_func_sp
ffffffff   __binit__
ffffffff   __c_args__
ffffffff   binit
UNDEFED    SHT$$INIT_ARRAY$$Base
UNDEFED    SHT$$INIT_ARRAY$$Limit

[130 symbols]
